Component: ARM Compiler 5.06 update 4 (build 422) Tool: armlink [4d35d2]

==============================================================================

Section Cross References

    gd32f30x_it.o(i.EXTI10_15_IRQHandler) refers to gd32f30x_exti.o(i.exti_interrupt_flag_get) for exti_interrupt_flag_get
    gd32f30x_it.o(i.EXTI10_15_IRQHandler) refers to gd32f30x_exti.o(i.exti_interrupt_flag_clear) for exti_interrupt_flag_clear
    gd32f30x_it.o(i.EXTI10_15_IRQHandler) refers to app_exti.o(i.joggle_delay) for joggle_delay
    gd32f30x_it.o(i.EXTI10_15_IRQHandler) refers to gd32f30x_gpio.o(i.gpio_input_bit_get) for gpio_input_bit_get
    gd32f30x_it.o(i.EXTI10_15_IRQHandler) refers to global.o(.data) for g_exti_luobei_position_flag
    gd32f30x_it.o(i.EXTI5_9_IRQHandler) refers to gd32f30x_exti.o(i.exti_interrupt_flag_get) for exti_interrupt_flag_get
    gd32f30x_it.o(i.EXTI5_9_IRQHandler) refers to gd32f30x_exti.o(i.exti_interrupt_flag_clear) for exti_interrupt_flag_clear
    gd32f30x_it.o(i.EXTI5_9_IRQHandler) refers to app_exti.o(i.joggle_delay) for joggle_delay
    gd32f30x_it.o(i.EXTI5_9_IRQHandler) refers to gd32f30x_gpio.o(i.gpio_input_bit_get) for gpio_input_bit_get
    gd32f30x_it.o(i.EXTI5_9_IRQHandler) refers to app_exti.o(i.trige_count) for trige_count
    gd32f30x_it.o(i.EXTI5_9_IRQHandler) refers to bldc.o(i.water_motor_stop) for water_motor_stop
    gd32f30x_it.o(i.EXTI5_9_IRQHandler) refers to global.o(.data) for luobei_retry
    gd32f30x_it.o(i.RTC_IRQHandler) refers to gd32f30x_rtc.o(i.rtc_flag_get) for rtc_flag_get
    gd32f30x_it.o(i.RTC_IRQHandler) refers to gd32f30x_rtc.o(i.rtc_flag_clear) for rtc_flag_clear
    gd32f30x_it.o(i.RTC_IRQHandler) refers to gd32f30x_rtc.o(i.rtc_lwoff_wait) for rtc_lwoff_wait
    gd32f30x_it.o(i.RTC_IRQHandler) refers to gd32f30x_rtc.o(i.rtc_counter_get) for rtc_counter_get
    gd32f30x_it.o(i.RTC_IRQHandler) refers to gd32f30x_rtc.o(i.rtc_counter_set) for rtc_counter_set
    gd32f30x_it.o(i.RTC_IRQHandler) refers to rtc.o(.data) for timedisplay
    gd32f30x_it.o(i.SysTick_Handler) refers to timeflag.o(i.periodTask_1ms) for periodTask_1ms
    gd32f30x_it.o(i.SysTick_Handler) refers to systick.o(i.delay_decrement) for delay_decrement
    gd32f30x_it.o(i.SysTick_Handler) refers to timeflag.o(i.check_enzyme_timer) for check_enzyme_timer
    gd32f30x_it.o(i.SysTick_Handler) refers to timeflag.o(i.check_qubei_timer) for check_qubei_timer
    gd32f30x_it.o(i.SysTick_Handler) refers to timeflag.o(i.check_position_error_timer) for check_position_error_timer
    gd32f30x_it.o(i.SysTick_Handler) refers to timeflag.o(i.check_temperature_error_timer) for check_temperature_error_timer
    gd32f30x_it.o(i.SysTick_Handler) refers to timeflag.o(i.check_jiazhu_error_timer) for check_jiazhu_error_timer
    gd32f30x_it.o(i.SysTick_Handler) refers to global.o(.data) for state_enzyme_count_running
    gd32f30x_it.o(i.USART1_IRQHandler) refers to gd32f30x_usart.o(i.usart_interrupt_flag_get) for usart_interrupt_flag_get
    gd32f30x_it.o(i.USART1_IRQHandler) refers to gd32f30x_usart.o(i.usart_data_receive) for usart_data_receive
    gd32f30x_it.o(i.USART1_IRQHandler) refers to memcpya.o(.text) for __aeabi_memcpy
    gd32f30x_it.o(i.USART1_IRQHandler) refers to debug.o(.data) for debug_rx_counter
    gd32f30x_it.o(i.USART2_IRQHandler) refers to gd32f30x_usart.o(i.usart_interrupt_flag_get) for usart_interrupt_flag_get
    gd32f30x_it.o(i.USART2_IRQHandler) refers to gd32f30x_usart.o(i.usart_interrupt_flag_clear) for usart_interrupt_flag_clear
    gd32f30x_it.o(i.USART2_IRQHandler) refers to gd32f30x_usart.o(i.usart_data_receive) for usart_data_receive
    gd32f30x_it.o(i.USART2_IRQHandler) refers to memcpya.o(.text) for __aeabi_memcpy
    gd32f30x_it.o(i.USART2_IRQHandler) refers to memseta.o(.text) for __aeabi_memclr
    gd32f30x_it.o(i.USART2_IRQHandler) refers to usart2.o(.data) for rx_counter
    gd32f30x_it.o(i.USART2_IRQHandler) refers to usart2.o(.bss) for rx_buffer
    main.o(i.fputc) refers to gd32f30x_usart.o(i.usart_data_transmit) for usart_data_transmit
    main.o(i.fputc) refers to gd32f30x_usart.o(i.usart_flag_get) for usart_flag_get
    main.o(i.main) refers to systick.o(i.systick_config) for systick_config
    main.o(i.main) refers to hard_ware.o(i.hardware_config) for hardware_config
    main.o(i.main) refers to ebike.o(i.beep_off) for beep_off
    main.o(i.main) refers to rtc.o(i.rtc_init) for rtc_init
    main.o(i.main) refers to gd32f30x_rcu.o(i.rcu_all_reset_flag_clear) for rcu_all_reset_flag_clear
    main.o(i.main) refers to app_exti.o(i.luobei_exti_init) for luobei_exti_init
    main.o(i.main) refers to app_exti.o(i.protect_exit_init) for protect_exit_init
    main.o(i.main) refers to app_exti.o(i.velocity_exti_init) for velocity_exti_init
    main.o(i.main) refers to app_exti.o(i.position1_exit_init) for position1_exit_init
    main.o(i.main) refers to app_exti.o(i.position2_exit_init) for position2_exit_init
[...]
    i.nvic_config                            0x08003f4a   Section        0  hard_ware.o(i.nvic_config)
    nvic_config                              0x08003f4b   Thumb Code    42  hard_ware.o(i.nvic_config)
    i.nvic_irq_enable                        0x08003f74   Section        0  gd32f30x_misc.o(i.nvic_irq_enable)
    i.nvic_priority_group_set                0x08004038   Section        0  gd32f30x_misc.o(i.nvic_priority_group_set)
    i.oled_io_init                           0x0800404c   Section        0  oled.o(i.oled_io_init)
    i.periodTask_1ms                         0x0800408c   Section        0  timeflag.o(i.periodTask_1ms)
    i.pmu_backup_write_enable                0x08004148   Section        0  gd32f30x_pmu.o(i.pmu_backup_write_enable)
    i.position1_exit_init                    0x0800415c   Section        0  app_exti.o(i.position1_exit_init)
    i.position2_exit_init                    0x080041a8   Section        0  app_exti.o(i.position2_exit_init)
    i.position3_exit_init                    0x080041f4   Section        0  app_exti.o(i.position3_exit_init)
    i.position_error_timer_clear             0x08004240   Section        0  timeflag.o(i.position_error_timer_clear)
    i.position_error_timer_start             0x08004254   Section        0  timeflag.o(i.position_error_timer_start)
    i.protect_exit_init                      0x08004278   Section        0  app_exti.o(i.protect_exit_init)
    i.qubei_timer_init                       0x080042c0   Section        0  timeflag.o(i.qubei_timer_init)
    i.rcu_adc_clock_config                   0x080042dc   Section        0  gd32f30x_rcu.o(i.rcu_adc_clock_config)
    i.rcu_all_reset_flag_clear               0x08004348   Section        0  gd32f30x_rcu.o(i.rcu_all_reset_flag_clear)
    i.rcu_bkp_reset_disable                  0x0800435c   Section        0  gd32f30x_rcu.o(i.rcu_bkp_reset_disable)
    i.rcu_bkp_reset_enable                   0x08004370   Section        0  gd32f30x_rcu.o(i.rcu_bkp_reset_enable)
    i.rcu_clock_freq_get                     0x08004384   Section        0  gd32f30x_rcu.o(i.rcu_clock_freq_get)
    i.rcu_config                             0x080044dc   Section        0  hard_ware.o(i.rcu_config)
    rcu_config                               0x080044dd   Thumb Code    58  hard_ware.o(i.rcu_config)
    i.rcu_flag_get                           0x08004518   Section        0  gd32f30x_rcu.o(i.rcu_flag_get)
    i.rcu_osci_on                            0x0800453c   Section        0  gd32f30x_rcu.o(i.rcu_osci_on)
    i.rcu_osci_stab_wait                     0x0800455c   Section        0  gd32f30x_rcu.o(i.rcu_osci_stab_wait)
    i.rcu_periph_clock_enable                0x0800466c   Section        0  gd32f30x_rcu.o(i.rcu_periph_clock_enable)
    i.rcu_periph_reset_disable               0x0800468c   Section        0  gd32f30x_rcu.o(i.rcu_periph_reset_disable)
    i.rcu_periph_reset_enable                0x080046ac   Section        0  gd32f30x_rcu.o(i.rcu_periph_reset_enable)
    i.rcu_rtc_clock_config                   0x080046cc   Section        0  gd32f30x_rcu.o(i.rcu_rtc_clock_config)
    i.read_chubei_position_switch            0x080046e4   Section        0  ebike.o(i.read_chubei_position_switch)
    i.read_luobei_position_switch            0x08004700   Section        0  ebike.o(i.read_luobei_position_switch)
    i.read_qibei_position_switch             0x0800471c   Section        0  ebike.o(i.read_qibei_position_switch)
    i.read_zhushui_position_switch           0x08004734   Section        0  ebike.o(i.read_zhushui_position_switch)
    i.rtc_configuration                      0x08004750   Section        0  rtc.o(i.rtc_configuration)
    i.rtc_configuration_mode_enter           0x080047a8   Section        0  gd32f30x_rtc.o(i.rtc_configuration_mode_enter)
    i.rtc_configuration_mode_exit            0x080047bc   Section        0  gd32f30x_rtc.o(i.rtc_configuration_mode_exit)
    i.rtc_counter_get                        0x080047d0   Section        0  gd32f30x_rtc.o(i.rtc_counter_get)
    i.rtc_counter_set                        0x080047e4   Section        0  gd32f30x_rtc.o(i.rtc_counter_set)
    i.rtc_flag_clear                         0x08004804   Section        0  gd32f30x_rtc.o(i.rtc_flag_clear)
    i.rtc_flag_get                           0x08004814   Section        0  gd32f30x_rtc.o(i.rtc_flag_get)
    i.rtc_init                               0x0800482c   Section        0  rtc.o(i.rtc_init)
    i.rtc_interrupt_enable                   0x08004974   Section        0  gd32f30x_rtc.o(i.rtc_interrupt_enable)
    i.rtc_lwoff_wait                         0x08004984   Section        0  gd32f30x_rtc.o(i.rtc_lwoff_wait)
    i.rtc_prescaler_set                      0x08004998   Section        0  gd32f30x_rtc.o(i.rtc_prescaler_set)
    i.rtc_register_sync_wait                 0x080049b8   Section        0  gd32f30x_rtc.o(i.rtc_register_sync_wait)
    i.step_motor_init                        0x080049d8   Section        0  step_motor.o(i.step_motor_init)
    i.step_motor_move_forward                0x08004a54   Section        0  step_motor.o(i.step_motor_move_forward)
    i.step_motor_move_reverse                0x08004ad8   Section        0  step_motor.o(i.step_motor_move_reverse)
    i.step_motor_move_stop                   0x08004b5c   Section        0  step_motor.o(i.step_motor_move_stop)
    i.system_clock_120m_hxtal                0x08004b68   Section        0  system_gd32f30x.o(i.system_clock_120m_hxtal)
    system_clock_120m_hxtal                  0x08004b69   Thumb Code   258  system_gd32f30x.o(i.system_clock_120m_hxtal)
    i.system_clock_config                    0x08004c7c   Section        0  system_gd32f30x.o(i.system_clock_config)
    system_clock_config                      0x08004c7d   Thumb Code     8  system_gd32f30x.o(i.system_clock_config)
    i.systick_config                         0x08004c84   Section        0  systick.o(i.systick_config)
    i.temperature_error_timer_clear          0x08004cd4   Section        0  timeflag.o(i.temperature_error_timer_clear)
    i.temperature_error_timer_start          0x08004ce8   Section        0  timeflag.o(i.temperature_error_timer_start)
    i.time_adjust                            0x08004d14   Section        0  rtc.o(i.time_adjust)
    i.time_display                           0x08004d3c   Section        0  rtc.o(i.time_display)
    i.time_show                              0x08004da0   Section        0  rtc.o(i.time_show)
    i.timer7_config                          0x08004dc0   Section        0  hard_ware.o(i.timer7_config)
    i.timer_auto_reload_shadow_enable        0x08004e7c   Section        0  gd32f30x_timer.o(i.timer_auto_reload_shadow_enable)
    i.timer_channel_output_config            0x08004e88   Section        0  gd32f30x_timer.o(i.timer_channel_output_config)
    i.timer_channel_output_mode_config       0x08005074   Section        0  gd32f30x_timer.o(i.timer_channel_output_mode_config)
    i.timer_channel_output_pulse_value_config 0x080050ce   Section        0  gd32f30x_timer.o(i.timer_channel_output_pulse_value_config)
    i.timer_channel_output_shadow_config     0x080050f4   Section        0  gd32f30x_timer.o(i.timer_channel_output_shadow_config)
    i.timer_deinit                           0x08005150   Section        0  gd32f30x_timer.o(i.timer_deinit)
    i.timer_enable                           0x0800522c   Section        0  gd32f30x_timer.o(i.timer_enable)
    i.timer_init                             0x08005238   Section        0  gd32f30x_timer.o(i.timer_init)
    i.timer_primary_output_config            0x080052d0   Section        0  gd32f30x_timer.o(i.timer_primary_output_config)
    i.trige_count                            0x080052e8   Section        0  app_exti.o(i.trige_count)
    i.usart2_data_transfer                   0x08005304   Section        0  usart2.o(i.usart2_data_transfer)
    i.usart2_init                            0x08005334   Section        0  usart2.o(i.usart2_init)
    i.usart_baudrate_set                     0x080053d8   Section        0  gd32f30x_usart.o(i.usart_baudrate_set)
    i.usart_data_receive                     0x08005468   Section        0  gd32f30x_usart.o(i.usart_data_receive)
    i.usart_data_transmit                    0x08005472   Section        0  gd32f30x_usart.o(i.usart_data_transmit)
    i.usart_deinit                           0x0800547c   Section        0  gd32f30x_usart.o(i.usart_deinit)
    i.usart_enable                           0x0800550c   Section        0  gd32f30x_usart.o(i.usart_enable)
    i.usart_flag_clear                       0x08005516   Section        0  gd32f30x_usart.o(i.usart_flag_clear)
    i.usart_flag_get                         0x08005530   Section        0  gd32f30x_usart.o(i.usart_flag_get)
    i.usart_hardware_flow_cts_config         0x0800554e   Section        0  gd32f30x_usart.o(i.usart_hardware_flow_cts_config)
    i.usart_hardware_flow_rts_config         0x0800555e   Section        0  gd32f30x_usart.o(i.usart_hardware_flow_rts_config)
    i.usart_interrupt_enable                 0x0800556e   Section        0  gd32f30x_usart.o(i.usart_interrupt_enable)
    i.usart_interrupt_flag_clear             0x08005588   Section        0  gd32f30x_usart.o(i.usart_interrupt_flag_clear)
    i.usart_interrupt_flag_get               0x080055a2   Section        0  gd32f30x_usart.o(i.usart_interrupt_flag_get)
    i.usart_parity_config                    0x080055da   Section        0  gd32f30x_usart.o(i.usart_parity_config)
    i.usart_receive_config                   0x080055ea   Section        0  gd32f30x_usart.o(i.usart_receive_config)
    i.usart_stop_bit_set                     0x080055fa   Section        0  gd32f30x_usart.o(i.usart_stop_bit_set)
    i.usart_transmit_config                  0x0800560a   Section        0  gd32f30x_usart.o(i.usart_transmit_config)
    i.usart_word_length_set                  0x0800561a   Section        0  gd32f30x_usart.o(i.usart_word_length_set)
    i.utils_sample_init                      0x0800562c   Section        0  utils.o(i.utils_sample_init)
    i.velocity_exti_init                     0x08005668   Section        0  app_exti.o(i.velocity_exti_init)
    i.water_motor_init                       0x080056b4   Section        0  bldc.o(i.water_motor_init)
    i.water_motor_start                      0x080056dc   Section        0  bldc.o(i.water_motor_start)
    i.water_motor_stop                       0x080056f0   Section        0  bldc.o(i.water_motor_stop)
    i.work_loop                              0x08005704   Section        0  global.o(i.work_loop)
    .constdata                               0x08005bd8   Section      180  lcd.o(.constdata)
    __FUNCTION__                             0x08005bd8   Data          13  lcd.o(.constdata)
    __FUNCTION__                             0x08005be5   Data          25  lcd.o(.constdata)
    __FUNCTION__                             0x08005bfe   Data          24  lcd.o(.constdata)
    __FUNCTION__                             0x08005c16   Data          24  lcd.o(.constdata)
    __FUNCTION__                             0x08005c2e   Data          24  lcd.o(.constdata)
    __FUNCTION__                             0x08005c46   Data          23  lcd.o(.constdata)
    __FUNCTION__                             0x08005c5d   Data          27  lcd.o(.constdata)
    __FUNCTION__                             0x08005c78   Data          20  lcd.o(.constdata)
    .data                                    0x20000000   Section        5  systick.o(.data)
    systick_update_flag                      0x20000004   Data           1  systick.o(.data)
    .data                                    0x20000008   Section       46  global.o(.data)
    .data                                    0x20000036   Section       16  debug.o(.data)
    .data                                    0x20000048   Section       12  flash.o(.data)
    .data                                    0x20000054   Section        4  key.o(.data)
    yb                                       0x20000054   Data           1  key.o(.data)
    t1                                       0x20000055   Data           1  key.o(.data)
    t2                                       0x20000056   Data           1  key.o(.data)
    fz                                       0x20000057   Data           1  key.o(.data)
    .data                                    0x20000058   Section       38  timeflag.o(.data)
    g_rCounter_5ms                           0x20000058   Data           2  timeflag.o(.data)
    g_rCounter_20ms                          0x2000005a   Data           2  timeflag.o(.data)
    g_rCounter_50ms                          0x2000005c   Data           2  timeflag.o(.data)
    g_rCounter_500ms                         0x2000005e   Data           2  timeflag.o(.data)
    g_rCounter_100ms                         0x20000060   Data           2  timeflag.o(.data)
    g_rCounter_1s                            0x20000062   Data           2  timeflag.o(.data)
    g_rCounter_enzyme                        0x20000064   Data           2  timeflag.o(.data)
    g_rCounter_qubei                         0x20000068   Data           4  timeflag.o(.data)
    g_rCounter_position_error                0x2000006c   Data           4  timeflag.o(.data)
    g_rCounter_temperature_error             0x20000070   Data           4  timeflag.o(.data)
    g_rCounter_jiazhu_error                  0x20000074   Data           4  timeflag.o(.data)
    .data                                    0x2000007e   Section        8  usart2.o(.data)
    .data                                    0x20000088   Section        8  ebike.o(.data)
    .data                                    0x20000090   Section        8  app_exti.o(.data)
    delay_joggle                             0x20000090   Data           2  app_exti.o(.data)
    .data                                    0x20000098   Section        5  step_motor.o(.data)
    motor_steps                              0x20000098   Data           4  step_motor.o(.data)
    step                                     0x2000009c   Data           1  step_motor.o(.data)
    .data                                    0x200000a0   Section        8  rtc.o(.data)
    .data                                    0x200000a8   Section        3  lcd.o(.data)
    sg_lcd_stage                             0x200000a8   Data           1  lcd.o(.data)
    sg_lcd_status                            0x200000a9   Data           1  lcd.o(.data)
    next_warnning                            0x200000aa   Data           1  lcd.o(.data)
    .data                                    0x200000ac   Section        4  system_gd32f30x.o(.data)
    .data                                    0x200000b0   Section        4  stdout.o(.data)
    .data                                    0x200000b4   Section        4  mvars.o(.data)
    .data                                    0x200000b8   Section        4  mvars.o(.data)
    .bss                                     0x200000bc   Section       24  flash.o(.bss)
    .bss                                     0x200000d4   Section      256  usart2.o(.bss)
    .bss                                     0x200001d4   Section      320  utils.o(.bss)
    .bss                                     0x20000314   Section       40  ebike.o(.bss)
    HEAP                                     0x20000340   Section     1024  startup_gd32f30x_hd.o(HEAP)
    STACK                                    0x20000740   Section     1024  startup_gd32f30x_hd.o(STACK)

    Global Symbols

    Symbol Name                              Value     Ov Type        Size  Object(Section)

    BuildAttributes$$THM_ISAv4$E$P$D$K$B$S$7EM$VFPi3$EXTD16$VFPS$VFMA$PE$A:L22UL41UL21$X:L11$S22US41US21$IEEE1$IW$USESV6$~STKCKD$USESV7$~SHL$OTIME$ROPI$IEEEX$EBA8$MICROLIB$REQ8$PRES8$EABIv2 0x00000000   Number         0  anon$$obj.o ABSOLUTE
    __ARM_use_no_argv                        0x00000000   Number         0  main.o ABSOLUTE
    _printf_a                                0x00000000   Number         0  stubs.o ABSOLUTE
    _printf_c                                0x00000000   Number         0  stubs.o ABSOLUTE
    _printf_charcount                        0x00000000   Number         0  stubs.o ABSOLUTE
    _printf_d                                0x00000000   Number         0  stubs.o ABSOLUTE
    _printf_e                                0x00000000   Number         0  stubs.o ABSOLUTE
    _printf_f                                0x00000000   Number         0  stubs.o ABSOLUTE
    _printf_flags                            0x00000000   Number         0  stubs.o ABSOLUTE
    _printf_fp_dec                           0x00000000   Number         0  stubs.o ABSOLUTE
    _printf_fp_hex                           0x00000000   Number         0  stubs.o ABSOLUTE
    _printf_g                                0x00000000   Number         0  stubs.o ABSOLUTE
    _printf_i                                0x00000000   Number         0  stubs.o ABSOLUTE
    _printf_int_dec                          0x00000000   Number         0  stubs.o ABSOLUTE
    _printf_l                                0x00000000   Number         0  stubs.o ABSOLUTE
    _printf_lc                               0x00000000   Number         0  stubs.o ABSOLUTE
    _printf_ll                               0x00000000   Number         0  stubs.o ABSOLUTE
    _printf_lld                              0x00000000   Number         0  stubs.o ABSOLUTE
    _printf_lli                              0x00000000   Number         0  stubs.o ABSOLUTE
    _printf_llo                              0x00000000   Number         0  stubs.o ABSOLUTE
    _printf_llu                              0x00000000   Number         0  stubs.o ABSOLUTE
    _printf_llx                              0x00000000   Number         0  stubs.o ABSOLUTE
    _printf_longlong_dec                     0x00000000   Number         0  stubs.o ABSOLUTE
    _printf_longlong_hex                     0x00000000   Number         0  stubs.o ABSOLUTE
    _printf_longlong_oct                     0x00000000   Number         0  stubs.o ABSOLUTE
    _printf_ls                               0x00000000   Number         0  stubs.o ABSOLUTE
    _printf_mbtowc                           0x00000000   Number         0  stubs.o ABSOLUTE
    _printf_n                                0x00000000   Number         0  stubs.o ABSOLUTE
    _printf_o                                0x00000000   Number         0  stubs.o ABSOLUTE
    _printf_p                                0x00000000   Number         0  stubs.o ABSOLUTE
    _printf_percent                          0x00000000   Number         0  stubs.o ABSOLUTE
    _printf_pre_padding                      0x00000000   Number         0  stubs.o ABSOLUTE
    _printf_return_value                     0x00000000   Number         0  stubs.o ABSOLUTE
    _printf_s                                0x00000000   Number         0  stubs.o ABSOLUTE
    _printf_sizespec                         0x00000000   Number         0  stubs.o ABSOLUTE
    _printf_str                              0x00000000   Number         0  stubs.o ABSOLUTE
    _printf_truncate_signed                  0x00000000   Number         0  stubs.o ABSOLUTE
    _printf_truncate_unsigned                0x00000000   Number         0  stubs.o ABSOLUTE
    _printf_u                                0x00000000   Number         0  stubs.o ABSOLUTE
    _printf_wc                               0x00000000   Number         0  stubs.o ABSOLUTE
    _printf_wctomb                           0x00000000   Number         0  stubs.o ABSOLUTE
    _printf_widthprec                        0x00000000   Number         0  stubs.o ABSOLUTE
    _printf_x                                0x00000000   Number         0  stubs.o ABSOLUTE
    __cpp_initialize__aeabi_                  - Undefined Weak Reference
    __cxa_finalize                            - Undefined Weak Reference
    __decompress                              - Undefined Weak Reference
    _clock_init                               - Undefined Weak Reference
    _microlib_exit                            - Undefined Weak Reference
    __Vectors_Size                           0x00000130   Number         0  startup_gd32f30x_hd.o ABSOLUTE
    __Vectors                                0x08000000   Data           4  startup_gd32f30x_hd.o(RESET)
    __Vectors_End                            0x08000130   Data           0  startup_gd32f30x_hd.o(RESET)
    __main                                   0x08000131   Thumb Code     0  entry.o(.ARM.Collect$$$$00000000)
    _main_stk                                0x08000131   Thumb Code     0  entry2.o(.ARM.Collect$$$$00000001)
    _main_scatterload                        0x08000135   Thumb Code     0  entry5.o(.ARM.Collect$$$$00000004)
    __main_after_scatterload                 0x08000139   Thumb Code     0  entry5.o(.ARM.Collect$$$$00000004)
    _main_clock                              0x08000139   Thumb Code     0  entry7b.o(.ARM.Collect$$$$00000008)
    _main_cpp_init                           0x08000139   Thumb Code     0  entry8b.o(.ARM.Collect$$$$0000000A)
    _main_init                               0x08000139   Thumb Code     0  entry9a.o(.ARM.Collect$$$$0000000B)
    __rt_final_cpp                           0x08000141   Thumb Code     0  entry10a.o(.ARM.Collect$$$$0000000D)
    __rt_final_exit                          0x08000141   Thumb Code     0  entry11a.o(.ARM.Collect$$$$0000000F)
    Reset_Handler                            0x08000145   Thumb Code     8  startup_gd32f30x_hd.o(.text)
    ADC0_1_IRQHandler                        0x0800015f   Thumb Code     0  startup_gd32f30x_hd.o(.text)
    ADC2_IRQHandler                          0x0800015f   Thumb Code     0  startup_gd32f30x_hd.o(.text)
    CAN0_EWMC_IRQHandler                     0x0800015f   Thumb Code     0  startup_gd32f30x_hd.o(.text)
    CAN0_RX1_IRQHandler                      0x0800015f   Thumb Code     0  startup_gd32f30x_hd.o(.text)
    DMA0_Channel0_IRQHandler                 0x0800015f   Thumb Code     0  startup_gd32f30x_hd.o(.text)
    DMA0_Channel1_IRQHandler                 0x0800015f   Thumb Code     0  startup_gd32f30x_hd.o(.text)
    DMA0_Channel2_IRQHandler                 0x0800015f   Thumb Code     0  startup_gd32f30x_hd.o(.text)
    DMA0_Channel3_IRQHandler                 0x0800015f   Thumb Code     0  startup_gd32f30x_hd.o(.text)
    DMA0_Channel4_IRQHandler                 0x0800015f   Thumb Code     0  startup_gd32f30x_hd.o(.text)
    DMA0_Channel5_IRQHandler                 0x0800015f   Thumb Code     0  startup_gd32f30x_hd.o(.text)
    DMA0_Channel6_IRQHandler                 0x0800015f   Thumb Code     0  startup_gd32f30x_hd.o(.text)
    DMA1_Channel0_IRQHandler                 0x0800015f   Thumb Code     0  startup_gd32f30x_hd.o(.text)
    DMA1_Channel1_IRQHandler                 0x0800015f   Thumb Code     0  startup_gd32f30x_hd.o(.text)
    DMA1_Channel2_IRQHandler                 0x0800015f   Thumb Code     0  startup_gd32f30x_hd.o(.text)
    DMA1_Channel3_4_IRQHandler               0x0800015f   Thumb Code     0  startup_gd32f30x_hd.o(.text)
    EXMC_IRQHandler                          0x0800015f   Thumb Code     0  startup_gd32f30x_hd.o(.text)
    EXTI0_IRQHandler                         0x0800015f   Thumb Code     0  startup_gd32f30x_hd.o(.text)
    EXTI1_IRQHandler                         0x0800015f   Thumb Code     0  startup_gd32f30x_hd.o(.text)
    EXTI2_IRQHandler                         0x0800015f   Thumb Code     0  startup_gd32f30x_hd.o(.text)
    EXTI3_IRQHandler                         0x0800015f   Thumb Code     0  startup_gd32f30x_hd.o(.text)
    EXTI4_IRQHandler                         0x0800015f   Thumb Code     0  startup_gd32f30x_hd.o(.text)
    FMC_IRQHandler                           0x0800015f   Thumb Code     0  startup_gd32f30x_hd.o(.text)
    I2C0_ER_IRQHandler                       0x0800015f   Thumb Code     0  startup_gd32f30x_hd.o(.text)
    I2C0_EV_IRQHandler                       0x0800015f   Thumb Code     0  startup_gd32f30x_hd.o(.text)
    I2C1_ER_IRQHandler                       0x0800015f   Thumb Code     0  startup_gd32f30x_hd.o(.text)
    I2C1_EV_IRQHandler                       0x0800015f   Thumb Code     0  startup_gd32f30x_hd.o(.text)
    LVD_IRQHandler                           0x0800015f   Thumb Code     0  startup_gd32f30x_hd.o(.text)
    RCU_CTC_IRQHandler                       0x0800015f   Thumb Code     0  startup_gd32f30x_hd.o(.text)
    RTC_Alarm_IRQHandler                     0x0800015f   Thumb Code     0  startup_gd32f30x_hd.o(.text)
    SDIO_IRQHandler                          0x0800015f   Thumb Code     0  startup_gd32f30x_hd.o(.text)
    SPI0_IRQHandler                          0x0800015f   Thumb Code     0  startup_gd32f30x_hd.o(.text)
    SPI1_IRQHandler                          0x0800015f   Thumb Code     0  startup_gd32f30x_hd.o(.text)
    SPI2_IRQHandler                          0x0800015f   Thumb Code     0  startup_gd32f30x_hd.o(.text)
    TAMPER_IRQHandler                        0x0800015f   Thumb Code     0  startup_gd32f30x_hd.o(.text)
    TIMER0_BRK_IRQHandler                    0x0800015f   Thumb Code     0  startup_gd32f30x_hd.o(.text)
    TIMER0_Channel_IRQHandler                0x0800015f   Thumb Code     0  startup_gd32f30x_hd.o(.text)
    TIMER0_TRG_CMT_IRQHandler                0x0800015f   Thumb Code     0  startup_gd32f30x_hd.o(.text)
    TIMER0_UP_IRQHandler                     0x0800015f   Thumb Code     0  startup_gd32f30x_hd.o(.text)
    TIMER1_IRQHandler                        0x0800015f   Thumb Code     0  startup_gd32f30x_hd.o(.text)
    TIMER2_IRQHandler                        0x0800015f   Thumb Code     0  startup_gd32f30x_hd.o(.text)
    TIMER3_IRQHandler                        0x0800015f   Thumb Code     0  startup_gd32f30x_hd.o(.text)
    TIMER4_IRQHandler                        0x0800015f   Thumb Code     0  startup_gd32f30x_hd.o(.text)
    TIMER5_IRQHandler                        0x0800015f   Thumb Code     0  startup_gd32f30x_hd.o(.text)
    TIMER6_IRQHandler                        0x0800015f   Thumb Code     0  startup_gd32f30x_hd.o(.text)
    TIMER7_BRK_IRQHandler                    0x0800015f   Thumb Code     0  startup_gd32f30x_hd.o(.text)
    TIMER7_Channel_IRQHandler                0x0800015f   Thumb Code     0  startup_gd32f30x_hd.o(.text)
    TIMER7_TRG_CMT_IRQHandler                0x0800015f   Thumb Code     0  startup_gd32f30x_hd.o(.text)
    TIMER7_UP_IRQHandler                     0x0800015f   Thumb Code     0  startup_gd32f30x_hd.o(.text)
    UART3_IRQHandler                         0x0800015f   Thumb Code     0  startup_gd32f30x_hd.o(.text)
    UART4_IRQHandler                         0x0800015f   Thumb Code     0  startup_gd32f30x_hd.o(.text)
    USART0_IRQHandler                        0x0800015f   Thumb Code     0  startup_gd32f30x_hd.o(.text)
    USBD_HP_CAN0_TX_IRQHandler               0x0800015f   Thumb Code     0  startup_gd32f30x_hd.o(.text)
    USBD_LP_CAN0_RX0_IRQHandler              0x0800015f   Thumb Code     0  startup_gd32f30x_hd.o(.text)
    USBD_WKUP_IRQHandler                     0x0800015f   Thumb Code     0  startup_gd32f30x_hd.o(.text)
    WWDGT_IRQHandler                         0x0800015f   Thumb Code     0  startup_gd32f30x_hd.o(.text)
    __aeabi_memcpy                           0x08000169   Thumb Code    36  memcpya.o(.text)
    __aeabi_memcpy4                          0x08000169   Thumb Code     0  memcpya.o(.text)
    __aeabi_memcpy8                          0x08000169   Thumb Code     0  memcpya.o(.text)
    __aeabi_memset                           0x0800018d   Thumb Code    14  memseta.o(.text)
    __aeabi_memset4                          0x0800018d   Thumb Code     0  memseta.o(.text)
    __aeabi_memset8                          0x0800018d   Thumb Code     0  memseta.o(.text)
    __aeabi_memclr                           0x0800019b   Thumb Code     4  memseta.o(.text)
    __aeabi_memclr4                          0x0800019b   Thumb Code     0  memseta.o(.text)
    __aeabi_memclr8                          0x0800019b   Thumb Code     0  memseta.o(.text)
    _memset$wrapper                          0x0800019f   Thumb Code    18  memseta.o(.text)
    calloc                                   0x080001b1   Thumb Code    28  calloc.o(.text)
    __aeabi_dadd                             0x080001cd   Thumb Code   322  dadd.o(.text)
    __aeabi_dsub                             0x0800030f   Thumb Code     6  dadd.o(.text)
    __aeabi_drsub                            0x08000315   Thumb Code     6  dadd.o(.text)
    __aeabi_dmul                             0x0800031b   Thumb Code   228  dmul.o(.text)
    __aeabi_ddiv                             0x080003ff   Thumb Code   222  ddiv.o(.text)
    __aeabi_ui2d                             0x080004dd   Thumb Code    26  dfltui.o(.text)
    __aeabi_d2uiz                            0x080004f7   Thumb Code    50  dfixui.o(.text)
    __aeabi_f2d                              0x08000529   Thumb Code    38  f2d.o(.text)
    __aeabi_d2f                              0x0800054f   Thumb Code    56  d2f.o(.text)
    __aeabi_uidiv                            0x08000587   Thumb Code     0  uidiv.o(.text)
    __aeabi_uidivmod                         0x08000587   Thumb Code    44  uidiv.o(.text)
    __aeabi_uldivmod                         0x080005b3   Thumb Code    98  uldiv.o(.text)
    __aeabi_llsl                             0x08000615   Thumb Code    30  llshl.o(.text)
    _ll_shift_l                              0x08000615   Thumb Code     0  llshl.o(.text)
    __aeabi_llsr                             0x08000633   Thumb Code    32  llushr.o(.text)
    _ll_ushift_r                             0x08000633   Thumb Code     0  llushr.o(.text)
    __aeabi_lasr                             0x08000653   Thumb Code    36  llsshr.o(.text)
    _ll_sshift_r                             0x08000653   Thumb Code     0  llsshr.o(.text)
    __I$use$fp                               0x08000677   Thumb Code     0  iusefp.o(.text)
    _float_round                             0x08000677   Thumb Code    18  fepilogue.o(.text)
    _float_epilogue                          0x08000689   Thumb Code    92  fepilogue.o(.text)
    _double_round                            0x080006e5   Thumb Code    30  depilogue.o(.text)
    _double_epilogue                         0x08000703   Thumb Code   156  depilogue.o(.text)
    __aeabi_d2ulz                            0x0800079f   Thumb Code    48  dfixul.o(.text)
    __aeabi_cdrcmple                         0x080007d1   Thumb Code    48  cdrcmple.o(.text)
    __scatterload                            0x08000801   Thumb Code    28  init.o(.text)
    __scatterload_rt2                        0x08000801   Thumb Code     0  init.o(.text)
    BusFault_Handler                         0x08000825   Thumb Code     4  gd32f30x_it.o(i.BusFault_Handler)
    DebugMon_Handler                         0x08000829   Thumb Code     2  gd32f30x_it.o(i.DebugMon_Handler)
    EBI_calcPI                               0x0800082b   Thumb Code   122  ebike.o(i.EBI_calcPI)
    EXTI10_15_IRQHandler                     0x080008a5   Thumb Code   136  gd32f30x_it.o(i.EXTI10_15_IRQHandler)
    EXTI5_9_IRQHandler                       0x0800093d   Thumb Code   168  gd32f30x_it.o(i.EXTI5_9_IRQHandler)
    HardFault_Handler                        0x08000a01   Thumb Code     4  gd32f30x_it.o(i.HardFault_Handler)
    MemManage_Handler                        0x08000a05   Thumb Code     4  gd32f30x_it.o(i.MemManage_Handler)
    NMI_Handler                              0x08000a09   Thumb Code     2  gd32f30x_it.o(i.NMI_Handler)
    PendSV_Handler                           0x08000a35   Thumb Code     2  gd32f30x_it.o(i.PendSV_Handler)
    RTC_IRQHandler                           0x08000a39   Thumb Code    48  gd32f30x_it.o(i.RTC_IRQHandler)
    SVC_Handler                              0x08000a71   Thumb Code     2  gd32f30x_it.o(i.SVC_Handler)
    SysTick_Handler                          0x08000a75   Thumb Code    62  gd32f30x_it.o(i.SysTick_Handler)
    SystemInit                               0x08000ac9   Thumb Code   100  system_gd32f30x.o(i.SystemInit)
    USART1_IRQHandler                        0x08000b39   Thumb Code    70  gd32f30x_it.o(i.USART1_IRQHandler)
    USART2_IRQHandler                        0x08000b99   Thumb Code   104  gd32f30x_it.o(i.USART2_IRQHandler)
    UsageFault_Handler                       0x08000c1d   Thumb Code     4  gd32f30x_it.o(i.UsageFault_Handler)
    __0printf                                0x08000c21   Thumb Code    22  printfa.o(i.__0printf)
    __1printf                                0x08000c21   Thumb Code     0  printfa.o(i.__0printf)
    __2printf                                0x08000c21   Thumb Code     0  printfa.o(i.__0printf)
    __c89printf                              0x08000c21   Thumb Code     0  printfa.o(i.__0printf)
    printf                                   0x08000c21   Thumb Code     0  printfa.o(i.__0printf)
    __scatterload_copy                       0x08000c41   Thumb Code    14  handlers.o(i.__scatterload_copy)
    __scatterload_null                       0x08000c4f   Thumb Code     2  handlers.o(i.__scatterload_null)
    __scatterload_zeroinit                   0x08000c51   Thumb Code    14  handlers.o(i.__scatterload_zeroinit)
    adc_calibration_enable                   0x0800153b   Thumb Code    42  gd32f30x_adc.o(i.adc_calibration_enable)
    adc_channel_length_config                0x08001565   Thumb Code    70  gd32f30x_adc.o(i.adc_channel_length_config)
    adc_data_alignment_config                0x0800160d   Thumb Code    22  gd32f30x_adc.o(i.adc_data_alignment_config)
    adc_enable                               0x08001623   Thumb Code    18  gd32f30x_adc.o(i.adc_enable)
    adc_external_trigger_config              0x08001635   Thumb Code    62  gd32f30x_adc.o(i.adc_external_trigger_config)
    adc_external_trigger_source_config       0x08001673   Thumb Code    48  gd32f30x_adc.o(i.adc_external_trigger_source_config)
    adc_inserted_channel_config              0x080016a3   Thumb Code   116  gd32f30x_adc.o(i.adc_inserted_channel_config)
    adc_interrupt_enable                     0x08001717   Thumb Code    44  gd32f30x_adc.o(i.adc_interrupt_enable)
    adc_mode_config                          0x08001745   Thumb Code    22  gd32f30x_adc.o(i.adc_mode_config)
    adc_special_function_config              0x08001761   Thumb Code    90  gd32f30x_adc.o(i.adc_special_function_config)
    beep_off                                 0x080017bd   Thumb Code    14  ebike.o(i.beep_off)
    bkp_deinit                               0x080017d1   Thumb Code    12  gd32f30x_bkp.o(i.bkp_deinit)
    bkp_read_data                            0x080017dd   Thumb Code    50  gd32f30x_bkp.o(i.bkp_read_data)
    bkp_write_data                           0x08001815   Thumb Code    46  gd32f30x_bkp.o(i.bkp_write_data)
    check_enzyme_timer                       0x08001849   Thumb Code    48  timeflag.o(i.check_enzyme_timer)
    check_jiazhu_error_timer                 0x08001889   Thumb Code    42  timeflag.o(i.check_jiazhu_error_timer)
    check_position_error_timer               0x080018c5   Thumb Code    42  timeflag.o(i.check_position_error_timer)
    check_qubei_timer                        0x08001901   Thumb Code    40  timeflag.o(i.check_qubei_timer)
    check_temperature_error_timer            0x08001939   Thumb Code    42  timeflag.o(i.check_temperature_error_timer)
    clear_position_flags                     0x08001975   Thumb Code    20  global.o(i.clear_position_flags)
    config_init                              0x08001999   Thumb Code   260  ebike.o(i.config_init)
    controller_msg_process                   0x08001b1d   Thumb Code   226  lcd.o(i.controller_msg_process)
    debug_init                               0x08001cc5   Thumb Code   132  debug.o(i.debug_init)
    debug_msg_process                        0x08001d51   Thumb Code   338  debug.o(i.debug_msg_process)
    delay_1ms                                0x08001f95   Thumb Code    16  systick.o(i.delay_1ms)
    delay_decrement                          0x08001fa9   Thumb Code    24  systick.o(i.delay_decrement)
    ebike_check_warning                      0x080020b9   Thumb Code   190  ebike.o(i.ebike_check_warning)
    enzyme_motor_init                        0x08002195   Thumb Code    36  bldc.o(i.enzyme_motor_init)
    enzyme_motor_start                       0x080021bd   Thumb Code    14  bldc.o(i.enzyme_motor_start)
    enzyme_motor_stop                        0x080021d1   Thumb Code    14  bldc.o(i.enzyme_motor_stop)
    exti_init                                0x080021e5   Thumb Code   178  gd32f30x_exti.o(i.exti_init)
    exti_interrupt_flag_clear                0x0800229d   Thumb Code     6  gd32f30x_exti.o(i.exti_interrupt_flag_clear)
    exti_interrupt_flag_get                  0x080022a9   Thumb Code    32  gd32f30x_exti.o(i.exti_interrupt_flag_get)
    flash_value_flash                        0x080022cd   Thumb Code    22  ebike.o(i.flash_value_flash)
    fmc_bank0_ready_wait                     0x080022f5   Thumb Code    34  gd32f30x_fmc.o(i.fmc_bank0_ready_wait)
    fmc_bank0_state_get                      0x08002319   Thumb Code    44  gd32f30x_fmc.o(i.fmc_bank0_state_get)
    fmc_bank1_ready_wait                     0x08002349   Thumb Code    34  gd32f30x_fmc.o(i.fmc_bank1_ready_wait)
    fmc_bank1_state_get                      0x0800236d   Thumb Code    44  gd32f30x_fmc.o(i.fmc_bank1_state_get)
    fmc_data_program                         0x0800239d   Thumb Code   176  flash.o(i.fmc_data_program)
    fmc_data_read                            0x08002469   Thumb Code    44  flash.o(i.fmc_data_read)
    fmc_erase_pages                          0x080024a1   Thumb Code    44  flash.o(i.fmc_erase_pages)
    fmc_flag_clear                           0x080024d1   Thumb Code    28  gd32f30x_fmc.o(i.fmc_flag_clear)
    fmc_halfword_program                     0x080024f1   Thumb Code   178  gd32f30x_fmc.o(i.fmc_halfword_program)
    fmc_lock                                 0x080025b1   Thumb Code    34  gd32f30x_fmc.o(i.fmc_lock)
    fmc_page_erase                           0x080025dd   Thumb Code   222  gd32f30x_fmc.o(i.fmc_page_erase)
    fmc_unlock                               0x080026c9   Thumb Code    52  gd32f30x_fmc.o(i.fmc_unlock)
    fputc                                    0x0800270d   Thumb Code    32  main.o(i.fputc)
    free                                     0x08002731   Thumb Code    76  malloc.o(i.free)
    gpio_bit_reset                           0x08002781   Thumb Code     4  gd32f30x_gpio.o(i.gpio_bit_reset)
    gpio_bit_set                             0x08002785   Thumb Code     4  gd32f30x_gpio.o(i.gpio_bit_set)
    gpio_exti_source_select                  0x080027c5   Thumb Code   146  gd32f30x_gpio.o(i.gpio_exti_source_select)
    gpio_init                                0x0800285d   Thumb Code   188  gd32f30x_gpio.o(i.gpio_init)
    gpio_input_bit_get                       0x08002919   Thumb Code    16  gd32f30x_gpio.o(i.gpio_input_bit_get)
    gpio_pin_remap_config                    0x08002929   Thumb Code   138  gd32f30x_gpio.o(i.gpio_pin_remap_config)
    hardware_config                          0x080029b9   Thumb Code    36  hard_ware.o(i.hardware_config)
    heat_running                             0x080029dd   Thumb Code    32  ebike.o(i.heat_running)
    i2c_ack_config                           0x08002a05   Thumb Code    24  gd32f30x_i2c.o(i.i2c_ack_config)
    i2c_clock_config                         0x08002a1d   Thumb Code   306  gd32f30x_i2c.o(i.i2c_clock_config)
    i2c_enable                               0x08002bb1   Thumb Code    10  gd32f30x_i2c.o(i.i2c_enable)
    i2c_init                                 0x08002bbb   Thumb Code    12  oled.o(i.i2c_init)
    i2c_mode_addr_config                     0x08002bc7   Thumb Code    28  gd32f30x_i2c.o(i.i2c_mode_addr_config)
    jiazhu_error_timer_clear                 0x08002be5   Thumb Code    12  timeflag.o(i.jiazhu_error_timer_clear)
    jiazhu_error_timer_start                 0x08002bf9   Thumb Code    24  timeflag.o(i.jiazhu_error_timer_start)
    joggle_delay                             0x08002c1d   Thumb Code    28  app_exti.o(i.joggle_delay)
    key_init                                 0x08002c3d   Thumb Code    52  key.o(i.key_init)
    key_process                              0x08002c75   Thumb Code   214  key.o(i.key_process)
    lcd_conn_opt                             0x08002e0d   Thumb Code   168  lcd.o(i.lcd_conn_opt)
    lcd_cup_num_display                      0x08002f19   Thumb Code   254  lcd.o(i.lcd_cup_num_display)
    lcd_dilute_ratio_display                 0x08003017   Thumb Code   156  lcd.o(i.lcd_dilute_ratio_display)
    lcd_fill_bg_and_icon_cmd                 0x080030b5   Thumb Code   190  lcd.o(i.lcd_fill_bg_and_icon_cmd)
    lcd_get_image_serial_number              0x0800323d   Thumb Code   110  lcd.o(i.lcd_get_image_serial_number)
    lcd_init_display                         0x08003401   Thumb Code    90  lcd.o(i.lcd_init_display)
    lcd_main_bg_display                      0x0800346d   Thumb Code    38  lcd.o(i.lcd_main_bg_display)
    lcd_main_circle_bg_display               0x08003493   Thumb Code    38  lcd.o(i.lcd_main_circle_bg_display)
    lcd_main_cup_bg_display                  0x080034b9   Thumb Code    40  lcd.o(i.lcd_main_cup_bg_display)
    lcd_main_menu_bg_display                 0x080034e1   Thumb Code    38  lcd.o(i.lcd_main_menu_bg_display)
    lcd_main_middle_bg_display               0x08003507   Thumb Code   232  lcd.o(i.lcd_main_middle_bg_display)
    lcd_running_status_display               0x080035f1   Thumb Code   112  lcd.o(i.lcd_running_status_display)
    lcd_screen_display_ctrl                  0x0800368d   Thumb Code   170  lcd.o(i.lcd_screen_display_ctrl)
    lcd_setting_display                      0x08003779   Thumb Code   134  lcd.o(i.lcd_setting_display)
    lcd_status_display                       0x0800382d   Thumb Code    68  lcd.o(i.lcd_status_display)
    lcd_temperature_display                  0x08003879   Thumb Code   270  lcd.o(i.lcd_temperature_display)
    lcd_time_display                         0x08003987   Thumb Code   374  lcd.o(i.lcd_time_display)
    lcd_total_volume_display                 0x08003afd   Thumb Code   268  lcd.o(i.lcd_total_volume_display)
    led_init                                 0x08003c09   Thumb Code    50  led.o(i.led_init)
    led_off                                  0x08003c41   Thumb Code    60  led.o(i.led_off)
    luobei_exti_init                         0x08003c81   Thumb Code    66  app_exti.o(i.luobei_exti_init)
    luobei_motor_init                        0x08003cc9   Thumb Code    36  bldc.o(i.luobei_motor_init)
    luobei_motor_start                       0x08003cf1   Thumb Code    14  bldc.o(i.luobei_motor_start)
    luobei_motor_stop                        0x08003d05   Thumb Code    14  bldc.o(i.luobei_motor_stop)
    main                                     0x08003d19   Thumb Code   268  main.o(i.main)
    malloc                                   0x08003e65   Thumb Code    92  malloc.o(i.malloc)
    notice_flash                             0x08003ed1   Thumb Code   122  lcd.o(i.notice_flash)
    nvic_irq_enable                          0x08003f75   Thumb Code   186  gd32f30x_misc.o(i.nvic_irq_enable)
    nvic_priority_group_set                  0x08004039   Thumb Code    10  gd32f30x_misc.o(i.nvic_priority_group_set)
    oled_io_init                             0x0800404d   Thumb Code    60  oled.o(i.oled_io_init)
    periodTask_1ms                           0x0800408d   Thumb Code   146  timeflag.o(i.periodTask_1ms)
    pmu_backup_write_enable                  0x08004149   Thumb Code    14  gd32f30x_pmu.o(i.pmu_backup_write_enable)
    position1_exit_init                      0x0800415d   Thumb Code    70  app_exti.o(i.position1_exit_init)
    position2_exit_init                      0x080041a9   Thumb Code    70  app_exti.o(i.position2_exit_init)
    position3_exit_init                      0x080041f5   Thumb Code    70  app_exti.o(i.position3_exit_init)
    position_error_timer_clear               0x08004241   Thumb Code    12  timeflag.o(i.position_error_timer_clear)
    position_error_timer_start               0x08004255   Thumb Code    24  timeflag.o(i.position_error_timer_start)
    protect_exit_init                        0x08004279   Thumb Code    66  app_exti.o(i.protect_exit_init)
    qubei_timer_init                         0x080042c1   Thumb Code    16  timeflag.o(i.qubei_timer_init)
    rcu_adc_clock_config                     0x080042dd   Thumb Code    98  gd32f30x_rcu.o(i.rcu_adc_clock_config)
    rcu_all_reset_flag_clear                 0x08004349   Thumb Code    14  gd32f30x_rcu.o(i.rcu_all_reset_flag_clear)
    rcu_bkp_reset_disable                    0x0800435d   Thumb Code    14  gd32f30x_rcu.o(i.rcu_bkp_reset_disable)
    rcu_bkp_reset_enable                     0x08004371   Thumb Code    14  gd32f30x_rcu.o(i.rcu_bkp_reset_enable)
    rcu_clock_freq_get                       0x08004385   Thumb Code   310  gd32f30x_rcu.o(i.rcu_clock_freq_get)
    rcu_flag_get                             0x08004519   Thumb Code    30  gd32f30x_rcu.o(i.rcu_flag_get)
    rcu_osci_on                              0x0800453d   Thumb Code    28  gd32f30x_rcu.o(i.rcu_osci_on)
    rcu_osci_stab_wait                       0x0800455d   Thumb Code   268  gd32f30x_rcu.o(i.rcu_osci_stab_wait)
    rcu_periph_clock_enable                  0x0800466d   Thumb Code    28  gd32f30x_rcu.o(i.rcu_periph_clock_enable)
    rcu_periph_reset_disable                 0x0800468d   Thumb Code    28  gd32f30x_rcu.o(i.rcu_periph_reset_disable)
    rcu_periph_reset_enable                  0x080046ad   Thumb Code    28  gd32f30x_rcu.o(i.rcu_periph_reset_enable)
    rcu_rtc_clock_config                     0x080046cd   Thumb Code    18  gd32f30x_rcu.o(i.rcu_rtc_clock_config)
    read_chubei_position_switch              0x080046e5   Thumb Code    22  ebike.o(i.read_chubei_position_switch)
    read_luobei_position_switch              0x08004701   Thumb Code    22  ebike.o(i.read_luobei_position_switch)
    read_qibei_position_switch               0x0800471d   Thumb Code    20  ebike.o(i.read_qibei_position_switch)
    read_zhushui_position_switch             0x08004735   Thumb Code    22  ebike.o(i.read_zhushui_position_switch)
    rtc_configuration                        0x08004751   Thumb Code    86  rtc.o(i.rtc_configuration)
    rtc_configuration_mode_enter             0x080047a9   Thumb Code    14  gd32f30x_rtc.o(i.rtc_configuration_mode_enter)
    rtc_configuration_mode_exit              0x080047bd   Thumb Code    14  gd32f30x_rtc.o(i.rtc_configuration_mode_exit)
    rtc_counter_get                          0x080047d1   Thumb Code    16  gd32f30x_rtc.o(i.rtc_counter_get)
    rtc_counter_set                          0x080047e5   Thumb Code    26  gd32f30x_rtc.o(i.rtc_counter_set)
    rtc_flag_clear                           0x08004805   Thumb Code    12  gd32f30x_rtc.o(i.rtc_flag_clear)
    rtc_flag_get                             0x08004815   Thumb Code    18  gd32f30x_rtc.o(i.rtc_flag_get)
    rtc_init                                 0x0800482d   Thumb Code   146  rtc.o(i.rtc_init)
    rtc_interrupt_enable                     0x08004975   Thumb Code    12  gd32f30x_rtc.o(i.rtc_interrupt_enable)
    rtc_lwoff_wait                           0x08004985   Thumb Code    16  gd32f30x_rtc.o(i.rtc_lwoff_wait)
    rtc_prescaler_set                        0x08004999   Thumb Code    28  gd32f30x_rtc.o(i.rtc_prescaler_set)
    rtc_register_sync_wait                   0x080049b9   Thumb Code    28  gd32f30x_rtc.o(i.rtc_register_sync_wait)
    step_motor_init                          0x080049d9   Thumb Code   116  step_motor.o(i.step_motor_init)
    step_motor_move_forward                  0x08004a55   Thumb Code   108  step_motor.o(i.step_motor_move_forward)
    step_motor_move_reverse                  0x08004ad9   Thumb Code   108  step_motor.o(i.step_motor_move_reverse)
    step_motor_move_stop                     0x08004b5d   Thumb Code    10  step_motor.o(i.step_motor_move_stop)
    systick_config                           0x08004c85   Thumb Code    74  systick.o(i.systick_config)
    temperature_error_timer_clear            0x08004cd5   Thumb Code    12  timeflag.o(i.temperature_error_timer_clear)
    temperature_error_timer_start            0x08004ce9   Thumb Code    30  timeflag.o(i.temperature_error_timer_start)
    time_adjust                              0x08004d15   Thumb Code    38  rtc.o(i.time_adjust)
    time_display                             0x08004d3d   Thumb Code    72  rtc.o(i.time_display)
    time_show                                0x08004da1   Thumb Code    28  rtc.o(i.time_show)
    timer7_config                            0x08004dc1   Thumb Code   182  hard_ware.o(i.timer7_config)
    timer_auto_reload_shadow_enable          0x08004e7d   Thumb Code    10  gd32f30x_timer.o(i.timer_auto_reload_shadow_enable)
    timer_channel_output_config              0x08004e89   Thumb Code   484  gd32f30x_timer.o(i.timer_channel_output_config)
    timer_channel_output_mode_config         0x08005075   Thumb Code    90  gd32f30x_timer.o(i.timer_channel_output_mode_config)
    timer_channel_output_pulse_value_config  0x080050cf   Thumb Code    38  gd32f30x_timer.o(i.timer_channel_output_pulse_value_config)
    timer_channel_output_shadow_config       0x080050f5   Thumb Code    90  gd32f30x_timer.o(i.timer_channel_output_shadow_config)
    timer_deinit                             0x08005151   Thumb Code   210  gd32f30x_timer.o(i.timer_deinit)
    timer_enable                             0x0800522d   Thumb Code    10  gd32f30x_timer.o(i.timer_enable)
    timer_init                               0x08005239   Thumb Code   122  gd32f30x_timer.o(i.timer_init)
    timer_primary_output_config              0x080052d1   Thumb Code    24  gd32f30x_timer.o(i.timer_primary_output_config)
    trige_count                              0x080052e9   Thumb Code    18  app_exti.o(i.trige_count)
    usart2_data_transfer                     0x08005305   Thumb Code    44  usart2.o(i.usart2_data_transfer)
    usart2_init                              0x08005335   Thumb Code   152  usart2.o(i.usart2_init)
    usart_baudrate_set                       0x080053d9   Thumb Code   136  gd32f30x_usart.o(i.usart_baudrate_set)
    usart_data_receive                       0x08005469   Thumb Code    10  gd32f30x_usart.o(i.usart_data_receive)
    usart_data_transmit                      0x08005473   Thumb Code     8  gd32f30x_usart.o(i.usart_data_transmit)
    usart_deinit                             0x0800547d   Thumb Code   136  gd32f30x_usart.o(i.usart_deinit)
    usart_enable                             0x0800550d   Thumb Code    10  gd32f30x_usart.o(i.usart_enable)
    usart_flag_clear                         0x08005517   Thumb Code    26  gd32f30x_usart.o(i.usart_flag_clear)
    usart_flag_get                           0x08005531   Thumb Code    30  gd32f30x_usart.o(i.usart_flag_get)
    usart_hardware_flow_cts_config           0x0800554f   Thumb Code    16  gd32f30x_usart.o(i.usart_hardware_flow_cts_config)
    usart_hardware_flow_rts_config           0x0800555f   Thumb Code    16  gd32f30x_usart.o(i.usart_hardware_flow_rts_config)
    usart_interrupt_enable                   0x0800556f   Thumb Code    26  gd32f30x_usart.o(i.usart_interrupt_enable)
    usart_interrupt_flag_clear               0x08005589   Thumb Code    26  gd32f30x_usart.o(i.usart_interrupt_flag_clear)
    usart_interrupt_flag_get                 0x080055a3   Thumb Code    56  gd32f30x_usart.o(i.usart_interrupt_flag_get)
    usart_parity_config                      0x080055db   Thumb Code    16  gd32f30x_usart.o(i.usart_parity_config)
    usart_receive_config                     0x080055eb   Thumb Code    16  gd32f30x_usart.o(i.usart_receive_config)
    usart_stop_bit_set                       0x080055fb   Thumb Code    16  gd32f30x_usart.o(i.usart_stop_bit_set)
    usart_transmit_config                    0x0800560b   Thumb Code    16  gd32f30x_usart.o(i.usart_transmit_config)
    usart_word_length_set                    0x0800561b   Thumb Code    16  gd32f30x_usart.o(i.usart_word_length_set)
    utils_sample_init                        0x0800562d   Thumb Code    48  utils.o(i.utils_sample_init)
    velocity_exti_init                       0x08005669   Thumb Code    72  app_exti.o(i.velocity_exti_init)
    water_motor_init                         0x080056b5   Thumb Code    36  bldc.o(i.water_motor_init)
    water_motor_start                        0x080056dd   Thumb Code    14  bldc.o(i.water_motor_start)
    water_motor_stop                         0x080056f1   Thumb Code    14  bldc.o(i.water_motor_stop)
    work_loop                                0x08005705   Thumb Code   640  global.o(i.work_loop)
    Region$$Table$$Base                      0x08005c8c   Number         0  anon$$obj.o(Region$$Table)
    Region$$Table$$Limit                     0x08005cac   Number         0  anon$$obj.o(Region$$Table)
    delay                                    0x20000000   Data           4  systick.o(.data)
    state_youbei                             0x20000008   Data           1  global.o(.data)
    state_t1                                 0x20000009   Data           1  global.o(.data)
    state_t2                                 0x2000000a   Data           1  global.o(.data)
    state_fuzi                               0x2000000b   Data           1  global.o(.data)
    self_diagnose                            0x2000000c   Data           1  global.o(.data)
    state_enzyme_count_running               0x2000000d   Data           1  global.o(.data)
    state_qubei_count_running                0x2000000e   Data           1  global.o(.data)
    state_jiazhu_error_count_running         0x2000000f   Data           1  global.o(.data)
    state_position_error_count_running       0x20000010   Data           1  global.o(.data)
    state_temperature_error_count_running    0x20000011   Data           1  global.o(.data)
    g_exti_qibei_position_flag               0x20000012   Data           1  global.o(.data)
    g_exti_luobei_position_flag              0x20000013   Data           1  global.o(.data)
    g_exti_zhushui_position_flag             0x20000014   Data           1  global.o(.data)
    g_exti_chubei_position_flag              0x20000015   Data           1  global.o(.data)
    state_enzyme_ok                          0x20000016   Data           1  global.o(.data)
    state_water_ok                           0x20000017   Data           1  global.o(.data)
    state_qubei_timeout                      0x20000018   Data           1  global.o(.data)
    state_position_error_timeout             0x20000019   Data           1  global.o(.data)
    state_temperature_error_timeout          0x2000001a   Data           1  global.o(.data)
    state_jiazhu_error_timeout               0x2000001b   Data           1  global.o(.data)
    temperature_set                          0x2000001c   Data           1  global.o(.data)
    enzyme_rate                              0x2000001d   Data           1  global.o(.data)
    start_work                               0x2000001e   Data           1  global.o(.data)
    luobei_retry                             0x2000001f   Data           1  global.o(.data)
    luobei_delay                             0x20000020   Data           1  global.o(.data)
    g_water_count                            0x20000022   Data           2  global.o(.data)
    water_count_signals                      0x20000024   Data           2  global.o(.data)
    enzyme_count_times                       0x20000026   Data           2  global.o(.data)
    position_error_count_times               0x20000028   Data           4  global.o(.data)
    temperature_error_count_times            0x2000002c   Data           4  global.o(.data)
    jiazhu_error_count_times                 0x20000030   Data           4  global.o(.data)
    page_type                                0x20000034   Data           1  global.o(.data)
    loop_state                               0x20000035   Data           1  global.o(.data)
    debug_rx_buffer                          0x20000036   Data           6  debug.o(.data)
    debug_rx_buffer_app                      0x2000003c   Data           6  debug.o(.data)
    debug_rx_counter                         0x20000042   Data           2  debug.o(.data)
    debug_rx_ok                              0x20000044   Data           2  debug.o(.data)
    address                                  0x20000048   Data           4  flash.o(.data)
    PageNum                                  0x2000004c   Data           4  flash.o(.data)
    WordNum                                  0x20000050   Data           4  flash.o(.data)
    bTimeFlag_100ms                          0x20000078   Data           1  timeflag.o(.data)
    bTimeFlag_500ms                          0x20000079   Data           1  timeflag.o(.data)
    bTimeFlag_50ms                           0x2000007a   Data           1  timeflag.o(.data)
    bTimeFlag_20ms                           0x2000007b   Data           1  timeflag.o(.data)
    bTimeFlag_5ms                            0x2000007c   Data           1  timeflag.o(.data)
    bTimeFlag_1s                             0x2000007d   Data           1  timeflag.o(.data)
    tx_counter                               0x2000007e   Data           2  usart2.o(.data)
    rx_counter                               0x20000080   Data           2  usart2.o(.data)
    rx_counter_app                           0x20000082   Data           2  usart2.o(.data)
    rx_ok                                    0x20000084   Data           2  usart2.o(.data)
    error_bits_flag                          0x20000088   Data           2  ebike.o(.data)
    temperature                              0x2000008c   Data           4  ebike.o(.data)
    cup_count                                0x20000092   Data           2  app_exti.o(.data)
    cup_flag                                 0x20000094   Data           2  app_exti.o(.data)
    water_set                                0x20000096   Data           2  app_exti.o(.data)
    RTCSRC_FLAG                              0x200000a0   Data           4  rtc.o(.data)
    timedisplay                              0x200000a4   Data           4  rtc.o(.data)
    SystemCoreClock                          0x200000ac   Data           4  system_gd32f30x.o(.data)
    __stdout                                 0x200000b0   Data           4  stdout.o(.data)
    __microlib_freelist                      0x200000b4   Data           4  mvars.o(.data)
    __microlib_freelist_initialised          0x200000b8   Data           4  mvars.o(.data)
    fmc_data                                 0x200000bc   Data          24  flash.o(.bss)
    rx_buffer                                0x200000d4   Data         128  usart2.o(.bss)
    rx_buffer_app                            0x20000154   Data         128  usart2.o(.bss)
    speed_samples                            0x200001d4   Data          32  utils.o(.bss)
    current_samples1                         0x200001f4   Data          64  utils.o(.bss)
    current_samples2                         0x20000234   Data          64  utils.o(.bss)
    test                                     0x20000274   Data          80  utils.o(.bss)
    test_float                               0x200002c4   Data          80  utils.o(.bss)
    pidParm                                  0x20000314   Data          40  ebike.o(.bss)
    __heap_base                              0x20000340   Data           0  startup_gd32f30x_hd.o(HEAP)
    __heap_limit                             0x20000740   Data           0  startup_gd32f30x_hd.o(HEAP)
    __initial_sp                             0x20000b40   Data           0  startup_gd32f30x_hd.o(STACK)



==============================================================================

Memory Map of the image

  Image Entry point : 0x08000131

  Load Region LR_IROM1 (Base: 0x08000000, Size: 0x00005d68, Max: 0x00040000, ABSOLUTE)

    Execution Region ER_IROM1 (Base: 0x08000000, Size: 0x00005cac, Max: 0x00040000, ABSOLUTE)

    Base Addr    Size         Type   Attr      Idx    E Section Name        Object

    0x08000000   0x00000130   Data   RO         5464    RESET               startup_gd32f30x_hd.o
    0x08000130   0x00000000   Code   RO         5483  * .ARM.Collect$$$$00000000  mc_w.l(entry.o)
    0x08000130   0x00000004   Code   RO         5814    .ARM.Collect$$$$00000001  mc_w.l(entry2.o)
    0x08000134   0x00000004   Code   RO         5817    .ARM.Collect$$$$00000004  mc_w.l(entry5.o)
    0x08000138   0x00000000   Code   RO         5819    .ARM.Collect$$$$00000008  mc_w.l(entry7b.o)
    0x08000138   0x00000000   Code   RO         5821    .ARM.Collect$$$$0000000A  mc_w.l(entry8b.o)
    0x08000138   0x00000008   Code   RO         5822    .ARM.Collect$$$$0000000B  mc_w.l(entry9a.o)
    0x08000140   0x00000000   Code   RO         5824    .ARM.Collect$$$$0000000D  mc_w.l(entry10a.o)
    0x08000140   0x00000000   Code   RO         5826    .ARM.Collect$$$$0000000F  mc_w.l(entry11a.o)
    0x08000140   0x00000004   Code   RO         5815    .ARM.Collect$$$$00002712  mc_w.l(entry2.o)
    0x08000144   0x00000024   Code   RO         5465    .text               startup_gd32f30x_hd.o
    0x08000168   0x00000024   Code   RO         5486    .text               mc_w.l(memcpya.o)
    0x0800018c   0x00000024   Code   RO         5488    .text               mc_w.l(memseta.o)
    0x080001b0   0x0000001c   Code   RO         5781    .text               mc_w.l(calloc.o)
    0x080001cc   0x0000014e   Code   RO         5783    .text               mf_w.l(dadd.o)
    0x0800031a   0x000000e4   Code   RO         5785    .text               mf_w.l(dmul.o)
    0x080003fe   0x000000de   Code   RO         5787    .text               mf_w.l(ddiv.o)
    0x080004dc   0x0000001a   Code   RO         5789    .text               mf_w.l(dfltui.o)
    0x080004f6   0x00000032   Code   RO         5791    .text               mf_w.l(dfixui.o)
    0x08000528   0x00000026   Code   RO         5793    .text               mf_w.l(f2d.o)
    0x0800054e   0x00000038   Code   RO         5795    .text               mf_w.l(d2f.o)
    0x08000586   0x0000002c   Code   RO         5829    .text               mc_w.l(uidiv.o)
    0x080005b2   0x00000062   Code   RO         5831    .text               mc_w.l(uldiv.o)
    0x08000614   0x0000001e   Code   RO         5833    .text               mc_w.l(llshl.o)
    0x08000632   0x00000020   Code   RO         5835    .text               mc_w.l(llushr.o)
    0x08000652   0x00000024   Code   RO         5837    .text               mc_w.l(llsshr.o)
    0x08000676   0x00000000   Code   RO         5848    .text               mc_w.l(iusefp.o)
    0x08000676   0x0000006e   Code   RO         5849    .text               mf_w.l(fepilogue.o)
    0x080006e4   0x000000ba   Code   RO         5851    .text               mf_w.l(depilogue.o)
    0x0800079e   0x00000030   Code   RO         5857    .text               mf_w.l(dfixul.o)
    0x080007ce   0x00000002   PAD
    0x080007d0   0x00000030   Code   RO         5861    .text               mf_w.l(cdrcmple.o)
    0x08000800   0x00000024   Code   RO         5863    .text               mc_w.l(init.o)
    0x08000824   0x00000004   Code   RO            3    i.BusFault_Handler  gd32f30x_it.o
    0x08000828   0x00000002   Code   RO            4    i.DebugMon_Handler  gd32f30x_it.o
    0x0800082a   0x0000007a   Code   RO          960    i.EBI_calcPI        ebike.o
    0x080008a4   0x00000098   Code   RO            5    i.EXTI10_15_IRQHandler  gd32f30x_it.o
    0x0800093c   0x000000c4   Code   RO            6    i.EXTI5_9_IRQHandler  gd32f30x_it.o
    0x08000a00   0x00000004   Code   RO            7    i.HardFault_Handler  gd32f30x_it.o
    0x08000a04   0x00000004   Code   RO            8    i.MemManage_Handler  gd32f30x_it.o
    0x08000a08   0x00000002   Code   RO            9    i.NMI_Handler       gd32f30x_it.o
    0x08000a0a   0x00000002   PAD
    0x08000a0c   0x00000028   Code   RO          298    i.NVIC_SetPriority  systick.o
    0x08000a34   0x00000002   Code   RO           10    i.PendSV_Handler    gd32f30x_it.o
    0x08000a36   0x00000002   PAD
    0x08000a38   0x00000038   Code   RO           11    i.RTC_IRQHandler    gd32f30x_it.o
    0x08000a70   0x00000002   Code   RO           12    i.SVC_Handler       gd32f30x_it.o
    0x08000a72   0x00000002   PAD
    0x08000a74   0x00000054   Code   RO           13    i.SysTick_Handler   gd32f30x_it.o
    0x08000ac8   0x00000070   Code   RO         1532    i.SystemInit        system_gd32f30x.o
    0x08000b38   0x00000060   Code   RO           14    i.USART1_IRQHandler  gd32f30x_it.o
    0x08000b98   0x00000084   Code   RO           15    i.USART2_IRQHandler  gd32f30x_it.o
    0x08000c1c   0x00000004   Code   RO           16    i.UsageFault_Handler  gd32f30x_it.o
    0x08000c20   0x00000020   Code   RO         5725    i.__0printf         mc_w.l(printfa.o)
    0x08000c40   0x0000000e   Code   RO         5867    i.__scatterload_copy  mc_w.l(handlers.o)
    0x08000c4e   0x00000002   Code   RO         5868    i.__scatterload_null  mc_w.l(handlers.o)
    0x08000c50   0x0000000e   Code   RO         5869    i.__scatterload_zeroinit  mc_w.l(handlers.o)
    0x08000c5e   0x00000020   Code   RO         1325    i._calc_CRC         lcd.o
    0x08000c7e   0x00000002   PAD
    0x08000c80   0x00000184   Code   RO         5732    i._fp_digits        mc_w.l(printfa.o)
    0x08000e04   0x000006dc   Code   RO         5733    i._printf_core      mc_w.l(printfa.o)
    0x080014e0   0x00000024   Code   RO         5734    i._printf_post_padding  mc_w.l(printfa.o)
    0x08001504   0x0000002e   Code   RO         5735    i._printf_pre_padding  mc_w.l(printfa.o)
    0x08001532   0x00000008   Code   RO         1326    i._u16_2_byte2_big_endian  lcd.o
    0x0800153a   0x0000002a   Code   RO         1573    i.adc_calibration_enable  gd32f30x_adc.o
    0x08001564   0x00000046   Code   RO         1574    i.adc_channel_length_config  gd32f30x_adc.o
    0x080015aa   0x00000002   PAD
    0x080015ac   0x00000060   Code   RO          474    i.adc_config        hard_ware.o
    0x0800160c   0x00000016   Code   RO         1575    i.adc_data_alignment_config  gd32f30x_adc.o
    0x08001622   0x00000012   Code   RO         1581    i.adc_enable        gd32f30x_adc.o
    0x08001634   0x0000003e   Code   RO         1582    i.adc_external_trigger_config  gd32f30x_adc.o
    0x08001672   0x00000030   Code   RO         1583    i.adc_external_trigger_source_config  gd32f30x_adc.o
    0x080016a2   0x00000074   Code   RO         1586    i.adc_inserted_channel_config  gd32f30x_adc.o
    0x08001716   0x0000002c   Code   RO         1590    i.adc_interrupt_enable  gd32f30x_adc.o
    0x08001742   0x00000002   PAD
    0x08001744   0x0000001c   Code   RO         1593    i.adc_mode_config   gd32f30x_adc.o
    0x08001760   0x0000005a   Code   RO         1601    i.adc_special_function_config  gd32f30x_adc.o
    0x080017ba   0x00000002   PAD
    0x080017bc   0x00000014   Code   RO          961    i.beep_off          ebike.o
    0x080017d0   0x0000000c   Code   RO         1803    i.bkp_deinit        gd32f30x_bkp.o
    0x080017dc   0x00000038   Code   RO         1808    i.bkp_read_data     gd32f30x_bkp.o
    0x08001814   0x00000034   Code   RO         1822    i.bkp_write_data    gd32f30x_bkp.o
    0x08001848   0x00000040   Code   RO          612    i.check_enzyme_timer  timeflag.o
    0x08001888   0x0000003c   Code   RO          613    i.check_jiazhu_error_timer  timeflag.o
    0x080018c4   0x0000003c   Code   RO          614    i.check_position_error_timer  timeflag.o
    0x08001900   0x00000038   Code   RO          615    i.check_qubei_timer  timeflag.o
    0x08001938   0x0000003c   Code   RO          616    i.check_temperature_error_timer  timeflag.o
    0x08001974   0x00000024   Code   RO          352    i.clear_position_flags  global.o
    0x08001998   0x00000184   Code   RO          964    i.config_init       ebike.o
    0x08001b1c   0x000001a8   Code   RO         1327    i.controller_msg_process  lcd.o
    0x08001cc4   0x0000008c   Code   RO          390    i.debug_init        debug.o
    0x08001d50   0x00000244   Code   RO          391    i.debug_msg_process  debug.o
    0x08001f94   0x00000014   Code   RO          299    i.delay_1ms         systick.o
    0x08001fa8   0x00000020   Code   RO          301    i.delay_decrement   systick.o
    0x08001fc8   0x000000f0   Code   RO         1216    i.drv_motor_move_execute  step_motor.o
    0x080020b8   0x000000dc   Code   RO          966    i.ebike_check_warning  ebike.o
    0x08002194   0x00000028   Code   RO         1071    i.enzyme_motor_init  bldc.o
    0x080021bc   0x00000014   Code   RO         1072    i.enzyme_motor_start  bldc.o
    0x080021d0   0x00000014   Code   RO         1073    i.enzyme_motor_stop  bldc.o
    0x080021e4   0x000000b8   Code   RO         2896    i.exti_init         gd32f30x_exti.o
    0x0800229c   0x0000000c   Code   RO         2899    i.exti_interrupt_flag_clear  gd32f30x_exti.o
    0x080022a8   0x00000024   Code   RO         2900    i.exti_interrupt_flag_get  gd32f30x_exti.o
    0x080022cc   0x00000028   Code   RO          968    i.flash_value_flash  ebike.o
    0x080022f4   0x00000022   Code   RO         2979    i.fmc_bank0_ready_wait  gd32f30x_fmc.o
    0x08002316   0x00000002   PAD
    0x08002318   0x00000030   Code   RO         2980    i.fmc_bank0_state_get  gd32f30x_fmc.o
    0x08002348   0x00000022   Code   RO         2984    i.fmc_bank1_ready_wait  gd32f30x_fmc.o
    0x0800236a   0x00000002   PAD
    0x0800236c   0x00000030   Code   RO         2985    i.fmc_bank1_state_get  gd32f30x_fmc.o
    0x0800239c   0x000000cc   Code   RO          434    i.fmc_data_program  flash.o
    0x08002468   0x00000038   Code   RO          435    i.fmc_data_read     flash.o
    0x080024a0   0x00000030   Code   RO          436    i.fmc_erase_pages   flash.o
    0x080024d0   0x00000020   Code   RO         2987    i.fmc_flag_clear    gd32f30x_fmc.o
    0x080024f0   0x000000c0   Code   RO         2989    i.fmc_halfword_program  gd32f30x_fmc.o
    0x080025b0   0x0000002c   Code   RO         2994    i.fmc_lock          gd32f30x_fmc.o
    0x080025dc   0x000000ec   Code   RO         2996    i.fmc_page_erase    gd32f30x_fmc.o
    0x080026c8   0x00000044   Code   RO         2997    i.fmc_unlock        gd32f30x_fmc.o
    0x0800270c   0x00000024   Code   RO          268    i.fputc             main.o
    0x08002730   0x00000050   Code   RO         5753    i.free              mc_w.l(malloc.o)
    0x08002780   0x00000004   Code   RO         3252    i.gpio_bit_reset    gd32f30x_gpio.o
    0x08002784   0x00000004   Code   RO         3253    i.gpio_bit_set      gd32f30x_gpio.o
    0x08002788   0x0000003c   Code   RO          475    i.gpio_config       hard_ware.o
    0x080027c4   0x00000098   Code   RO         3261    i.gpio_exti_source_select  gd32f30x_gpio.o
    0x0800285c   0x000000bc   Code   RO         3262    i.gpio_init         gd32f30x_gpio.o
    0x08002918   0x00000010   Code   RO         3263    i.gpio_input_bit_get  gd32f30x_gpio.o
    0x08002928   0x00000090   Code   RO         3268    i.gpio_pin_remap_config  gd32f30x_gpio.o
    0x080029b8   0x00000024   Code   RO          476    i.hardware_config   hard_ware.o
    0x080029dc   0x00000028   Code   RO          969    i.heat_running      ebike.o
    0x08002a04   0x00000018   Code   RO         3379    i.i2c_ack_config    gd32f30x_i2c.o
    0x08002a1c   0x00000140   Code   RO         3381    i.i2c_clock_config  gd32f30x_i2c.o
    0x08002b5c   0x00000054   Code   RO          864    i.i2c_config        oled.o
    0x08002bb0   0x0000000a   Code   RO         3390    i.i2c_enable        gd32f30x_i2c.o
    0x08002bba   0x0000000c   Code   RO          865    i.i2c_init          oled.o
    0x08002bc6   0x0000001c   Code   RO         3398    i.i2c_mode_addr_config  gd32f30x_i2c.o
    0x08002be2   0x00000002   PAD
    0x08002be4   0x00000014   Code   RO          617    i.jiazhu_error_timer_clear  timeflag.o
    0x08002bf8   0x00000024   Code   RO          618    i.jiazhu_error_timer_start  timeflag.o
    0x08002c1c   0x00000020   Code   RO         1143    i.joggle_delay      app_exti.o
    0x08002c3c   0x00000038   Code   RO          524    i.key_init          key.o
    0x08002c74   0x0000011c   Code   RO          525    i.key_process       key.o
    0x08002d90   0x0000003c   Code   RO          526    i.key_read          key.o
    0x08002dcc   0x00000022   Code   RO          527    i.key_read_debouncing  key.o
    0x08002dee   0x00000002   PAD
    0x08002df0   0x0000001c   Code   RO         1328    i.lcd_check_conn_status  lcd.o
    0x08002e0c   0x0000010c   Code   RO         1329    i.lcd_conn_opt      lcd.o
    0x08002f18   0x000000fe   Code   RO         1330    i.lcd_cup_num_display  lcd.o
    0x08003016   0x0000009c   Code   RO         1331    i.lcd_dilute_ratio_display  lcd.o
    0x080030b2   0x00000002   PAD
    0x080030b4   0x00000100   Code   RO         1333    i.lcd_fill_bg_and_icon_cmd  lcd.o
    0x080031b4   0x00000044   Code   RO         1334    i.lcd_get_image_dilute_sn  lcd.o
    0x080031f8   0x00000044   Code   RO         1335    i.lcd_get_image_measure_sn  lcd.o
    0x0800323c   0x0000006e   Code   RO         1336    i.lcd_get_image_serial_number  lcd.o
    0x080032aa   0x00000044   Code   RO         1337    i.lcd_get_image_temp_black_sn  lcd.o
    0x080032ee   0x00000044   Code   RO         1338    i.lcd_get_image_temp_blue_sn  lcd.o
    0x08003332   0x00000044   Code   RO         1339    i.lcd_get_image_temp_show_sn  lcd.o
    0x08003376   0x00000044   Code   RO         1340    i.lcd_get_image_time_sn  lcd.o
    0x080033ba   0x00000044   Code   RO         1341    i.lcd_get_image_total_sn  lcd.o
    0x080033fe   0x00000002   PAD
    0x08003400   0x0000006c   Code   RO         1343    i.lcd_init_display  lcd.o
    0x0800346c   0x00000026   Code   RO         1344    i.lcd_main_bg_display  lcd.o
    0x08003492   0x00000026   Code   RO         1345    i.lcd_main_circle_bg_display  lcd.o
    0x080034b8   0x00000028   Code   RO         1346    i.lcd_main_cup_bg_display  lcd.o
    0x080034e0   0x00000026   Code   RO         1347    i.lcd_main_menu_bg_display  lcd.o
    0x08003506   0x000000e8   Code   RO         1348    i.lcd_main_middle_bg_display  lcd.o
    0x080035ee   0x00000002   PAD
    0x080035f0   0x0000009c   Code   RO         1349    i.lcd_running_status_display  lcd.o
    0x0800368c   0x000000ec   Code   RO         1350    i.lcd_screen_display_ctrl  lcd.o
    0x08003778   0x000000b4   Code   RO         1351    i.lcd_setting_display  lcd.o
    0x0800382c   0x0000004c   Code   RO         1352    i.lcd_status_display  lcd.o
    0x08003878   0x0000010e   Code   RO         1353    i.lcd_temperature_display  lcd.o
    0x08003986   0x00000176   Code   RO         1354    i.lcd_time_display  lcd.o
    0x08003afc   0x0000010c   Code   RO         1355    i.lcd_total_volume_display  lcd.o
    0x08003c08   0x00000038   Code   RO          570    i.led_init          led.o
    0x08003c40   0x00000040   Code   RO          571    i.led_off           led.o
    0x08003c80   0x00000048   Code   RO         1144    i.luobei_exti_init  app_exti.o
    0x08003cc8   0x00000028   Code   RO         1074    i.luobei_motor_init  bldc.o
    0x08003cf0   0x00000014   Code   RO         1075    i.luobei_motor_start  bldc.o
    0x08003d04   0x00000014   Code   RO         1076    i.luobei_motor_stop  bldc.o
    0x08003d18   0x0000014c   Code   RO          269    i.main              main.o
    0x08003e64   0x0000006c   Code   RO         5754    i.malloc            mc_w.l(malloc.o)
    0x08003ed0   0x0000007a   Code   RO         1356    i.notice_flash      lcd.o
    0x08003f4a   0x0000002a   Code   RO          477    i.nvic_config       hard_ware.o
    0x08003f74   0x000000c4   Code   RO         3580    i.nvic_irq_enable   gd32f30x_misc.o
    0x08004038   0x00000014   Code   RO         3581    i.nvic_priority_group_set  gd32f30x_misc.o
    0x0800404c   0x00000040   Code   RO          869    i.oled_io_init      oled.o
    0x0800408c   0x000000bc   Code   RO          619    i.periodTask_1ms    timeflag.o
    0x08004148   0x00000014   Code   RO         3636    i.pmu_backup_write_enable  gd32f30x_pmu.o
    0x0800415c   0x0000004c   Code   RO         1145    i.position1_exit_init  app_exti.o
    0x080041a8   0x0000004c   Code   RO         1146    i.position2_exit_init  app_exti.o
    0x080041f4   0x0000004c   Code   RO         1147    i.position3_exit_init  app_exti.o
    0x08004240   0x00000014   Code   RO          620    i.position_error_timer_clear  timeflag.o
    0x08004254   0x00000024   Code   RO          621    i.position_error_timer_start  timeflag.o
    0x08004278   0x00000048   Code   RO         1148    i.protect_exit_init  app_exti.o
    0x080042c0   0x0000001c   Code   RO          622    i.qubei_timer_init  timeflag.o
    0x080042dc   0x0000006c   Code   RO         3770    i.rcu_adc_clock_config  gd32f30x_rcu.o
    0x08004348   0x00000014   Code   RO         3772    i.rcu_all_reset_flag_clear  gd32f30x_rcu.o
    0x0800435c   0x00000014   Code   RO         3775    i.rcu_bkp_reset_disable  gd32f30x_rcu.o
    0x08004370   0x00000014   Code   RO         3776    i.rcu_bkp_reset_enable  gd32f30x_rcu.o
    0x08004384   0x00000158   Code   RO         3779    i.rcu_clock_freq_get  gd32f30x_rcu.o
    0x080044dc   0x0000003a   Code   RO          478    i.rcu_config        hard_ware.o
    0x08004516   0x00000002   PAD
    0x08004518   0x00000024   Code   RO         3782    i.rcu_flag_get      gd32f30x_rcu.o
    0x0800453c   0x00000020   Code   RO         3794    i.rcu_osci_on       gd32f30x_rcu.o
    0x0800455c   0x00000110   Code   RO         3795    i.rcu_osci_stab_wait  gd32f30x_rcu.o
    0x0800466c   0x00000020   Code   RO         3797    i.rcu_periph_clock_enable  gd32f30x_rcu.o
    0x0800468c   0x00000020   Code   RO         3800    i.rcu_periph_reset_disable  gd32f30x_rcu.o
    0x080046ac   0x00000020   Code   RO         3801    i.rcu_periph_reset_enable  gd32f30x_rcu.o
    0x080046cc   0x00000018   Code   RO         3805    i.rcu_rtc_clock_config  gd32f30x_rcu.o
    0x080046e4   0x0000001c   Code   RO          970    i.read_chubei_position_switch  ebike.o
    0x08004700   0x0000001c   Code   RO          971    i.read_luobei_position_switch  ebike.o
    0x0800471c   0x00000018   Code   RO          972    i.read_qibei_position_switch  ebike.o
    0x08004734   0x0000001c   Code   RO          973    i.read_zhushui_position_switch  ebike.o
    0x08004750   0x00000056   Code   RO         1266    i.rtc_configuration  rtc.o
    0x080047a6   0x00000002   PAD
    0x080047a8   0x00000014   Code   RO         4019    i.rtc_configuration_mode_enter  gd32f30x_rtc.o
    0x080047bc   0x00000014   Code   RO         4020    i.rtc_configuration_mode_exit  gd32f30x_rtc.o
    0x080047d0   0x00000014   Code   RO         4021    i.rtc_counter_get   gd32f30x_rtc.o
    0x080047e4   0x00000020   Code   RO         4022    i.rtc_counter_set   gd32f30x_rtc.o
    0x08004804   0x00000010   Code   RO         4024    i.rtc_flag_clear    gd32f30x_rtc.o
    0x08004814   0x00000018   Code   RO         4025    i.rtc_flag_get      gd32f30x_rtc.o
    0x0800482c   0x00000148   Code   RO         1267    i.rtc_init          rtc.o
    0x08004974   0x00000010   Code   RO         4027    i.rtc_interrupt_enable  gd32f30x_rtc.o
    0x08004984   0x00000014   Code   RO         4028    i.rtc_lwoff_wait    gd32f30x_rtc.o
    0x08004998   0x00000020   Code   RO         4029    i.rtc_prescaler_set  gd32f30x_rtc.o
    0x080049b8   0x00000020   Code   RO         4030    i.rtc_register_sync_wait  gd32f30x_rtc.o
    0x080049d8   0x0000007c   Code   RO         1217    i.step_motor_init   step_motor.o
    0x08004a54   0x00000084   Code   RO         1218    i.step_motor_move_forward  step_motor.o
    0x08004ad8   0x00000084   Code   RO         1219    i.step_motor_move_reverse  step_motor.o
    0x08004b5c   0x0000000a   Code   RO         1220    i.step_motor_move_stop  step_motor.o
    0x08004b66   0x00000002   PAD
    0x08004b68   0x00000114   Code   RO         1533    i.system_clock_120m_hxtal  system_gd32f30x.o
    0x08004c7c   0x00000008   Code   RO         1534    i.system_clock_config  system_gd32f30x.o
    0x08004c84   0x00000050   Code   RO          302    i.systick_config    systick.o
    0x08004cd4   0x00000014   Code   RO          623    i.temperature_error_timer_clear  timeflag.o
    0x08004ce8   0x0000002c   Code   RO          624    i.temperature_error_timer_start  timeflag.o
    0x08004d14   0x00000026   Code   RO         1268    i.time_adjust       rtc.o
    0x08004d3a   0x00000002   PAD
    0x08004d3c   0x00000064   Code   RO         1269    i.time_display      rtc.o
    0x08004da0   0x00000020   Code   RO         1270    i.time_show         rtc.o
    0x08004dc0   0x000000bc   Code   RO          479    i.timer7_config     hard_ware.o
    0x08004e7c   0x0000000a   Code   RO         4655    i.timer_auto_reload_shadow_enable  gd32f30x_timer.o
    0x08004e86   0x00000002   PAD
    0x08004e88   0x000001ec   Code   RO         4672    i.timer_channel_output_config  gd32f30x_timer.o
    0x08005074   0x0000005a   Code   RO         4674    i.timer_channel_output_mode_config  gd32f30x_timer.o
    0x080050ce   0x00000026   Code   RO         4676    i.timer_channel_output_pulse_value_config  gd32f30x_timer.o
    0x080050f4   0x0000005a   Code   RO         4677    i.timer_channel_output_shadow_config  gd32f30x_timer.o
    0x0800514e   0x00000002   PAD
    0x08005150   0x000000dc   Code   RO         4685    i.timer_deinit      gd32f30x_timer.o
    0x0800522c   0x0000000a   Code   RO         4690    i.timer_enable      gd32f30x_timer.o
    0x08005236   0x00000002   PAD
    0x08005238   0x00000098   Code   RO         4700    i.timer_init        gd32f30x_timer.o
    0x080052d0   0x00000018   Code   RO         4715    i.timer_primary_output_config  gd32f30x_timer.o
    0x080052e8   0x0000001c   Code   RO         1149    i.trige_count       app_exti.o
    0x08005304   0x00000030   Code   RO          714    i.usart2_data_transfer  usart2.o
    0x08005334   0x000000a4   Code   RO          715    i.usart2_init       usart2.o
    0x080053d8   0x00000090   Code   RO         5095    i.usart_baudrate_set  gd32f30x_usart.o
    0x08005468   0x0000000a   Code   RO         5098    i.usart_data_receive  gd32f30x_usart.o
    0x08005472   0x00000008   Code   RO         5099    i.usart_data_transmit  gd32f30x_usart.o
    0x0800547a   0x00000002   PAD
    0x0800547c   0x00000090   Code   RO         5100    i.usart_deinit      gd32f30x_usart.o
    0x0800550c   0x0000000a   Code   RO         5104    i.usart_enable      gd32f30x_usart.o
    0x08005516   0x0000001a   Code   RO         5105    i.usart_flag_clear  gd32f30x_usart.o
    0x08005530   0x0000001e   Code   RO         5106    i.usart_flag_get    gd32f30x_usart.o
    0x0800554e   0x00000010   Code   RO         5110    i.usart_hardware_flow_cts_config  gd32f30x_usart.o
    0x0800555e   0x00000010   Code   RO         5111    i.usart_hardware_flow_rts_config  gd32f30x_usart.o
    0x0800556e   0x0000001a   Code   RO         5113    i.usart_interrupt_enable  gd32f30x_usart.o
    0x08005588   0x0000001a   Code   RO         5114    i.usart_interrupt_flag_clear  gd32f30x_usart.o
    0x080055a2   0x00000038   Code   RO         5115    i.usart_interrupt_flag_get  gd32f30x_usart.o
    0x080055da   0x00000010   Code   RO         5126    i.usart_parity_config  gd32f30x_usart.o
    0x080055ea   0x00000010   Code   RO         5128    i.usart_receive_config  gd32f30x_usart.o
    0x080055fa   0x00000010   Code   RO         5138    i.usart_stop_bit_set  gd32f30x_usart.o
    0x0800560a   0x00000010   Code   RO         5142    i.usart_transmit_config  gd32f30x_usart.o
    0x0800561a   0x00000010   Code   RO         5143    i.usart_word_length_set  gd32f30x_usart.o
    0x0800562a   0x00000002   PAD
    0x0800562c   0x0000003c   Code   RO          760    i.utils_sample_init  utils.o
    0x08005668   0x0000004c   Code   RO         1150    i.velocity_exti_init  app_exti.o
    0x080056b4   0x00000028   Code   RO         1077    i.water_motor_init  bldc.o
    0x080056dc   0x00000014   Code   RO         1078    i.water_motor_start  bldc.o
    0x080056f0   0x00000014   Code   RO         1079    i.water_motor_stop  bldc.o
    0x08005704   0x000004d4   Code   RO          353    i.work_loop         global.o
    0x08005bd8   0x000000b4   Data   RO         1357    .constdata          lcd.o
    0x08005c8c   0x00000020   Data   RO         5865    Region$$Table       anon$$obj.o


    Execution Region RW_IRAM1 (Base: 0x20000000, Size: 0x00000b40, Max: 0x0000c000, ABSOLUTE)

    Base Addr    Size         Type   Attr      Idx    E Section Name        Object

    0x20000000   0x00000005   Data   RW          303    .data               systick.o
    0x20000005   0x00000003   PAD
    0x20000008   0x0000002e   Data   RW          355    .data               global.o
    0x20000036   0x00000010   Data   RW          392    .data               debug.o
    0x20000046   0x00000002   PAD
    0x20000048   0x0000000c   Data   RW          438    .data               flash.o
    0x20000054   0x00000004   Data   RW          529    .data               key.o
    0x20000058   0x00000026   Data   RW          625    .data               timeflag.o
    0x2000007e   0x00000008   Data   RW          717    .data               usart2.o
    0x20000086   0x00000002   PAD
    0x20000088   0x00000008   Data   RW          975    .data               ebike.o
    0x20000090   0x00000008   Data   RW         1151    .data               app_exti.o
    0x20000098   0x00000005   Data   RW         1221    .data               step_motor.o
    0x2000009d   0x00000003   PAD
    0x200000a0   0x00000008   Data   RW         1271    .data               rtc.o
    0x200000a8   0x00000003   Data   RW         1358    .data               lcd.o
    0x200000ab   0x00000001   PAD
    0x200000ac   0x00000004   Data   RW         1535    .data               system_gd32f30x.o
    0x200000b0   0x00000004   Data   RW         5828    .data               mc_w.l(stdout.o)
    0x200000b4   0x00000004   Data   RW         5839    .data               mc_w.l(mvars.o)
    0x200000b8   0x00000004   Data   RW         5840    .data               mc_w.l(mvars.o)
    0x200000bc   0x00000018   Zero   RW          437    .bss                flash.o
    0x200000d4   0x00000100   Zero   RW          716    .bss                usart2.o
    0x200001d4   0x00000140   Zero   RW          766    .bss                utils.o
    0x20000314   0x00000028   Zero   RW          974    .bss                ebike.o
    0x2000033c   0x00000004   PAD
    0x20000340   0x00000400   Zero   RW         5463    HEAP                startup_gd32f30x_hd.o
    0x20000740   0x00000400   Zero   RW         5462    STACK               startup_gd32f30x_hd.o


==============================================================================

Image component sizes


      Code (inc. data)   RO Data    RW Data    ZI Data      Debug   Object Name

       508         48          0          8          0       4438   app_exti.o
       240         48          0          0          0       4424   bldc.o
       720        260          0         16          0      28583   debug.o
       938        212          0          8         40       6312   ebike.o
       308         44          0         12         24       2660   flash.o
       540          6          0          0          0       7050   gd32f30x_adc.o
       120         12          0          0          0       1886   gd32f30x_bkp.o
       232         16          0          0          0       2102   gd32f30x_exti.o
       736         66          0          0          0       5971   gd32f30x_fmc.o
       508         12          0          0          0       4551   gd32f30x_gpio.o
       382         14          0          0          0       3124   gd32f30x_i2c.o
       740        128          0          0          0      80842   gd32f30x_it.o
       216         20          0          0          0       1512   gd32f30x_misc.o
        20          6          0          0          0        562   gd32f30x_pmu.o
       972        106          0          0          0       8278   gd32f30x_rcu.o
       232         48          0          0          0       5922   gd32f30x_rtc.o
      1126         48          0          0          0       7051   gd32f30x_timer.o
       592         16          0          0          0      11591   gd32f30x_usart.o
      1272        612          0         46          0       6672   global.o
       480         22          0          0          0       3086   hard_ware.o
       434         80          0          4          0       2325   key.o
      4188        646        180          3          0      23019   lcd.o
       120         10          0          0          0       1025   led.o
       368         68          0          0          0       2907   main.o
       160         18          0          0          0       1442   oled.o
       584        214          0          8          0       3442   rtc.o
        36          8        304          0       2048        892   startup_gd32f30x_hd.o
       638         70          0          5          0       4993   step_motor.o
       396         30          0          4          0       2819   system_gd32f30x.o
       172         26          0          5          0      29082   systick.o
       692        202          0         38          0       7500   timeflag.o
       212         16          0          8        256       2022   usart2.o
        60         12          0          0        320       1624   utils.o

    ----------------------------------------------------------------------
     18988       3144        516        176       2692     279709   Object Totals
         0          0         32          0          0          0   (incl. Generated)
        46          0          0         11          4          0   (incl. Padding)

    ----------------------------------------------------------------------

      Code (inc. data)   RO Data    RW Data    ZI Data      Debug   Library Member Name

        28          0          0          0          0         76   calloc.o
         0          0          0          0          0          0   entry.o
         0          0          0          0          0          0   entry10a.o
         0          0          0          0          0          0   entry11a.o
         8          4          0          0          0          0   entry2.o
         4          0          0          0          0          0   entry5.o
         0          0          0          0          0          0   entry7b.o
         0          0          0          0          0          0   entry8b.o
         8          4          0          0          0          0   entry9a.o
        30          0          0          0          0          0   handlers.o
        36          8          0          0          0         68   init.o
         0          0          0          0          0          0   iusefp.o
        30          0          0          0          0         68   llshl.o
        36          0          0          0          0         68   llsshr.o
        32          0          0          0          0         68   llushr.o
       188         20          0          0          0        160   malloc.o
        36          0          0          0          0         68   memcpya.o
        36          0          0          0          0        108   memseta.o
         0          0          0          8          0          0   mvars.o
      2258         90          0          0          0        452   printfa.o
         0          0          0          4          0          0   stdout.o
        44          0          0          0          0         80   uidiv.o
        98          0          0          0          0         92   uldiv.o
        48          0          0          0          0         68   cdrcmple.o
        56          0          0          0          0         88   d2f.o
       334          0          0          0          0        148   dadd.o
       222          0          0          0          0        100   ddiv.o
       186          0          0          0          0        176   depilogue.o
        50          0          0          0          0         76   dfixui.o
        48          0          0          0          0         68   dfixul.o
        26          0          0          0          0         76   dfltui.o
       228          0          0          0          0         96   dmul.o
        38          0          0          0          0         68   f2d.o
       110          0          0          0          0        168   fepilogue.o

    ----------------------------------------------------------------------
      4220        126          0         12          0       2440   Library Totals
         2          0          0          0          0          0   (incl. Padding)

    ----------------------------------------------------------------------

      Code (inc. data)   RO Data    RW Data    ZI Data      Debug   Library Name

      2872        126          0         12          0       1308   mc_w.l
      1346          0          0          0          0       1132   mf_w.l

    ----------------------------------------------------------------------
      4220        126          0         12          0       2440   Library Totals

    ----------------------------------------------------------------------

==============================================================================


      Code (inc. data)   RO Data    RW Data    ZI Data      Debug   

     23208       3270        516        188       2692     260405   Grand Totals
     23208       3270        516        188       2692     260405   ELF Image Totals
     23208       3270        516        188          0          0   ROM Totals

==============================================================================

    Total RO  Size (Code + RO Data)                23724 (  23.17kB)
    Total RW  Size (RW Data + ZI Data)              2880 (   2.81kB)
    Total ROM Size (Code + RO Data + RW Data)      23912 (  23.35kB)

==============================================================================

