Component: ARM Compiler 5.06 update 6 (build 750) Tool: armlink [4d35ed]

==============================================================================

Section Cross References

    gd32f30x_it.o(i.EXTI10_15_IRQHandler) refers to gd32f30x_exti.o(i.exti_interrupt_flag_get) for exti_interrupt_flag_get
    gd32f30x_it.o(i.EXTI10_15_IRQHandler) refers to gd32f30x_exti.o(i.exti_interrupt_flag_clear) for exti_interrupt_flag_clear
    gd32f30x_it.o(i.EXTI10_15_IRQHandler) refers to app_exti.o(i.joggle_delay) for joggle_delay
    gd32f30x_it.o(i.EXTI10_15_IRQHandler) refers to gd32f30x_gpio.o(i.gpio_input_bit_get) for gpio_input_bit_get
    gd32f30x_it.o(i.EXTI5_9_IRQHandler) refers to gd32f30x_exti.o(i.exti_interrupt_flag_get) for exti_interrupt_flag_get
    gd32f30x_it.o(i.EXTI5_9_IRQHandler) refers to gd32f30x_exti.o(i.exti_interrupt_flag_clear) for exti_interrupt_flag_clear
    gd32f30x_it.o(i.EXTI5_9_IRQHandler) refers to app_exti.o(i.joggle_delay) for joggle_delay
    gd32f30x_it.o(i.EXTI5_9_IRQHandler) refers to gd32f30x_gpio.o(i.gpio_input_bit_get) for gpio_input_bit_get
    gd32f30x_it.o(i.EXTI5_9_IRQHandler) refers to app_exti.o(i.trige_count) for trige_count
    gd32f30x_it.o(i.EXTI5_9_IRQHandler) refers to led.o(i.led_toggle) for led_toggle
    gd32f30x_it.o(i.EXTI5_9_IRQHandler) refers to ebike.o(.data) for g_velocity_count
    gd32f30x_it.o(i.SysTick_Handler) refers to timeflag.o(i.periodTask_1ms) for periodTask_1ms
    gd32f30x_it.o(i.SysTick_Handler) refers to systick.o(i.delay_decrement) for delay_decrement
    gd32f30x_it.o(i.USART1_IRQHandler) refers to gd32f30x_usart.o(i.usart_interrupt_flag_get) for usart_interrupt_flag_get
    gd32f30x_it.o(i.USART1_IRQHandler) refers to gd32f30x_usart.o(i.usart_data_receive) for usart_data_receive
    gd32f30x_it.o(i.USART1_IRQHandler) refers to memcpya.o(.text) for __aeabi_memcpy
    gd32f30x_it.o(i.USART1_IRQHandler) refers to debug.o(.data) for debug_rx_counter
    gd32f30x_it.o(i.USART2_IRQHandler) refers to gd32f30x_usart.o(i.usart_interrupt_flag_get) for usart_interrupt_flag_get
    gd32f30x_it.o(i.USART2_IRQHandler) refers to gd32f30x_usart.o(i.usart_data_receive) for usart_data_receive
    gd32f30x_it.o(i.USART2_IRQHandler) refers to memcpya.o(.text) for __aeabi_memcpy
    gd32f30x_it.o(i.USART2_IRQHandler) refers to usart2.o(.data) for rx_counter
    main.o(i.fputc) refers to gd32f30x_usart.o(i.usart_data_transmit) for usart_data_transmit
    main.o(i.fputc) refers to gd32f30x_usart.o(i.usart_flag_get) for usart_flag_get
    main.o(i.main) refers to systick.o(i.systick_config) for systick_config
    main.o(i.main) refers to hard_ware.o(i.hardware_config) for hardware_config
    main.o(i.main) refers to app_exti.o(i.luobei_exti_init) for luobei_exti_init
    main.o(i.main) refers to app_exti.o(i.protect_exit_init) for protect_exit_init
    main.o(i.main) refers to ebike.o(i.velocity_exti_init) for velocity_exti_init
    main.o(i.main) refers to app_exti.o(i.position1_exit_init) for position1_exit_init
    main.o(i.main) refers to app_exti.o(i.position2_exit_init) for position2_exit_init
    main.o(i.main) refers to app_exti.o(i.position3_exit_init) for position3_exit_init
    main.o(i.main) refers to bldc.o(i.luobei_motor_init) for luobei_motor_init
    main.o(i.main) refers to bldc.o(i.water_motor_init) for water_motor_init
    main.o(i.main) refers to bldc.o(i.enzyme_motor_init) for enzyme_motor_init
    main.o(i.main) refers to key.o(i.key_init) for key_init
    main.o(i.main) refers to led.o(i.led_init) for led_init
    main.o(i.main) refers to systick.o(i.delay_1ms) for delay_1ms
    main.o(i.main) refers to printfa.o(i.__0printf) for __2printf
    main.o(i.main) refers to utils.o(i.utils_sample_init) for utils_sample_init
    main.o(i.main) refers to flash.o(i.fmc_data_read) for fmc_data_read
    main.o(i.main) refers to usart2.o(i.controller_msg_process) for controller_msg_process
    main.o(i.main) refers to debug.o(i.debug_msg_process) for debug_msg_process
    main.o(i.main) refers to ebike.o(i.ebike_read_sample) for ebike_read_sample
    main.o(i.main) refers to ebike.o(i.ebike_process) for ebike_process
    main.o(i.main) refers to key.o(i.key_process) for key_process
    main.o(i.main) refers to global.o(i.work_loop) for work_loop
    main.o(i.main) refers to app_exti.o(i.calc_cadence) for calc_cadence
    main.o(i.main) refers to ebike.o(i.calc_velocity_1_second) for calc_velocity_1_second
    main.o(i.main) refers to ebike.o(i.heat_running) for heat_running
    main.o(i.main) refers to ebike.o(i.motor_sent_set) for motor_sent_set
    main.o(i.main) refers to flash.o(.bss) for fmc_data
    main.o(i.main) refers to app_exti.o(.data) for water_set
    main.o(i.main) refers to timeflag.o(.data) for bTimeFlag_5ms
    main.o(i.main) refers to usart2.o(.data) for rx_ok
    main.o(i.main) refers to debug.o(.data) for debug_rx_ok
    systick.o(i.delay_1ms) refers to systick.o(.data) for delay
[...]
    ..\Firmware\GD32F30x_standard_peripheral\Source\gd32f30x_can.c 0x00000000   Number         0  gd32f30x_can.o ABSOLUTE
    ..\Firmware\GD32F30x_standard_peripheral\Source\gd32f30x_crc.c 0x00000000   Number         0  gd32f30x_crc.o ABSOLUTE
    ..\Firmware\GD32F30x_standard_peripheral\Source\gd32f30x_ctc.c 0x00000000   Number         0  gd32f30x_ctc.o ABSOLUTE
    ..\Firmware\GD32F30x_standard_peripheral\Source\gd32f30x_dac.c 0x00000000   Number         0  gd32f30x_dac.o ABSOLUTE
    ..\Firmware\GD32F30x_standard_peripheral\Source\gd32f30x_dbg.c 0x00000000   Number         0  gd32f30x_dbg.o ABSOLUTE
    ..\Firmware\GD32F30x_standard_peripheral\Source\gd32f30x_dma.c 0x00000000   Number         0  gd32f30x_dma.o ABSOLUTE
    ..\Firmware\GD32F30x_standard_peripheral\Source\gd32f30x_enet.c 0x00000000   Number         0  gd32f30x_enet.o ABSOLUTE
    ..\Firmware\GD32F30x_standard_peripheral\Source\gd32f30x_exmc.c 0x00000000   Number         0  gd32f30x_exmc.o ABSOLUTE
    ..\Firmware\GD32F30x_standard_peripheral\Source\gd32f30x_exti.c 0x00000000   Number         0  gd32f30x_exti.o ABSOLUTE
    ..\Firmware\GD32F30x_standard_peripheral\Source\gd32f30x_fmc.c 0x00000000   Number         0  gd32f30x_fmc.o ABSOLUTE
    ..\Firmware\GD32F30x_standard_peripheral\Source\gd32f30x_fwdgt.c 0x00000000   Number         0  gd32f30x_fwdgt.o ABSOLUTE
    ..\Firmware\GD32F30x_standard_peripheral\Source\gd32f30x_gpio.c 0x00000000   Number         0  gd32f30x_gpio.o ABSOLUTE
    ..\Firmware\GD32F30x_standard_peripheral\Source\gd32f30x_i2c.c 0x00000000   Number         0  gd32f30x_i2c.o ABSOLUTE
    ..\Firmware\GD32F30x_standard_peripheral\Source\gd32f30x_misc.c 0x00000000   Number         0  gd32f30x_misc.o ABSOLUTE
    ..\Firmware\GD32F30x_standard_peripheral\Source\gd32f30x_pmu.c 0x00000000   Number         0  gd32f30x_pmu.o ABSOLUTE
    ..\Firmware\GD32F30x_standard_peripheral\Source\gd32f30x_rcu.c 0x00000000   Number         0  gd32f30x_rcu.o ABSOLUTE
    ..\Firmware\GD32F30x_standard_peripheral\Source\gd32f30x_rtc.c 0x00000000   Number         0  gd32f30x_rtc.o ABSOLUTE
    ..\Firmware\GD32F30x_standard_peripheral\Source\gd32f30x_sdio.c 0x00000000   Number         0  gd32f30x_sdio.o ABSOLUTE
    ..\Firmware\GD32F30x_standard_peripheral\Source\gd32f30x_spi.c 0x00000000   Number         0  gd32f30x_spi.o ABSOLUTE
    ..\Firmware\GD32F30x_standard_peripheral\Source\gd32f30x_timer.c 0x00000000   Number         0  gd32f30x_timer.o ABSOLUTE
    ..\Firmware\GD32F30x_standard_peripheral\Source\gd32f30x_usart.c 0x00000000   Number         0  gd32f30x_usart.o ABSOLUTE
    ..\Firmware\GD32F30x_standard_peripheral\Source\gd32f30x_wwdgt.c 0x00000000   Number         0  gd32f30x_wwdgt.o ABSOLUTE
    ..\\Firmware\\CMSIS\\GD\\GD32F30x\\Source\\system_gd32f30x.c 0x00000000   Number         0  system_gd32f30x.o ABSOLUTE
    ..\\Firmware\\GD32F30x_standard_peripheral\\Source\\gd32f30x_adc.c 0x00000000   Number         0  gd32f30x_adc.o ABSOLUTE
    ..\\Firmware\\GD32F30x_standard_peripheral\\Source\\gd32f30x_bkp.c 0x00000000   Number         0  gd32f30x_bkp.o ABSOLUTE
    ..\\Firmware\\GD32F30x_standard_peripheral\\Source\\gd32f30x_can.c 0x00000000   Number         0  gd32f30x_can.o ABSOLUTE
    ..\\Firmware\\GD32F30x_standard_peripheral\\Source\\gd32f30x_crc.c 0x00000000   Number         0  gd32f30x_crc.o ABSOLUTE
    ..\\Firmware\\GD32F30x_standard_peripheral\\Source\\gd32f30x_ctc.c 0x00000000   Number         0  gd32f30x_ctc.o ABSOLUTE
    ..\\Firmware\\GD32F30x_standard_peripheral\\Source\\gd32f30x_dac.c 0x00000000   Number         0  gd32f30x_dac.o ABSOLUTE
    ..\\Firmware\\GD32F30x_standard_peripheral\\Source\\gd32f30x_dbg.c 0x00000000   Number         0  gd32f30x_dbg.o ABSOLUTE
    ..\\Firmware\\GD32F30x_standard_peripheral\\Source\\gd32f30x_dma.c 0x00000000   Number         0  gd32f30x_dma.o ABSOLUTE
    ..\\Firmware\\GD32F30x_standard_peripheral\\Source\\gd32f30x_enet.c 0x00000000   Number         0  gd32f30x_enet.o ABSOLUTE
    ..\\Firmware\\GD32F30x_standard_peripheral\\Source\\gd32f30x_exmc.c 0x00000000   Number         0  gd32f30x_exmc.o ABSOLUTE
    ..\\Firmware\\GD32F30x_standard_peripheral\\Source\\gd32f30x_exti.c 0x00000000   Number         0  gd32f30x_exti.o ABSOLUTE
    ..\\Firmware\\GD32F30x_standard_peripheral\\Source\\gd32f30x_fmc.c 0x00000000   Number         0  gd32f30x_fmc.o ABSOLUTE
    ..\\Firmware\\GD32F30x_standard_peripheral\\Source\\gd32f30x_fwdgt.c 0x00000000   Number         0  gd32f30x_fwdgt.o ABSOLUTE
    ..\\Firmware\\GD32F30x_standard_peripheral\\Source\\gd32f30x_gpio.c 0x00000000   Number         0  gd32f30x_gpio.o ABSOLUTE
    ..\\Firmware\\GD32F30x_standard_peripheral\\Source\\gd32f30x_i2c.c 0x00000000   Number         0  gd32f30x_i2c.o ABSOLUTE
    ..\\Firmware\\GD32F30x_standard_peripheral\\Source\\gd32f30x_misc.c 0x00000000   Number         0  gd32f30x_misc.o ABSOLUTE
    ..\\Firmware\\GD32F30x_standard_peripheral\\Source\\gd32f30x_pmu.c 0x00000000   Number         0  gd32f30x_pmu.o ABSOLUTE
    ..\\Firmware\\GD32F30x_standard_peripheral\\Source\\gd32f30x_rcu.c 0x00000000   Number         0  gd32f30x_rcu.o ABSOLUTE
    ..\\Firmware\\GD32F30x_standard_peripheral\\Source\\gd32f30x_rtc.c 0x00000000   Number         0  gd32f30x_rtc.o ABSOLUTE
    ..\\Firmware\\GD32F30x_standard_peripheral\\Source\\gd32f30x_sdio.c 0x00000000   Number         0  gd32f30x_sdio.o ABSOLUTE
    ..\\Firmware\\GD32F30x_standard_peripheral\\Source\\gd32f30x_spi.c 0x00000000   Number         0  gd32f30x_spi.o ABSOLUTE
    ..\\Firmware\\GD32F30x_standard_peripheral\\Source\\gd32f30x_timer.c 0x00000000   Number         0  gd32f30x_timer.o ABSOLUTE
    ..\\Firmware\\GD32F30x_standard_peripheral\\Source\\gd32f30x_usart.c 0x00000000   Number         0  gd32f30x_usart.o ABSOLUTE
    ..\\Firmware\\GD32F30x_standard_peripheral\\Source\\gd32f30x_wwdgt.c 0x00000000   Number         0  gd32f30x_wwdgt.o ABSOLUTE
    ..\\app\\gd32f30x_it.c                   0x00000000   Number         0  gd32f30x_it.o ABSOLUTE
    ..\\app\\main.c                          0x00000000   Number         0  main.o ABSOLUTE
    ..\\app\\source\\app_exti.c              0x00000000   Number         0  app_exti.o ABSOLUTE
    ..\\app\\source\\bldc.c                  0x00000000   Number         0  bldc.o ABSOLUTE
    ..\\app\\source\\debug.c                 0x00000000   Number         0  debug.o ABSOLUTE
    ..\\app\\source\\ebike.c                 0x00000000   Number         0  ebike.o ABSOLUTE
    ..\\app\\source\\flash.c                 0x00000000   Number         0  flash.o ABSOLUTE
    ..\\app\\source\\global.c                0x00000000   Number         0  global.o ABSOLUTE
    ..\\app\\source\\hard_ware.c             0x00000000   Number         0  hard_ware.o ABSOLUTE
    ..\\app\\source\\key.c                   0x00000000   Number         0  key.o ABSOLUTE
    ..\\app\\source\\led.c                   0x00000000   Number         0  led.o ABSOLUTE
    ..\\app\\source\\oled.c                  0x00000000   Number         0  oled.o ABSOLUTE
    ..\\app\\source\\timeflag.c              0x00000000   Number         0  timeflag.o ABSOLUTE
    ..\\app\\source\\usart2.c                0x00000000   Number         0  usart2.o ABSOLUTE
    ..\\app\\source\\utils.c                 0x00000000   Number         0  utils.o ABSOLUTE
    ..\\app\\systick.c                       0x00000000   Number         0  systick.o ABSOLUTE
    ..\app\gd32f30x_it.c                     0x00000000   Number         0  gd32f30x_it.o ABSOLUTE
    ..\app\main.c                            0x00000000   Number         0  main.o ABSOLUTE
    ..\app\source\app_exti.c                 0x00000000   Number         0  app_exti.o ABSOLUTE
    ..\app\source\bldc.c                     0x00000000   Number         0  bldc.o ABSOLUTE
    ..\app\source\debug.c                    0x00000000   Number         0  debug.o ABSOLUTE
    ..\app\source\ebike.c                    0x00000000   Number         0  ebike.o ABSOLUTE
    ..\app\source\flash.c                    0x00000000   Number         0  flash.o ABSOLUTE
    ..\app\source\global.c                   0x00000000   Number         0  global.o ABSOLUTE
    ..\app\source\hard_ware.c                0x00000000   Number         0  hard_ware.o ABSOLUTE
    ..\app\source\key.c                      0x00000000   Number         0  key.o ABSOLUTE
    ..\app\source\led.c                      0x00000000   Number         0  led.o ABSOLUTE
    ..\app\source\oled.c                     0x00000000   Number         0  oled.o ABSOLUTE
    ..\app\source\timeflag.c                 0x00000000   Number         0  timeflag.o ABSOLUTE
    ..\app\source\usart2.c                   0x00000000   Number         0  usart2.o ABSOLUTE
    ..\app\source\utils.c                    0x00000000   Number         0  utils.o ABSOLUTE
    ..\app\systick.c                         0x00000000   Number         0  systick.o ABSOLUTE
    cdcmple.s                                0x00000000   Number         0  cdcmple.o ABSOLUTE
    cdrcmple.s                               0x00000000   Number         0  cdrcmple.o ABSOLUTE
    dc.s                                     0x00000000   Number         0  dc.o ABSOLUTE
    handlers.s                               0x00000000   Number         0  handlers.o ABSOLUTE
    init.s                                   0x00000000   Number         0  init.o ABSOLUTE
    RESET                                    0x08000000   Section      304  startup_gd32f30x_hd.o(RESET)
    .ARM.Collect$$$$00000000                 0x08000130   Section        0  entry.o(.ARM.Collect$$$$00000000)
    .ARM.Collect$$$$00000001                 0x08000130   Section        4  entry2.o(.ARM.Collect$$$$00000001)
    .ARM.Collect$$$$00000004                 0x08000134   Section        4  entry5.o(.ARM.Collect$$$$00000004)
    .ARM.Collect$$$$00000008                 0x08000138   Section        0  entry7b.o(.ARM.Collect$$$$00000008)
    .ARM.Collect$$$$0000000A                 0x08000138   Section        0  entry8b.o(.ARM.Collect$$$$0000000A)
    .ARM.Collect$$$$0000000B                 0x08000138   Section        8  entry9a.o(.ARM.Collect$$$$0000000B)
    .ARM.Collect$$$$0000000D                 0x08000140   Section        0  entry10a.o(.ARM.Collect$$$$0000000D)
    .ARM.Collect$$$$0000000F                 0x08000140   Section        0  entry11a.o(.ARM.Collect$$$$0000000F)
    .ARM.Collect$$$$00002712                 0x08000140   Section        4  entry2.o(.ARM.Collect$$$$00002712)
    __lit__00000000                          0x08000140   Data           4  entry2.o(.ARM.Collect$$$$00002712)
    .text                                    0x08000144   Section       36  startup_gd32f30x_hd.o(.text)
    $v0                                      0x08000144   Number         0  startup_gd32f30x_hd.o(.text)
    .text                                    0x08000168   Section        0  memcpya.o(.text)
    .text                                    0x0800018c   Section        0  dmul.o(.text)
    .text                                    0x08000270   Section        0  dfltui.o(.text)
    .text                                    0x0800028a   Section        0  f2d.o(.text)
    .text                                    0x080002b0   Section       48  cdcmple.o(.text)
    .text                                    0x080002e0   Section       48  cdrcmple.o(.text)
    .text                                    0x08000310   Section        0  d2f.o(.text)
    .text                                    0x08000348   Section        0  uidiv.o(.text)
    .text                                    0x08000374   Section        0  uldiv.o(.text)
    .text                                    0x080003d6   Section        0  fepilogue.o(.text)
    .text                                    0x080003d6   Section        0  iusefp.o(.text)
    .text                                    0x08000444   Section        0  depilogue.o(.text)
    .text                                    0x080004fe   Section        0  dadd.o(.text)
    .text                                    0x0800064c   Section        0  ddiv.o(.text)
    .text                                    0x0800072a   Section        0  dfixul.o(.text)
    .text                                    0x0800075c   Section       36  init.o(.text)
    .text                                    0x08000780   Section        0  llshl.o(.text)
    .text                                    0x0800079e   Section        0  llushr.o(.text)
    .text                                    0x080007be   Section        0  llsshr.o(.text)
    i.BusFault_Handler                       0x080007e2   Section        0  gd32f30x_it.o(i.BusFault_Handler)
    i.DebugMon_Handler                       0x080007e6   Section        0  gd32f30x_it.o(i.DebugMon_Handler)
    i.EXTI10_15_IRQHandler                   0x080007e8   Section        0  gd32f30x_it.o(i.EXTI10_15_IRQHandler)
    i.EXTI5_9_IRQHandler                     0x0800085c   Section        0  gd32f30x_it.o(i.EXTI5_9_IRQHandler)
    i.HardFault_Handler                      0x080008f0   Section        0  gd32f30x_it.o(i.HardFault_Handler)
    i.MemManage_Handler                      0x080008f4   Section        0  gd32f30x_it.o(i.MemManage_Handler)
    i.NMI_Handler                            0x080008f8   Section        0  gd32f30x_it.o(i.NMI_Handler)
    i.NVIC_SetPriority                       0x080008fc   Section        0  systick.o(i.NVIC_SetPriority)
    NVIC_SetPriority                         0x080008fd   Thumb Code    32  systick.o(i.NVIC_SetPriority)
    i.PendSV_Handler                         0x08000924   Section        0  gd32f30x_it.o(i.PendSV_Handler)
    i.SVC_Handler                            0x08000926   Section        0  gd32f30x_it.o(i.SVC_Handler)
    i.SysTick_Handler                        0x08000928   Section        0  gd32f30x_it.o(i.SysTick_Handler)
    i.SystemInit                             0x08000934   Section        0  system_gd32f30x.o(i.SystemInit)
    i.USART1_IRQHandler                      0x080009a4   Section        0  gd32f30x_it.o(i.USART1_IRQHandler)
    i.USART2_IRQHandler                      0x08000a04   Section        0  gd32f30x_it.o(i.USART2_IRQHandler)
    i.UsageFault_Handler                     0x08000a64   Section        0  gd32f30x_it.o(i.UsageFault_Handler)
    i.__0printf                              0x08000a68   Section        0  printfa.o(i.__0printf)
    i.__scatterload_copy                     0x08000a88   Section       14  handlers.o(i.__scatterload_copy)
    i.__scatterload_null                     0x08000a96   Section        2  handlers.o(i.__scatterload_null)
    i.__scatterload_zeroinit                 0x08000a98   Section       14  handlers.o(i.__scatterload_zeroinit)
    i._fp_digits                             0x08000aa8   Section        0  printfa.o(i._fp_digits)
    _fp_digits                               0x08000aa9   Thumb Code   366  printfa.o(i._fp_digits)
    i._printf_core                           0x08000c2c   Section        0  printfa.o(i._printf_core)
    _printf_core                             0x08000c2d   Thumb Code  1744  printfa.o(i._printf_core)
    i._printf_post_padding                   0x08001308   Section        0  printfa.o(i._printf_post_padding)
    _printf_post_padding                     0x08001309   Thumb Code    36  printfa.o(i._printf_post_padding)
    i._printf_pre_padding                    0x0800132c   Section        0  printfa.o(i._printf_pre_padding)
    _printf_pre_padding                      0x0800132d   Thumb Code    46  printfa.o(i._printf_pre_padding)
    i.adc_calibration_enable                 0x0800135a   Section        0  gd32f30x_adc.o(i.adc_calibration_enable)
    i.adc_channel_length_config              0x08001384   Section        0  gd32f30x_adc.o(i.adc_channel_length_config)
    i.adc_config                             0x080013cc   Section        0  hard_ware.o(i.adc_config)
    adc_config                               0x080013cd   Thumb Code    92  hard_ware.o(i.adc_config)
    i.adc_data_alignment_config              0x0800142c   Section        0  gd32f30x_adc.o(i.adc_data_alignment_config)
    i.adc_enable                             0x08001442   Section        0  gd32f30x_adc.o(i.adc_enable)
    i.adc_external_trigger_config            0x08001454   Section        0  gd32f30x_adc.o(i.adc_external_trigger_config)
    i.adc_external_trigger_source_config     0x08001492   Section        0  gd32f30x_adc.o(i.adc_external_trigger_source_config)
    i.adc_inserted_channel_config            0x080014c2   Section        0  gd32f30x_adc.o(i.adc_inserted_channel_config)
    i.adc_inserted_data_read                 0x08001536   Section        0  gd32f30x_adc.o(i.adc_inserted_data_read)
    i.adc_interrupt_enable                   0x08001564   Section        0  gd32f30x_adc.o(i.adc_interrupt_enable)
    i.adc_mode_config                        0x08001590   Section        0  gd32f30x_adc.o(i.adc_mode_config)
    i.adc_software_trigger_enable            0x080015ac   Section        0  gd32f30x_adc.o(i.adc_software_trigger_enable)
    i.adc_special_function_config            0x080015ca   Section        0  gd32f30x_adc.o(i.adc_special_function_config)
    i.calc_cadence                           0x08001624   Section        0  app_exti.o(i.calc_cadence)
    i.calc_velocity_1_second                 0x08001628   Section        0  ebike.o(i.calc_velocity_1_second)
    i.calculateCRC8                          0x080016a0   Section        0  ebike.o(i.calculateCRC8)
    i.controller_msg_process                 0x080016bc   Section        0  usart2.o(i.controller_msg_process)
    i.debug_init                             0x08001720   Section        0  debug.o(i.debug_init)
    i.debug_msg_process                      0x080017ac   Section        0  debug.o(i.debug_msg_process)
    i.delay_1ms                              0x08001868   Section        0  systick.o(i.delay_1ms)
    i.delay_decrement                        0x0800187c   Section        0  systick.o(i.delay_decrement)
    i.ebike_process                          0x0800189c   Section        0  ebike.o(i.ebike_process)
    i.ebike_read_sample                      0x080018a8   Section        0  ebike.o(i.ebike_read_sample)
    i.enzyme_motor_init                      0x080018f8   Section        0  bldc.o(i.enzyme_motor_init)
    i.exti_init                              0x08001920   Section        0  gd32f30x_exti.o(i.exti_init)
    i.exti_interrupt_flag_clear              0x080019d8   Section        0  gd32f30x_exti.o(i.exti_interrupt_flag_clear)
    i.exti_interrupt_flag_get                0x080019e4   Section        0  gd32f30x_exti.o(i.exti_interrupt_flag_get)
    i.fmc_bank0_ready_wait                   0x08001a08   Section        0  gd32f30x_fmc.o(i.fmc_bank0_ready_wait)
    i.fmc_bank0_state_get                    0x08001a2c   Section        0  gd32f30x_fmc.o(i.fmc_bank0_state_get)
    i.fmc_bank1_ready_wait                   0x08001a5c   Section        0  gd32f30x_fmc.o(i.fmc_bank1_ready_wait)
    i.fmc_bank1_state_get                    0x08001a80   Section        0  gd32f30x_fmc.o(i.fmc_bank1_state_get)
    i.fmc_data_program                       0x08001ab0   Section        0  flash.o(i.fmc_data_program)
    i.fmc_data_read                          0x08001ba8   Section        0  flash.o(i.fmc_data_read)
    i.fmc_erase_pages                        0x08001be0   Section        0  flash.o(i.fmc_erase_pages)
    i.fmc_flag_clear                         0x08001c10   Section        0  gd32f30x_fmc.o(i.fmc_flag_clear)
    i.fmc_halfword_program                   0x08001c30   Section        0  gd32f30x_fmc.o(i.fmc_halfword_program)
    i.fmc_lock                               0x08001cf0   Section        0  gd32f30x_fmc.o(i.fmc_lock)
    i.fmc_page_erase                         0x08001d1c   Section        0  gd32f30x_fmc.o(i.fmc_page_erase)
    i.fmc_unlock                             0x08001e08   Section        0  gd32f30x_fmc.o(i.fmc_unlock)
    i.fputc                                  0x08001e4c   Section        0  main.o(i.fputc)
    i.gpio_bit_reset                         0x08001e70   Section        0  gd32f30x_gpio.o(i.gpio_bit_reset)
    i.gpio_bit_set                           0x08001e74   Section        0  gd32f30x_gpio.o(i.gpio_bit_set)
    i.gpio_bit_write                         0x08001e78   Section        0  gd32f30x_gpio.o(i.gpio_bit_write)
    i.gpio_config                            0x08001e84   Section        0  hard_ware.o(i.gpio_config)
    gpio_config                              0x08001e85   Thumb Code    36  hard_ware.o(i.gpio_config)
    i.gpio_exti_source_select                0x08001eb4   Section        0  gd32f30x_gpio.o(i.gpio_exti_source_select)
    i.gpio_init                              0x08001f4c   Section        0  gd32f30x_gpio.o(i.gpio_init)
    i.gpio_input_bit_get                     0x08002008   Section        0  gd32f30x_gpio.o(i.gpio_input_bit_get)
    i.gpio_pin_remap_config                  0x08002018   Section        0  gd32f30x_gpio.o(i.gpio_pin_remap_config)
    i.hardware_config                        0x080020a8   Section        0  hard_ware.o(i.hardware_config)
    i.heat_running                           0x080020cc   Section        0  ebike.o(i.heat_running)
    i.i2c_ack_config                         0x08002160   Section        0  gd32f30x_i2c.o(i.i2c_ack_config)
    i.i2c_clock_config                       0x08002178   Section        0  gd32f30x_i2c.o(i.i2c_clock_config)
    i.i2c_config                             0x080022b8   Section        0  oled.o(i.i2c_config)
    i2c_config                               0x080022b9   Thumb Code    70  oled.o(i.i2c_config)
    i.i2c_enable                             0x0800230c   Section        0  gd32f30x_i2c.o(i.i2c_enable)
    i.i2c_init                               0x08002316   Section        0  oled.o(i.i2c_init)
    i.i2c_mode_addr_config                   0x08002322   Section        0  gd32f30x_i2c.o(i.i2c_mode_addr_config)
    i.joggle_delay                           0x08002340   Section        0  app_exti.o(i.joggle_delay)
    i.key_init                               0x08002360   Section        0  key.o(i.key_init)
    i.key_process                            0x080023c8   Section        0  key.o(i.key_process)
    i.key_read                               0x08002428   Section        0  key.o(i.key_read)
    key_read                                 0x08002429   Thumb Code    92  key.o(i.key_read)
    i.key_read_debouncing                    0x08002488   Section        0  key.o(i.key_read_debouncing)
    key_read_debouncing                      0x08002489   Thumb Code    34  key.o(i.key_read_debouncing)
    i.led_init                               0x080024ac   Section        0  led.o(i.led_init)
    i.led_off                                0x080024e4   Section        0  led.o(i.led_off)
    i.led_toggle                             0x08002524   Section        0  led.o(i.led_toggle)
    i.luobei_exti_init                       0x08002544   Section        0  app_exti.o(i.luobei_exti_init)
    i.luobei_motor_init                      0x0800258c   Section        0  bldc.o(i.luobei_motor_init)
    i.main                                   0x080025b4   Section        0  main.o(i.main)
    i.motor_sent_control                     0x08002738   Section        0  ebike.o(i.motor_sent_control)
    i.motor_sent_set                         0x08002766   Section        0  ebike.o(i.motor_sent_set)
    i.nvic_config                            0x08002794   Section        0  hard_ware.o(i.nvic_config)
    nvic_config                              0x08002795   Thumb Code    32  hard_ware.o(i.nvic_config)
    i.nvic_irq_enable                        0x080027b4   Section        0  gd32f30x_misc.o(i.nvic_irq_enable)
    i.nvic_priority_group_set                0x08002878   Section        0  gd32f30x_misc.o(i.nvic_priority_group_set)
    i.oled_io_init                           0x0800288c   Section        0  oled.o(i.oled_io_init)
    i.periodTask_1ms                         0x080028cc   Section        0  timeflag.o(i.periodTask_1ms)
    i.position1_exit_init                    0x080029b0   Section        0  app_exti.o(i.position1_exit_init)
    i.position2_exit_init                    0x080029fc   Section        0  app_exti.o(i.position2_exit_init)
    i.position3_exit_init                    0x08002a48   Section        0  app_exti.o(i.position3_exit_init)
    i.protect_exit_init                      0x08002a94   Section        0  app_exti.o(i.protect_exit_init)
    i.rcu_adc_clock_config                   0x08002adc   Section        0  gd32f30x_rcu.o(i.rcu_adc_clock_config)
    i.rcu_clock_freq_get                     0x08002b48   Section        0  gd32f30x_rcu.o(i.rcu_clock_freq_get)
    i.rcu_config                             0x08002ca0   Section        0  hard_ware.o(i.rcu_config)
    rcu_config                               0x08002ca1   Thumb Code    58  hard_ware.o(i.rcu_config)
    i.rcu_periph_clock_enable                0x08002cdc   Section        0  gd32f30x_rcu.o(i.rcu_periph_clock_enable)
    i.rcu_periph_reset_disable               0x08002cfc   Section        0  gd32f30x_rcu.o(i.rcu_periph_reset_disable)
    i.rcu_periph_reset_enable                0x08002d1c   Section        0  gd32f30x_rcu.o(i.rcu_periph_reset_enable)
    i.system_clock_120m_irc8m                0x08002d3c   Section        0  system_gd32f30x.o(i.system_clock_120m_irc8m)
    system_clock_120m_irc8m                  0x08002d3d   Thumb Code   236  system_gd32f30x.o(i.system_clock_120m_irc8m)
    i.system_clock_config                    0x08002e38   Section        0  system_gd32f30x.o(i.system_clock_config)
    system_clock_config                      0x08002e39   Thumb Code     8  system_gd32f30x.o(i.system_clock_config)
    i.systick_config                         0x08002e40   Section        0  systick.o(i.systick_config)
    i.timer7_config                          0x08002e90   Section        0  hard_ware.o(i.timer7_config)
    i.timer_auto_reload_shadow_enable        0x08002f24   Section        0  gd32f30x_timer.o(i.timer_auto_reload_shadow_enable)
    i.timer_channel_output_config            0x08002f30   Section        0  gd32f30x_timer.o(i.timer_channel_output_config)
    i.timer_channel_output_mode_config       0x0800311c   Section        0  gd32f30x_timer.o(i.timer_channel_output_mode_config)
    i.timer_channel_output_pulse_value_config 0x08003176   Section        0  gd32f30x_timer.o(i.timer_channel_output_pulse_value_config)
    i.timer_channel_output_shadow_config     0x0800319c   Section        0  gd32f30x_timer.o(i.timer_channel_output_shadow_config)
    i.timer_deinit                           0x080031f8   Section        0  gd32f30x_timer.o(i.timer_deinit)
    i.timer_enable                           0x080032d4   Section        0  gd32f30x_timer.o(i.timer_enable)
    i.timer_init                             0x080032e0   Section        0  gd32f30x_timer.o(i.timer_init)
    i.timer_primary_output_config            0x08003378   Section        0  gd32f30x_timer.o(i.timer_primary_output_config)
    i.torque_value_calibration               0x08003390   Section        0  ebike.o(i.torque_value_calibration)
    i.trige_count                            0x08003454   Section        0  app_exti.o(i.trige_count)
    i.usart2_data_transfer                   0x08003464   Section        0  usart2.o(i.usart2_data_transfer)
    i.usart2_init                            0x08003494   Section        0  usart2.o(i.usart2_init)
    i.usart_baudrate_set                     0x08003538   Section        0  gd32f30x_usart.o(i.usart_baudrate_set)
    i.usart_data_receive                     0x080035c8   Section        0  gd32f30x_usart.o(i.usart_data_receive)
    i.usart_data_transmit                    0x080035d2   Section        0  gd32f30x_usart.o(i.usart_data_transmit)
    i.usart_deinit                           0x080035dc   Section        0  gd32f30x_usart.o(i.usart_deinit)
    i.usart_enable                           0x0800366c   Section        0  gd32f30x_usart.o(i.usart_enable)
    i.usart_flag_clear                       0x08003676   Section        0  gd32f30x_usart.o(i.usart_flag_clear)
    i.usart_flag_get                         0x08003690   Section        0  gd32f30x_usart.o(i.usart_flag_get)
    i.usart_hardware_flow_cts_config         0x080036ae   Section        0  gd32f30x_usart.o(i.usart_hardware_flow_cts_config)
    i.usart_hardware_flow_rts_config         0x080036be   Section        0  gd32f30x_usart.o(i.usart_hardware_flow_rts_config)
    i.usart_interrupt_enable                 0x080036ce   Section        0  gd32f30x_usart.o(i.usart_interrupt_enable)
    i.usart_interrupt_flag_get               0x080036e8   Section        0  gd32f30x_usart.o(i.usart_interrupt_flag_get)
    i.usart_parity_config                    0x08003720   Section        0  gd32f30x_usart.o(i.usart_parity_config)
    i.usart_receive_config                   0x08003730   Section        0  gd32f30x_usart.o(i.usart_receive_config)
    i.usart_stop_bit_set                     0x08003740   Section        0  gd32f30x_usart.o(i.usart_stop_bit_set)
    i.usart_transmit_config                  0x08003750   Section        0  gd32f30x_usart.o(i.usart_transmit_config)
    i.usart_word_length_set                  0x08003760   Section        0  gd32f30x_usart.o(i.usart_word_length_set)
    i.utils_sample_init                      0x08003770   Section        0  utils.o(i.utils_sample_init)
    i.velocity_exti_init                     0x080037ac   Section        0  ebike.o(i.velocity_exti_init)
    i.water_motor_init                       0x080037f8   Section        0  bldc.o(i.water_motor_init)
    i.work_loop                              0x08003820   Section        0  global.o(i.work_loop)
    .data                                    0x20000000   Section        5  systick.o(.data)
    systick_update_flag                      0x20000004   Data           1  systick.o(.data)
    .data                                    0x20000008   Section       40  global.o(.data)
    .data                                    0x20000030   Section       10  debug.o(.data)
    .data                                    0x2000003c   Section       12  flash.o(.data)
    .data                                    0x20000048   Section       21  timeflag.o(.data)
    g_rCounter_5ms                           0x20000048   Data           2  timeflag.o(.data)
    g_rCounter_20ms                          0x2000004a   Data           2  timeflag.o(.data)
    g_rCounter_50ms                          0x2000004c   Data           2  timeflag.o(.data)
    g_rCounter_500ms                         0x2000004e   Data           2  timeflag.o(.data)
    g_rCounter_100ms                         0x20000050   Data           2  timeflag.o(.data)
    g_rCounter_1s                            0x20000052   Data           2  timeflag.o(.data)
    g_rCounter_3s                            0x20000054   Data           2  timeflag.o(.data)
    .data                                    0x2000005e   Section       19  usart2.o(.data)
    .data                                    0x20000074   Section       16  ebike.o(.data)
    .data                                    0x20000084   Section        8  app_exti.o(.data)
    delay_joggle                             0x20000084   Data           2  app_exti.o(.data)
    .data                                    0x2000008c   Section        4  system_gd32f30x.o(.data)
    .data                                    0x20000090   Section        4  stdout.o(.data)
    .bss                                     0x20000094   Section       24  flash.o(.bss)
    .bss                                     0x200000ac   Section      320  utils.o(.bss)
    STACK                                    0x200001f0   Section     1024  startup_gd32f30x_hd.o(STACK)

    Global Symbols

    Symbol Name                              Value     Ov Type        Size  Object(Section)

    BuildAttributes$$THM_ISAv4$E$P$D$K$B$S$7EM$VFPi3$EXTD16$VFPS$VFMA$PE$A:L22UL41UL21$X:L11$S22US41US21$IEEE1$IW$USESV6$~STKCKD$USESV7$~SHL$OTIME$ROPI$EBA8$MICROLIB$REQ8$PRES8$EABIv2 0x00000000   Number         0  anon$$obj.o ABSOLUTE
    __ARM_use_no_argv                        0x00000000   Number         0  main.o ABSOLUTE
    _printf_a                                0x00000000   Number         0  stubs.o ABSOLUTE
    _printf_c                                0x00000000   Number         0  stubs.o ABSOLUTE
    _printf_charcount                        0x00000000   Number         0  stubs.o ABSOLUTE
    _printf_d                                0x00000000   Number         0  stubs.o ABSOLUTE
    _printf_e                                0x00000000   Number         0  stubs.o ABSOLUTE
    _printf_f                                0x00000000   Number         0  stubs.o ABSOLUTE
    _printf_flags                            0x00000000   Number         0  stubs.o ABSOLUTE
    _printf_fp_dec                           0x00000000   Number         0  stubs.o ABSOLUTE
    _printf_fp_hex                           0x00000000   Number         0  stubs.o ABSOLUTE
    _printf_g                                0x00000000   Number         0  stubs.o ABSOLUTE
    _printf_i                                0x00000000   Number         0  stubs.o ABSOLUTE
    _printf_int_dec                          0x00000000   Number         0  stubs.o ABSOLUTE
    _printf_l                                0x00000000   Number         0  stubs.o ABSOLUTE
    _printf_lc                               0x00000000   Number         0  stubs.o ABSOLUTE
    _printf_ll                               0x00000000   Number         0  stubs.o ABSOLUTE
    _printf_lld                              0x00000000   Number         0  stubs.o ABSOLUTE
    _printf_lli                              0x00000000   Number         0  stubs.o ABSOLUTE
    _printf_llo                              0x00000000   Number         0  stubs.o ABSOLUTE
    _printf_llu                              0x00000000   Number         0  stubs.o ABSOLUTE
    _printf_llx                              0x00000000   Number         0  stubs.o ABSOLUTE
    _printf_longlong_dec                     0x00000000   Number         0  stubs.o ABSOLUTE
    _printf_longlong_hex                     0x00000000   Number         0  stubs.o ABSOLUTE
    _printf_longlong_oct                     0x00000000   Number         0  stubs.o ABSOLUTE
    _printf_ls                               0x00000000   Number         0  stubs.o ABSOLUTE
    _printf_mbtowc                           0x00000000   Number         0  stubs.o ABSOLUTE
    _printf_n                                0x00000000   Number         0  stubs.o ABSOLUTE
    _printf_o                                0x00000000   Number         0  stubs.o ABSOLUTE
    _printf_p                                0x00000000   Number         0  stubs.o ABSOLUTE
    _printf_percent                          0x00000000   Number         0  stubs.o ABSOLUTE
    _printf_pre_padding                      0x00000000   Number         0  stubs.o ABSOLUTE
    _printf_return_value                     0x00000000   Number         0  stubs.o ABSOLUTE
    _printf_s                                0x00000000   Number         0  stubs.o ABSOLUTE
    _printf_sizespec                         0x00000000   Number         0  stubs.o ABSOLUTE
    _printf_str                              0x00000000   Number         0  stubs.o ABSOLUTE
    _printf_truncate_signed                  0x00000000   Number         0  stubs.o ABSOLUTE
    _printf_truncate_unsigned                0x00000000   Number         0  stubs.o ABSOLUTE
    _printf_u                                0x00000000   Number         0  stubs.o ABSOLUTE
    _printf_wc                               0x00000000   Number         0  stubs.o ABSOLUTE
    _printf_wctomb                           0x00000000   Number         0  stubs.o ABSOLUTE
    _printf_widthprec                        0x00000000   Number         0  stubs.o ABSOLUTE
    _printf_x                                0x00000000   Number         0  stubs.o ABSOLUTE
    __cpp_initialize__aeabi_                  - Undefined Weak Reference
    __cxa_finalize                            - Undefined Weak Reference
    __decompress                              - Undefined Weak Reference
    _clock_init                               - Undefined Weak Reference
    _microlib_exit                            - Undefined Weak Reference
    __Vectors_Size                           0x00000130   Number         0  startup_gd32f30x_hd.o ABSOLUTE
    __Vectors                                0x08000000   Data           4  startup_gd32f30x_hd.o(RESET)
    __Vectors_End                            0x08000130   Data           0  startup_gd32f30x_hd.o(RESET)
    __main                                   0x08000131   Thumb Code     0  entry.o(.ARM.Collect$$$$00000000)
    _main_stk                                0x08000131   Thumb Code     0  entry2.o(.ARM.Collect$$$$00000001)
    _main_scatterload                        0x08000135   Thumb Code     0  entry5.o(.ARM.Collect$$$$00000004)
    __main_after_scatterload                 0x08000139   Thumb Code     0  entry5.o(.ARM.Collect$$$$00000004)
    _main_clock                              0x08000139   Thumb Code     0  entry7b.o(.ARM.Collect$$$$00000008)
    _main_cpp_init                           0x08000139   Thumb Code     0  entry8b.o(.ARM.Collect$$$$0000000A)
    _main_init                               0x08000139   Thumb Code     0  entry9a.o(.ARM.Collect$$$$0000000B)
    __rt_final_cpp                           0x08000141   Thumb Code     0  entry10a.o(.ARM.Collect$$$$0000000D)
    __rt_final_exit                          0x08000141   Thumb Code     0  entry11a.o(.ARM.Collect$$$$0000000F)
    Reset_Handler                            0x08000145   Thumb Code     8  startup_gd32f30x_hd.o(.text)
    ADC0_1_IRQHandler                        0x0800015f   Thumb Code     0  startup_gd32f30x_hd.o(.text)
    ADC2_IRQHandler                          0x0800015f   Thumb Code     0  startup_gd32f30x_hd.o(.text)
    CAN0_EWMC_IRQHandler                     0x0800015f   Thumb Code     0  startup_gd32f30x_hd.o(.text)
    CAN0_RX1_IRQHandler                      0x0800015f   Thumb Code     0  startup_gd32f30x_hd.o(.text)
    DMA0_Channel0_IRQHandler                 0x0800015f   Thumb Code     0  startup_gd32f30x_hd.o(.text)
    DMA0_Channel1_IRQHandler                 0x0800015f   Thumb Code     0  startup_gd32f30x_hd.o(.text)
    DMA0_Channel2_IRQHandler                 0x0800015f   Thumb Code     0  startup_gd32f30x_hd.o(.text)
    DMA0_Channel3_IRQHandler                 0x0800015f   Thumb Code     0  startup_gd32f30x_hd.o(.text)
    DMA0_Channel4_IRQHandler                 0x0800015f   Thumb Code     0  startup_gd32f30x_hd.o(.text)
    DMA0_Channel5_IRQHandler                 0x0800015f   Thumb Code     0  startup_gd32f30x_hd.o(.text)
    DMA0_Channel6_IRQHandler                 0x0800015f   Thumb Code     0  startup_gd32f30x_hd.o(.text)
    DMA1_Channel0_IRQHandler                 0x0800015f   Thumb Code     0  startup_gd32f30x_hd.o(.text)
    DMA1_Channel1_IRQHandler                 0x0800015f   Thumb Code     0  startup_gd32f30x_hd.o(.text)
    DMA1_Channel2_IRQHandler                 0x0800015f   Thumb Code     0  startup_gd32f30x_hd.o(.text)
    DMA1_Channel3_4_IRQHandler               0x0800015f   Thumb Code     0  startup_gd32f30x_hd.o(.text)
    EXMC_IRQHandler                          0x0800015f   Thumb Code     0  startup_gd32f30x_hd.o(.text)
    EXTI0_IRQHandler                         0x0800015f   Thumb Code     0  startup_gd32f30x_hd.o(.text)
    EXTI1_IRQHandler                         0x0800015f   Thumb Code     0  startup_gd32f30x_hd.o(.text)
    EXTI2_IRQHandler                         0x0800015f   Thumb Code     0  startup_gd32f30x_hd.o(.text)
    EXTI3_IRQHandler                         0x0800015f   Thumb Code     0  startup_gd32f30x_hd.o(.text)
    EXTI4_IRQHandler                         0x0800015f   Thumb Code     0  startup_gd32f30x_hd.o(.text)
    FMC_IRQHandler                           0x0800015f   Thumb Code     0  startup_gd32f30x_hd.o(.text)
    I2C0_ER_IRQHandler                       0x0800015f   Thumb Code     0  startup_gd32f30x_hd.o(.text)
    I2C0_EV_IRQHandler                       0x0800015f   Thumb Code     0  startup_gd32f30x_hd.o(.text)
    I2C1_ER_IRQHandler                       0x0800015f   Thumb Code     0  startup_gd32f30x_hd.o(.text)
    I2C1_EV_IRQHandler                       0x0800015f   Thumb Code     0  startup_gd32f30x_hd.o(.text)
    LVD_IRQHandler                           0x0800015f   Thumb Code     0  startup_gd32f30x_hd.o(.text)
    RCU_CTC_IRQHandler                       0x0800015f   Thumb Code     0  startup_gd32f30x_hd.o(.text)
    RTC_Alarm_IRQHandler                     0x0800015f   Thumb Code     0  startup_gd32f30x_hd.o(.text)
    RTC_IRQHandler                           0x0800015f   Thumb Code     0  startup_gd32f30x_hd.o(.text)
    SDIO_IRQHandler                          0x0800015f   Thumb Code     0  startup_gd32f30x_hd.o(.text)
    SPI0_IRQHandler                          0x0800015f   Thumb Code     0  startup_gd32f30x_hd.o(.text)
    SPI1_IRQHandler                          0x0800015f   Thumb Code     0  startup_gd32f30x_hd.o(.text)
    SPI2_IRQHandler                          0x0800015f   Thumb Code     0  startup_gd32f30x_hd.o(.text)
    TAMPER_IRQHandler                        0x0800015f   Thumb Code     0  startup_gd32f30x_hd.o(.text)
    TIMER0_BRK_IRQHandler                    0x0800015f   Thumb Code     0  startup_gd32f30x_hd.o(.text)
    TIMER0_Channel_IRQHandler                0x0800015f   Thumb Code     0  startup_gd32f30x_hd.o(.text)
    TIMER0_TRG_CMT_IRQHandler                0x0800015f   Thumb Code     0  startup_gd32f30x_hd.o(.text)
    TIMER0_UP_IRQHandler                     0x0800015f   Thumb Code     0  startup_gd32f30x_hd.o(.text)
    TIMER1_IRQHandler                        0x0800015f   Thumb Code     0  startup_gd32f30x_hd.o(.text)
    TIMER2_IRQHandler                        0x0800015f   Thumb Code     0  startup_gd32f30x_hd.o(.text)
    TIMER3_IRQHandler                        0x0800015f   Thumb Code     0  startup_gd32f30x_hd.o(.text)
    TIMER4_IRQHandler                        0x0800015f   Thumb Code     0  startup_gd32f30x_hd.o(.text)
    TIMER5_IRQHandler                        0x0800015f   Thumb Code     0  startup_gd32f30x_hd.o(.text)
    TIMER6_IRQHandler                        0x0800015f   Thumb Code     0  startup_gd32f30x_hd.o(.text)
    TIMER7_BRK_IRQHandler                    0x0800015f   Thumb Code     0  startup_gd32f30x_hd.o(.text)
    TIMER7_Channel_IRQHandler                0x0800015f   Thumb Code     0  startup_gd32f30x_hd.o(.text)
    TIMER7_TRG_CMT_IRQHandler                0x0800015f   Thumb Code     0  startup_gd32f30x_hd.o(.text)
    TIMER7_UP_IRQHandler                     0x0800015f   Thumb Code     0  startup_gd32f30x_hd.o(.text)
    UART3_IRQHandler                         0x0800015f   Thumb Code     0  startup_gd32f30x_hd.o(.text)
    UART4_IRQHandler                         0x0800015f   Thumb Code     0  startup_gd32f30x_hd.o(.text)
    USART0_IRQHandler                        0x0800015f   Thumb Code     0  startup_gd32f30x_hd.o(.text)
    USBD_HP_CAN0_TX_IRQHandler               0x0800015f   Thumb Code     0  startup_gd32f30x_hd.o(.text)
    USBD_LP_CAN0_RX0_IRQHandler              0x0800015f   Thumb Code     0  startup_gd32f30x_hd.o(.text)
    USBD_WKUP_IRQHandler                     0x0800015f   Thumb Code     0  startup_gd32f30x_hd.o(.text)
    WWDGT_IRQHandler                         0x0800015f   Thumb Code     0  startup_gd32f30x_hd.o(.text)
    __aeabi_memcpy                           0x08000169   Thumb Code    36  memcpya.o(.text)
    __aeabi_memcpy4                          0x08000169   Thumb Code     0  memcpya.o(.text)
    __aeabi_memcpy8                          0x08000169   Thumb Code     0  memcpya.o(.text)
    __aeabi_dmul                             0x0800018d   Thumb Code   228  dmul.o(.text)
    __aeabi_ui2d                             0x08000271   Thumb Code    26  dfltui.o(.text)
    __aeabi_f2d                              0x0800028b   Thumb Code    38  f2d.o(.text)
    __aeabi_cdcmpeq                          0x080002b1   Thumb Code     0  cdcmple.o(.text)
    __aeabi_cdcmple                          0x080002b1   Thumb Code    48  cdcmple.o(.text)
    __aeabi_cdrcmple                         0x080002e1   Thumb Code    48  cdrcmple.o(.text)
    __aeabi_d2f                              0x08000311   Thumb Code    56  d2f.o(.text)
    __aeabi_uidiv                            0x08000349   Thumb Code     0  uidiv.o(.text)
    __aeabi_uidivmod                         0x08000349   Thumb Code    44  uidiv.o(.text)
    __aeabi_uldivmod                         0x08000375   Thumb Code    98  uldiv.o(.text)
    __I$use$fp                               0x080003d7   Thumb Code     0  iusefp.o(.text)
    _float_round                             0x080003d7   Thumb Code    18  fepilogue.o(.text)
    _float_epilogue                          0x080003e9   Thumb Code    92  fepilogue.o(.text)
    _double_round                            0x08000445   Thumb Code    30  depilogue.o(.text)
    _double_epilogue                         0x08000463   Thumb Code   156  depilogue.o(.text)
    __aeabi_dadd                             0x080004ff   Thumb Code   322  dadd.o(.text)
    __aeabi_dsub                             0x08000641   Thumb Code     6  dadd.o(.text)
    __aeabi_drsub                            0x08000647   Thumb Code     6  dadd.o(.text)
    __aeabi_ddiv                             0x0800064d   Thumb Code   222  ddiv.o(.text)
    __aeabi_d2ulz                            0x0800072b   Thumb Code    48  dfixul.o(.text)
    __scatterload                            0x0800075d   Thumb Code    28  init.o(.text)
    __scatterload_rt2                        0x0800075d   Thumb Code     0  init.o(.text)
    __aeabi_llsl                             0x08000781   Thumb Code    30  llshl.o(.text)
    _ll_shift_l                              0x08000781   Thumb Code     0  llshl.o(.text)
    __aeabi_llsr                             0x0800079f   Thumb Code    32  llushr.o(.text)
    _ll_ushift_r                             0x0800079f   Thumb Code     0  llushr.o(.text)
    __aeabi_lasr                             0x080007bf   Thumb Code    36  llsshr.o(.text)
    _ll_sshift_r                             0x080007bf   Thumb Code     0  llsshr.o(.text)
    BusFault_Handler                         0x080007e3   Thumb Code     4  gd32f30x_it.o(i.BusFault_Handler)
    DebugMon_Handler                         0x080007e7   Thumb Code     2  gd32f30x_it.o(i.DebugMon_Handler)
    EXTI10_15_IRQHandler                     0x080007e9   Thumb Code   112  gd32f30x_it.o(i.EXTI10_15_IRQHandler)
    EXTI5_9_IRQHandler                       0x0800085d   Thumb Code   130  gd32f30x_it.o(i.EXTI5_9_IRQHandler)
    HardFault_Handler                        0x080008f1   Thumb Code     4  gd32f30x_it.o(i.HardFault_Handler)
    MemManage_Handler                        0x080008f5   Thumb Code     4  gd32f30x_it.o(i.MemManage_Handler)
    NMI_Handler                              0x080008f9   Thumb Code     2  gd32f30x_it.o(i.NMI_Handler)
    PendSV_Handler                           0x08000925   Thumb Code     2  gd32f30x_it.o(i.PendSV_Handler)
    SVC_Handler                              0x08000927   Thumb Code     2  gd32f30x_it.o(i.SVC_Handler)
    SysTick_Handler                          0x08000929   Thumb Code    12  gd32f30x_it.o(i.SysTick_Handler)
    SystemInit                               0x08000935   Thumb Code   100  system_gd32f30x.o(i.SystemInit)
    USART1_IRQHandler                        0x080009a5   Thumb Code    70  gd32f30x_it.o(i.USART1_IRQHandler)
    USART2_IRQHandler                        0x08000a05   Thumb Code    70  gd32f30x_it.o(i.USART2_IRQHandler)
    UsageFault_Handler                       0x08000a65   Thumb Code     4  gd32f30x_it.o(i.UsageFault_Handler)
    __0printf                                0x08000a69   Thumb Code    22  printfa.o(i.__0printf)
    __1printf                                0x08000a69   Thumb Code     0  printfa.o(i.__0printf)
    __2printf                                0x08000a69   Thumb Code     0  printfa.o(i.__0printf)
    __c89printf                              0x08000a69   Thumb Code     0  printfa.o(i.__0printf)
    printf                                   0x08000a69   Thumb Code     0  printfa.o(i.__0printf)
    __scatterload_copy                       0x08000a89   Thumb Code    14  handlers.o(i.__scatterload_copy)
    __scatterload_null                       0x08000a97   Thumb Code     2  handlers.o(i.__scatterload_null)
    __scatterload_zeroinit                   0x08000a99   Thumb Code    14  handlers.o(i.__scatterload_zeroinit)
    adc_calibration_enable                   0x0800135b   Thumb Code    42  gd32f30x_adc.o(i.adc_calibration_enable)
    adc_channel_length_config                0x08001385   Thumb Code    70  gd32f30x_adc.o(i.adc_channel_length_config)
    adc_data_alignment_config                0x0800142d   Thumb Code    22  gd32f30x_adc.o(i.adc_data_alignment_config)
    adc_enable                               0x08001443   Thumb Code    18  gd32f30x_adc.o(i.adc_enable)
    adc_external_trigger_config              0x08001455   Thumb Code    62  gd32f30x_adc.o(i.adc_external_trigger_config)
    adc_external_trigger_source_config       0x08001493   Thumb Code    48  gd32f30x_adc.o(i.adc_external_trigger_source_config)
    adc_inserted_channel_config              0x080014c3   Thumb Code   116  gd32f30x_adc.o(i.adc_inserted_channel_config)
    adc_inserted_data_read                   0x08001537   Thumb Code    46  gd32f30x_adc.o(i.adc_inserted_data_read)
    adc_interrupt_enable                     0x08001565   Thumb Code    44  gd32f30x_adc.o(i.adc_interrupt_enable)
    adc_mode_config                          0x08001591   Thumb Code    22  gd32f30x_adc.o(i.adc_mode_config)
    adc_software_trigger_enable              0x080015ad   Thumb Code    30  gd32f30x_adc.o(i.adc_software_trigger_enable)
    adc_special_function_config              0x080015cb   Thumb Code    90  gd32f30x_adc.o(i.adc_special_function_config)
    calc_cadence                             0x08001625   Thumb Code     2  app_exti.o(i.calc_cadence)
    calc_velocity_1_second                   0x08001629   Thumb Code    86  ebike.o(i.calc_velocity_1_second)
    calculateCRC8                            0x080016a1   Thumb Code    26  ebike.o(i.calculateCRC8)
    controller_msg_process                   0x080016bd   Thumb Code    46  usart2.o(i.controller_msg_process)
    debug_init                               0x08001721   Thumb Code   132  debug.o(i.debug_init)
    debug_msg_process                        0x080017ad   Thumb Code    98  debug.o(i.debug_msg_process)
    delay_1ms                                0x08001869   Thumb Code    16  systick.o(i.delay_1ms)
    delay_decrement                          0x0800187d   Thumb Code    24  systick.o(i.delay_decrement)
    ebike_process                            0x0800189d   Thumb Code    12  ebike.o(i.ebike_process)
    ebike_read_sample                        0x080018a9   Thumb Code    64  ebike.o(i.ebike_read_sample)
    enzyme_motor_init                        0x080018f9   Thumb Code    36  bldc.o(i.enzyme_motor_init)
    exti_init                                0x08001921   Thumb Code   178  gd32f30x_exti.o(i.exti_init)
    exti_interrupt_flag_clear                0x080019d9   Thumb Code     6  gd32f30x_exti.o(i.exti_interrupt_flag_clear)
    exti_interrupt_flag_get                  0x080019e5   Thumb Code    32  gd32f30x_exti.o(i.exti_interrupt_flag_get)
    fmc_bank0_ready_wait                     0x08001a09   Thumb Code    34  gd32f30x_fmc.o(i.fmc_bank0_ready_wait)
    fmc_bank0_state_get                      0x08001a2d   Thumb Code    44  gd32f30x_fmc.o(i.fmc_bank0_state_get)
    fmc_bank1_ready_wait                     0x08001a5d   Thumb Code    34  gd32f30x_fmc.o(i.fmc_bank1_ready_wait)
    fmc_bank1_state_get                      0x08001a81   Thumb Code    44  gd32f30x_fmc.o(i.fmc_bank1_state_get)
    fmc_data_program                         0x08001ab1   Thumb Code   210  flash.o(i.fmc_data_program)
    fmc_data_read                            0x08001ba9   Thumb Code    44  flash.o(i.fmc_data_read)
    fmc_erase_pages                          0x08001be1   Thumb Code    44  flash.o(i.fmc_erase_pages)
    fmc_flag_clear                           0x08001c11   Thumb Code    28  gd32f30x_fmc.o(i.fmc_flag_clear)
    fmc_halfword_program                     0x08001c31   Thumb Code   178  gd32f30x_fmc.o(i.fmc_halfword_program)
    fmc_lock                                 0x08001cf1   Thumb Code    34  gd32f30x_fmc.o(i.fmc_lock)
    fmc_page_erase                           0x08001d1d   Thumb Code   222  gd32f30x_fmc.o(i.fmc_page_erase)
    fmc_unlock                               0x08001e09   Thumb Code    52  gd32f30x_fmc.o(i.fmc_unlock)
    fputc                                    0x08001e4d   Thumb Code    32  main.o(i.fputc)
    gpio_bit_reset                           0x08001e71   Thumb Code     4  gd32f30x_gpio.o(i.gpio_bit_reset)
    gpio_bit_set                             0x08001e75   Thumb Code     4  gd32f30x_gpio.o(i.gpio_bit_set)
    gpio_bit_write                           0x08001e79   Thumb Code    10  gd32f30x_gpio.o(i.gpio_bit_write)
    gpio_exti_source_select                  0x08001eb5   Thumb Code   146  gd32f30x_gpio.o(i.gpio_exti_source_select)
    gpio_init                                0x08001f4d   Thumb Code   188  gd32f30x_gpio.o(i.gpio_init)
    gpio_input_bit_get                       0x08002009   Thumb Code    16  gd32f30x_gpio.o(i.gpio_input_bit_get)
    gpio_pin_remap_config                    0x08002019   Thumb Code   138  gd32f30x_gpio.o(i.gpio_pin_remap_config)
    hardware_config                          0x080020a9   Thumb Code    36  hard_ware.o(i.hardware_config)
    heat_running                             0x080020cd   Thumb Code   106  ebike.o(i.heat_running)
    i2c_ack_config                           0x08002161   Thumb Code    24  gd32f30x_i2c.o(i.i2c_ack_config)
    i2c_clock_config                         0x08002179   Thumb Code   306  gd32f30x_i2c.o(i.i2c_clock_config)
    i2c_enable                               0x0800230d   Thumb Code    10  gd32f30x_i2c.o(i.i2c_enable)
    i2c_init                                 0x08002317   Thumb Code    12  oled.o(i.i2c_init)
    i2c_mode_addr_config                     0x08002323   Thumb Code    28  gd32f30x_i2c.o(i.i2c_mode_addr_config)
    joggle_delay                             0x08002341   Thumb Code    28  app_exti.o(i.joggle_delay)
    key_init                                 0x08002361   Thumb Code    98  key.o(i.key_init)
    key_process                              0x080023c9   Thumb Code    60  key.o(i.key_process)
    led_init                                 0x080024ad   Thumb Code    50  led.o(i.led_init)
    led_off                                  0x080024e5   Thumb Code    60  led.o(i.led_off)
    led_toggle                               0x08002525   Thumb Code    32  led.o(i.led_toggle)
    luobei_exti_init                         0x08002545   Thumb Code    66  app_exti.o(i.luobei_exti_init)
    luobei_motor_init                        0x0800258d   Thumb Code    36  bldc.o(i.luobei_motor_init)
    main                                     0x080025b5   Thumb Code   284  main.o(i.main)
    motor_sent_control                       0x08002739   Thumb Code    46  ebike.o(i.motor_sent_control)
    motor_sent_set                           0x08002767   Thumb Code    46  ebike.o(i.motor_sent_set)
    nvic_irq_enable                          0x080027b5   Thumb Code   186  gd32f30x_misc.o(i.nvic_irq_enable)
    nvic_priority_group_set                  0x08002879   Thumb Code    10  gd32f30x_misc.o(i.nvic_priority_group_set)
    oled_io_init                             0x0800288d   Thumb Code    60  oled.o(i.oled_io_init)
    periodTask_1ms                           0x080028cd   Thumb Code   180  timeflag.o(i.periodTask_1ms)
    position1_exit_init                      0x080029b1   Thumb Code    70  app_exti.o(i.position1_exit_init)
    position2_exit_init                      0x080029fd   Thumb Code    70  app_exti.o(i.position2_exit_init)
    position3_exit_init                      0x08002a49   Thumb Code    70  app_exti.o(i.position3_exit_init)
    protect_exit_init                        0x08002a95   Thumb Code    66  app_exti.o(i.protect_exit_init)
    rcu_adc_clock_config                     0x08002add   Thumb Code    98  gd32f30x_rcu.o(i.rcu_adc_clock_config)
    rcu_clock_freq_get                       0x08002b49   Thumb Code   310  gd32f30x_rcu.o(i.rcu_clock_freq_get)
    rcu_periph_clock_enable                  0x08002cdd   Thumb Code    28  gd32f30x_rcu.o(i.rcu_periph_clock_enable)
    rcu_periph_reset_disable                 0x08002cfd   Thumb Code    28  gd32f30x_rcu.o(i.rcu_periph_reset_disable)
    rcu_periph_reset_enable                  0x08002d1d   Thumb Code    28  gd32f30x_rcu.o(i.rcu_periph_reset_enable)
    systick_config                           0x08002e41   Thumb Code    74  systick.o(i.systick_config)
    timer7_config                            0x08002e91   Thumb Code   142  hard_ware.o(i.timer7_config)
    timer_auto_reload_shadow_enable          0x08002f25   Thumb Code    10  gd32f30x_timer.o(i.timer_auto_reload_shadow_enable)
    timer_channel_output_config              0x08002f31   Thumb Code   484  gd32f30x_timer.o(i.timer_channel_output_config)
    timer_channel_output_mode_config         0x0800311d   Thumb Code    90  gd32f30x_timer.o(i.timer_channel_output_mode_config)
    timer_channel_output_pulse_value_config  0x08003177   Thumb Code    38  gd32f30x_timer.o(i.timer_channel_output_pulse_value_config)
    timer_channel_output_shadow_config       0x0800319d   Thumb Code    90  gd32f30x_timer.o(i.timer_channel_output_shadow_config)
    timer_deinit                             0x080031f9   Thumb Code   210  gd32f30x_timer.o(i.timer_deinit)
    timer_enable                             0x080032d5   Thumb Code    10  gd32f30x_timer.o(i.timer_enable)
    timer_init                               0x080032e1   Thumb Code   122  gd32f30x_timer.o(i.timer_init)
    timer_primary_output_config              0x08003379   Thumb Code    24  gd32f30x_timer.o(i.timer_primary_output_config)
    torque_value_calibration                 0x08003391   Thumb Code   140  ebike.o(i.torque_value_calibration)
    trige_count                              0x08003455   Thumb Code    12  app_exti.o(i.trige_count)
    usart2_data_transfer                     0x08003465   Thumb Code    44  usart2.o(i.usart2_data_transfer)
    usart2_init                              0x08003495   Thumb Code   152  usart2.o(i.usart2_init)
    usart_baudrate_set                       0x08003539   Thumb Code   136  gd32f30x_usart.o(i.usart_baudrate_set)
    usart_data_receive                       0x080035c9   Thumb Code    10  gd32f30x_usart.o(i.usart_data_receive)
    usart_data_transmit                      0x080035d3   Thumb Code     8  gd32f30x_usart.o(i.usart_data_transmit)
    usart_deinit                             0x080035dd   Thumb Code   136  gd32f30x_usart.o(i.usart_deinit)
    usart_enable                             0x0800366d   Thumb Code    10  gd32f30x_usart.o(i.usart_enable)
    usart_flag_clear                         0x08003677   Thumb Code    26  gd32f30x_usart.o(i.usart_flag_clear)
    usart_flag_get                           0x08003691   Thumb Code    30  gd32f30x_usart.o(i.usart_flag_get)
    usart_hardware_flow_cts_config           0x080036af   Thumb Code    16  gd32f30x_usart.o(i.usart_hardware_flow_cts_config)
    usart_hardware_flow_rts_config           0x080036bf   Thumb Code    16  gd32f30x_usart.o(i.usart_hardware_flow_rts_config)
    usart_interrupt_enable                   0x080036cf   Thumb Code    26  gd32f30x_usart.o(i.usart_interrupt_enable)
    usart_interrupt_flag_get                 0x080036e9   Thumb Code    56  gd32f30x_usart.o(i.usart_interrupt_flag_get)
    usart_parity_config                      0x08003721   Thumb Code    16  gd32f30x_usart.o(i.usart_parity_config)
    usart_receive_config                     0x08003731   Thumb Code    16  gd32f30x_usart.o(i.usart_receive_config)
    usart_stop_bit_set                       0x08003741   Thumb Code    16  gd32f30x_usart.o(i.usart_stop_bit_set)
    usart_transmit_config                    0x08003751   Thumb Code    16  gd32f30x_usart.o(i.usart_transmit_config)
    usart_word_length_set                    0x08003761   Thumb Code    16  gd32f30x_usart.o(i.usart_word_length_set)
    utils_sample_init                        0x08003771   Thumb Code    48  utils.o(i.utils_sample_init)
    velocity_exti_init                       0x080037ad   Thumb Code    72  ebike.o(i.velocity_exti_init)
    water_motor_init                         0x080037f9   Thumb Code    36  bldc.o(i.water_motor_init)
    work_loop                                0x08003821   Thumb Code    40  global.o(i.work_loop)
    Region$$Table$$Base                      0x08003864   Number         0  anon$$obj.o(Region$$Table)
    Region$$Table$$Limit                     0x08003884   Number         0  anon$$obj.o(Region$$Table)
    delay                                    0x20000000   Data           4  systick.o(.data)
    adc_reference_filtered                   0x20000008   Data           2  global.o(.data)
    torque_reference                         0x2000000a   Data           2  global.o(.data)
    g_generator_power                        0x2000000c   Data           2  global.o(.data)
    g_error_code                             0x2000000e   Data           2  global.o(.data)
    page_type                                0x20000010   Data           1  global.o(.data)
    loop_state                               0x20000011   Data           1  global.o(.data)
    start_wort                               0x20000012   Data           1  global.o(.data)
    adc_buffer                               0x20000014   Data           4  global.o(.data)
    current_a                                0x20000018   Data           2  global.o(.data)
    current_b                                0x2000001a   Data           2  global.o(.data)
    current_c                                0x2000001c   Data           2  global.o(.data)
    pwm_top                                  0x2000001e   Data           2  global.o(.data)
    frequency_now                            0x20000020   Data           2  global.o(.data)
    phase_sin                                0x20000024   Data           4  global.o(.data)
    phase_cos                                0x20000028   Data           4  global.o(.data)
    uphase_sin                               0x2000002c   Data           2  global.o(.data)
    uphase_cos                               0x2000002e   Data           2  global.o(.data)
    debug_rx_buffer                          0x20000030   Data           3  debug.o(.data)
    debug_rx_buffer_app                      0x20000033   Data           3  debug.o(.data)
    debug_rx_counter                         0x20000036   Data           2  debug.o(.data)
    debug_rx_ok                              0x20000038   Data           2  debug.o(.data)
    address                                  0x2000003c   Data           4  flash.o(.data)
    PageNum                                  0x20000040   Data           4  flash.o(.data)
    WordNum                                  0x20000044   Data           4  flash.o(.data)
    bTimeFlag_100ms                          0x20000056   Data           1  timeflag.o(.data)
    bTimeFlag_500ms                          0x20000057   Data           1  timeflag.o(.data)
    bTimeFlag_50ms                           0x20000058   Data           1  timeflag.o(.data)
    bTimeFlag_20ms                           0x20000059   Data           1  timeflag.o(.data)
    bTimeFlag_5ms                            0x2000005a   Data           1  timeflag.o(.data)
    bTimeFlag_3s                             0x2000005b   Data           1  timeflag.o(.data)
    bTimeFlag_1s                             0x2000005c   Data           1  timeflag.o(.data)
    rx_buffer                                0x2000005e   Data           4  usart2.o(.data)
    tx_buffer                                0x20000062   Data           4  usart2.o(.data)
    rx_buffer_app                            0x20000066   Data           4  usart2.o(.data)
    tx_counter                               0x2000006a   Data           2  usart2.o(.data)
    rx_counter                               0x2000006c   Data           2  usart2.o(.data)
    rx_ok                                    0x2000006e   Data           2  usart2.o(.data)
    controller_ready_flag                    0x20000070   Data           1  usart2.o(.data)
    g_velocity                               0x20000074   Data           4  ebike.o(.data)
    g_torque_offset                          0x20000078   Data           4  ebike.o(.data)
    g_velocity_count                         0x2000007c   Data           1  ebike.o(.data)
    temperature                              0x20000080   Data           4  ebike.o(.data)
    cup_count                                0x20000086   Data           2  app_exti.o(.data)
    water_set                                0x20000088   Data           2  app_exti.o(.data)
    temperature_set                          0x2000008a   Data           1  app_exti.o(.data)
    enyzme_set                               0x2000008b   Data           1  app_exti.o(.data)
    SystemCoreClock                          0x2000008c   Data           4  system_gd32f30x.o(.data)
    __stdout                                 0x20000090   Data           4  stdout.o(.data)
    fmc_data                                 0x20000094   Data          24  flash.o(.bss)
    speed_samples                            0x200000ac   Data          32  utils.o(.bss)
    current_samples1                         0x200000cc   Data          64  utils.o(.bss)
    current_samples2                         0x2000010c   Data          64  utils.o(.bss)
    test                                     0x2000014c   Data          80  utils.o(.bss)
    test_float                               0x2000019c   Data          80  utils.o(.bss)
    __initial_sp                             0x200005f0   Data           0  startup_gd32f30x_hd.o(STACK)



==============================================================================

Memory Map of the image

  Image Entry point : 0x08000131

  Load Region LR_IROM1 (Base: 0x08000000, Size: 0x00003918, Max: 0x00040000, ABSOLUTE)

    Execution Region ER_IROM1 (Exec base: 0x08000000, Load base: 0x08000000, Size: 0x00003884, Max: 0x00040000, ABSOLUTE)

    Exec Addr    Load Addr    Size         Type   Attr      Idx    E Section Name        Object

    0x08000000   0x08000000   0x00000130   Data   RO         4952    RESET               startup_gd32f30x_hd.o
    0x08000130   0x08000130   0x00000000   Code   RO         4957  * .ARM.Collect$$$$00000000  mc_w.l(entry.o)
    0x08000130   0x08000130   0x00000004   Code   RO         5237    .ARM.Collect$$$$00000001  mc_w.l(entry2.o)
    0x08000134   0x08000134   0x00000004   Code   RO         5240    .ARM.Collect$$$$00000004  mc_w.l(entry5.o)
    0x08000138   0x08000138   0x00000000   Code   RO         5242    .ARM.Collect$$$$00000008  mc_w.l(entry7b.o)
    0x08000138   0x08000138   0x00000000   Code   RO         5244    .ARM.Collect$$$$0000000A  mc_w.l(entry8b.o)
    0x08000138   0x08000138   0x00000008   Code   RO         5245    .ARM.Collect$$$$0000000B  mc_w.l(entry9a.o)
    0x08000140   0x08000140   0x00000000   Code   RO         5247    .ARM.Collect$$$$0000000D  mc_w.l(entry10a.o)
    0x08000140   0x08000140   0x00000000   Code   RO         5249    .ARM.Collect$$$$0000000F  mc_w.l(entry11a.o)
    0x08000140   0x08000140   0x00000004   Code   RO         5238    .ARM.Collect$$$$00002712  mc_w.l(entry2.o)
    0x08000144   0x08000144   0x00000024   Code   RO         4953    .text               startup_gd32f30x_hd.o
    0x08000168   0x08000168   0x00000024   Code   RO         4960    .text               mc_w.l(memcpya.o)
    0x0800018c   0x0800018c   0x000000e4   Code   RO         5225    .text               mf_w.l(dmul.o)
    0x08000270   0x08000270   0x0000001a   Code   RO         5227    .text               mf_w.l(dfltui.o)
    0x0800028a   0x0800028a   0x00000026   Code   RO         5229    .text               mf_w.l(f2d.o)
    0x080002b0   0x080002b0   0x00000030   Code   RO         5231    .text               mf_w.l(cdcmple.o)
    0x080002e0   0x080002e0   0x00000030   Code   RO         5233    .text               mf_w.l(cdrcmple.o)
    0x08000310   0x08000310   0x00000038   Code   RO         5235    .text               mf_w.l(d2f.o)
    0x08000348   0x08000348   0x0000002c   Code   RO         5252    .text               mc_w.l(uidiv.o)
    0x08000374   0x08000374   0x00000062   Code   RO         5254    .text               mc_w.l(uldiv.o)
    0x080003d6   0x080003d6   0x00000000   Code   RO         5256    .text               mc_w.l(iusefp.o)
    0x080003d6   0x080003d6   0x0000006e   Code   RO         5257    .text               mf_w.l(fepilogue.o)
    0x08000444   0x08000444   0x000000ba   Code   RO         5259    .text               mf_w.l(depilogue.o)
    0x080004fe   0x080004fe   0x0000014e   Code   RO         5261    .text               mf_w.l(dadd.o)
    0x0800064c   0x0800064c   0x000000de   Code   RO         5263    .text               mf_w.l(ddiv.o)
    0x0800072a   0x0800072a   0x00000030   Code   RO         5265    .text               mf_w.l(dfixul.o)
    0x0800075a   0x0800075a   0x00000002   PAD
    0x0800075c   0x0800075c   0x00000024   Code   RO         5267    .text               mc_w.l(init.o)
    0x08000780   0x08000780   0x0000001e   Code   RO         5269    .text               mc_w.l(llshl.o)
    0x0800079e   0x0800079e   0x00000020   Code   RO         5271    .text               mc_w.l(llushr.o)
    0x080007be   0x080007be   0x00000024   Code   RO         5273    .text               mc_w.l(llsshr.o)
    0x080007e2   0x080007e2   0x00000004   Code   RO            3    i.BusFault_Handler  gd32f30x_it.o
    0x080007e6   0x080007e6   0x00000002   Code   RO            4    i.DebugMon_Handler  gd32f30x_it.o
    0x080007e8   0x080007e8   0x00000074   Code   RO            5    i.EXTI10_15_IRQHandler  gd32f30x_it.o
    0x0800085c   0x0800085c   0x00000094   Code   RO            6    i.EXTI5_9_IRQHandler  gd32f30x_it.o
    0x080008f0   0x080008f0   0x00000004   Code   RO            7    i.HardFault_Handler  gd32f30x_it.o
    0x080008f4   0x080008f4   0x00000004   Code   RO            8    i.MemManage_Handler  gd32f30x_it.o
    0x080008f8   0x080008f8   0x00000002   Code   RO            9    i.NMI_Handler       gd32f30x_it.o
    0x080008fa   0x080008fa   0x00000002   PAD
    0x080008fc   0x080008fc   0x00000028   Code   RO          285    i.NVIC_SetPriority  systick.o
    0x08000924   0x08000924   0x00000002   Code   RO           10    i.PendSV_Handler    gd32f30x_it.o
    0x08000926   0x08000926   0x00000002   Code   RO           11    i.SVC_Handler       gd32f30x_it.o
    0x08000928   0x08000928   0x0000000c   Code   RO           12    i.SysTick_Handler   gd32f30x_it.o
    0x08000934   0x08000934   0x00000070   Code   RO         1020    i.SystemInit        system_gd32f30x.o
    0x080009a4   0x080009a4   0x00000060   Code   RO           13    i.USART1_IRQHandler  gd32f30x_it.o
    0x08000a04   0x08000a04   0x00000060   Code   RO           14    i.USART2_IRQHandler  gd32f30x_it.o
    0x08000a64   0x08000a64   0x00000004   Code   RO           15    i.UsageFault_Handler  gd32f30x_it.o
    0x08000a68   0x08000a68   0x00000020   Code   RO         5197    i.__0printf         mc_w.l(printfa.o)
    0x08000a88   0x08000a88   0x0000000e   Code   RO         5277    i.__scatterload_copy  mc_w.l(handlers.o)
    0x08000a96   0x08000a96   0x00000002   Code   RO         5278    i.__scatterload_null  mc_w.l(handlers.o)
    0x08000a98   0x08000a98   0x0000000e   Code   RO         5279    i.__scatterload_zeroinit  mc_w.l(handlers.o)
    0x08000aa6   0x08000aa6   0x00000002   PAD
    0x08000aa8   0x08000aa8   0x00000184   Code   RO         5204    i._fp_digits        mc_w.l(printfa.o)
    0x08000c2c   0x08000c2c   0x000006dc   Code   RO         5205    i._printf_core      mc_w.l(printfa.o)
    0x08001308   0x08001308   0x00000024   Code   RO         5206    i._printf_post_padding  mc_w.l(printfa.o)
    0x0800132c   0x0800132c   0x0000002e   Code   RO         5207    i._printf_pre_padding  mc_w.l(printfa.o)
    0x0800135a   0x0800135a   0x0000002a   Code   RO         1061    i.adc_calibration_enable  gd32f30x_adc.o
    0x08001384   0x08001384   0x00000046   Code   RO         1062    i.adc_channel_length_config  gd32f30x_adc.o
    0x080013ca   0x080013ca   0x00000002   PAD
    0x080013cc   0x080013cc   0x00000060   Code   RO          436    i.adc_config        hard_ware.o
    0x0800142c   0x0800142c   0x00000016   Code   RO         1063    i.adc_data_alignment_config  gd32f30x_adc.o
    0x08001442   0x08001442   0x00000012   Code   RO         1069    i.adc_enable        gd32f30x_adc.o
    0x08001454   0x08001454   0x0000003e   Code   RO         1070    i.adc_external_trigger_config  gd32f30x_adc.o
    0x08001492   0x08001492   0x00000030   Code   RO         1071    i.adc_external_trigger_source_config  gd32f30x_adc.o
    0x080014c2   0x080014c2   0x00000074   Code   RO         1074    i.adc_inserted_channel_config  gd32f30x_adc.o
    0x08001536   0x08001536   0x0000002e   Code   RO         1076    i.adc_inserted_data_read  gd32f30x_adc.o
    0x08001564   0x08001564   0x0000002c   Code   RO         1078    i.adc_interrupt_enable  gd32f30x_adc.o
    0x08001590   0x08001590   0x0000001c   Code   RO         1081    i.adc_mode_config   gd32f30x_adc.o
    0x080015ac   0x080015ac   0x0000001e   Code   RO         1088    i.adc_software_trigger_enable  gd32f30x_adc.o
    0x080015ca   0x080015ca   0x0000005a   Code   RO         1089    i.adc_special_function_config  gd32f30x_adc.o
    0x08001624   0x08001624   0x00000002   Code   RO          950    i.calc_cadence      app_exti.o
    0x08001626   0x08001626   0x00000002   PAD
    0x08001628   0x08001628   0x00000078   Code   RO          835    i.calc_velocity_1_second  ebike.o
    0x080016a0   0x080016a0   0x0000001a   Code   RO          836    i.calculateCRC8     ebike.o
    0x080016ba   0x080016ba   0x00000002   PAD
    0x080016bc   0x080016bc   0x00000064   Code   RO          597    i.controller_msg_process  usart2.o
    0x08001720   0x08001720   0x0000008c   Code   RO          363    i.debug_init        debug.o
    0x080017ac   0x080017ac   0x000000bc   Code   RO          364    i.debug_msg_process  debug.o
    0x08001868   0x08001868   0x00000014   Code   RO          286    i.delay_1ms         systick.o
    0x0800187c   0x0800187c   0x00000020   Code   RO          288    i.delay_decrement   systick.o
    0x0800189c   0x0800189c   0x0000000c   Code   RO          837    i.ebike_process     ebike.o
    0x080018a8   0x080018a8   0x00000050   Code   RO          838    i.ebike_read_sample  ebike.o
    0x080018f8   0x080018f8   0x00000028   Code   RO          918    i.enzyme_motor_init  bldc.o
    0x08001920   0x08001920   0x000000b8   Code   RO         2384    i.exti_init         gd32f30x_exti.o
    0x080019d8   0x080019d8   0x0000000c   Code   RO         2387    i.exti_interrupt_flag_clear  gd32f30x_exti.o
    0x080019e4   0x080019e4   0x00000024   Code   RO         2388    i.exti_interrupt_flag_get  gd32f30x_exti.o
    0x08001a08   0x08001a08   0x00000022   Code   RO         2467    i.fmc_bank0_ready_wait  gd32f30x_fmc.o
    0x08001a2a   0x08001a2a   0x00000002   PAD
    0x08001a2c   0x08001a2c   0x00000030   Code   RO         2468    i.fmc_bank0_state_get  gd32f30x_fmc.o
    0x08001a5c   0x08001a5c   0x00000022   Code   RO         2472    i.fmc_bank1_ready_wait  gd32f30x_fmc.o
    0x08001a7e   0x08001a7e   0x00000002   PAD
    0x08001a80   0x08001a80   0x00000030   Code   RO         2473    i.fmc_bank1_state_get  gd32f30x_fmc.o
    0x08001ab0   0x08001ab0   0x000000f8   Code   RO          400    i.fmc_data_program  flash.o
    0x08001ba8   0x08001ba8   0x00000038   Code   RO          401    i.fmc_data_read     flash.o
    0x08001be0   0x08001be0   0x00000030   Code   RO          402    i.fmc_erase_pages   flash.o
    0x08001c10   0x08001c10   0x00000020   Code   RO         2475    i.fmc_flag_clear    gd32f30x_fmc.o
    0x08001c30   0x08001c30   0x000000c0   Code   RO         2477    i.fmc_halfword_program  gd32f30x_fmc.o
    0x08001cf0   0x08001cf0   0x0000002c   Code   RO         2482    i.fmc_lock          gd32f30x_fmc.o
    0x08001d1c   0x08001d1c   0x000000ec   Code   RO         2484    i.fmc_page_erase    gd32f30x_fmc.o
    0x08001e08   0x08001e08   0x00000044   Code   RO         2485    i.fmc_unlock        gd32f30x_fmc.o
    0x08001e4c   0x08001e4c   0x00000024   Code   RO          258    i.fputc             main.o
    0x08001e70   0x08001e70   0x00000004   Code   RO         2740    i.gpio_bit_reset    gd32f30x_gpio.o
    0x08001e74   0x08001e74   0x00000004   Code   RO         2741    i.gpio_bit_set      gd32f30x_gpio.o
    0x08001e78   0x08001e78   0x0000000a   Code   RO         2742    i.gpio_bit_write    gd32f30x_gpio.o
    0x08001e82   0x08001e82   0x00000002   PAD
    0x08001e84   0x08001e84   0x00000030   Code   RO          437    i.gpio_config       hard_ware.o
    0x08001eb4   0x08001eb4   0x00000098   Code   RO         2749    i.gpio_exti_source_select  gd32f30x_gpio.o
    0x08001f4c   0x08001f4c   0x000000bc   Code   RO         2750    i.gpio_init         gd32f30x_gpio.o
    0x08002008   0x08002008   0x00000010   Code   RO         2751    i.gpio_input_bit_get  gd32f30x_gpio.o
    0x08002018   0x08002018   0x00000090   Code   RO         2756    i.gpio_pin_remap_config  gd32f30x_gpio.o
    0x080020a8   0x080020a8   0x00000024   Code   RO          438    i.hardware_config   hard_ware.o
    0x080020cc   0x080020cc   0x00000094   Code   RO          839    i.heat_running      ebike.o
    0x08002160   0x08002160   0x00000018   Code   RO         2867    i.i2c_ack_config    gd32f30x_i2c.o
    0x08002178   0x08002178   0x00000140   Code   RO         2869    i.i2c_clock_config  gd32f30x_i2c.o
    0x080022b8   0x080022b8   0x00000054   Code   RO          743    i.i2c_config        oled.o
    0x0800230c   0x0800230c   0x0000000a   Code   RO         2878    i.i2c_enable        gd32f30x_i2c.o
    0x08002316   0x08002316   0x0000000c   Code   RO          744    i.i2c_init          oled.o
    0x08002322   0x08002322   0x0000001c   Code   RO         2886    i.i2c_mode_addr_config  gd32f30x_i2c.o
    0x0800233e   0x0800233e   0x00000002   PAD
    0x08002340   0x08002340   0x00000020   Code   RO          951    i.joggle_delay      app_exti.o
    0x08002360   0x08002360   0x00000068   Code   RO          482    i.key_init          key.o
    0x080023c8   0x080023c8   0x00000060   Code   RO          483    i.key_process       key.o
    0x08002428   0x08002428   0x00000060   Code   RO          484    i.key_read          key.o
    0x08002488   0x08002488   0x00000022   Code   RO          485    i.key_read_debouncing  key.o
    0x080024aa   0x080024aa   0x00000002   PAD
    0x080024ac   0x080024ac   0x00000038   Code   RO          523    i.led_init          led.o
    0x080024e4   0x080024e4   0x00000040   Code   RO          524    i.led_off           led.o
    0x08002524   0x08002524   0x00000020   Code   RO          526    i.led_toggle        led.o
    0x08002544   0x08002544   0x00000048   Code   RO          952    i.luobei_exti_init  app_exti.o
    0x0800258c   0x0800258c   0x00000028   Code   RO          919    i.luobei_motor_init  bldc.o
    0x080025b4   0x080025b4   0x00000184   Code   RO          259    i.main              main.o
    0x08002738   0x08002738   0x0000002e   Code   RO          840    i.motor_sent_control  ebike.o
    0x08002766   0x08002766   0x0000002e   Code   RO          841    i.motor_sent_set    ebike.o
    0x08002794   0x08002794   0x00000020   Code   RO          439    i.nvic_config       hard_ware.o
    0x080027b4   0x080027b4   0x000000c4   Code   RO         3068    i.nvic_irq_enable   gd32f30x_misc.o
    0x08002878   0x08002878   0x00000014   Code   RO         3069    i.nvic_priority_group_set  gd32f30x_misc.o
    0x0800288c   0x0800288c   0x00000040   Code   RO          748    i.oled_io_init      oled.o
    0x080028cc   0x080028cc   0x000000e4   Code   RO          561    i.periodTask_1ms    timeflag.o
    0x080029b0   0x080029b0   0x0000004c   Code   RO          953    i.position1_exit_init  app_exti.o
    0x080029fc   0x080029fc   0x0000004c   Code   RO          954    i.position2_exit_init  app_exti.o
    0x08002a48   0x08002a48   0x0000004c   Code   RO          955    i.position3_exit_init  app_exti.o
    0x08002a94   0x08002a94   0x00000048   Code   RO          956    i.protect_exit_init  app_exti.o
    0x08002adc   0x08002adc   0x0000006c   Code   RO         3258    i.rcu_adc_clock_config  gd32f30x_rcu.o
    0x08002b48   0x08002b48   0x00000158   Code   RO         3267    i.rcu_clock_freq_get  gd32f30x_rcu.o
    0x08002ca0   0x08002ca0   0x0000003a   Code   RO          440    i.rcu_config        hard_ware.o
    0x08002cda   0x08002cda   0x00000002   PAD
    0x08002cdc   0x08002cdc   0x00000020   Code   RO         3285    i.rcu_periph_clock_enable  gd32f30x_rcu.o
    0x08002cfc   0x08002cfc   0x00000020   Code   RO         3288    i.rcu_periph_reset_disable  gd32f30x_rcu.o
    0x08002d1c   0x08002d1c   0x00000020   Code   RO         3289    i.rcu_periph_reset_enable  gd32f30x_rcu.o
    0x08002d3c   0x08002d3c   0x000000fc   Code   RO         1021    i.system_clock_120m_irc8m  system_gd32f30x.o
    0x08002e38   0x08002e38   0x00000008   Code   RO         1022    i.system_clock_config  system_gd32f30x.o
    0x08002e40   0x08002e40   0x00000050   Code   RO          289    i.systick_config    systick.o
    0x08002e90   0x08002e90   0x00000094   Code   RO          441    i.timer7_config     hard_ware.o
    0x08002f24   0x08002f24   0x0000000a   Code   RO         4143    i.timer_auto_reload_shadow_enable  gd32f30x_timer.o
    0x08002f2e   0x08002f2e   0x00000002   PAD
    0x08002f30   0x08002f30   0x000001ec   Code   RO         4160    i.timer_channel_output_config  gd32f30x_timer.o
    0x0800311c   0x0800311c   0x0000005a   Code   RO         4162    i.timer_channel_output_mode_config  gd32f30x_timer.o
    0x08003176   0x08003176   0x00000026   Code   RO         4164    i.timer_channel_output_pulse_value_config  gd32f30x_timer.o
    0x0800319c   0x0800319c   0x0000005a   Code   RO         4165    i.timer_channel_output_shadow_config  gd32f30x_timer.o
    0x080031f6   0x080031f6   0x00000002   PAD
    0x080031f8   0x080031f8   0x000000dc   Code   RO         4173    i.timer_deinit      gd32f30x_timer.o
    0x080032d4   0x080032d4   0x0000000a   Code   RO         4178    i.timer_enable      gd32f30x_timer.o
    0x080032de   0x080032de   0x00000002   PAD
    0x080032e0   0x080032e0   0x00000098   Code   RO         4188    i.timer_init        gd32f30x_timer.o
    0x08003378   0x08003378   0x00000018   Code   RO         4203    i.timer_primary_output_config  gd32f30x_timer.o
    0x08003390   0x08003390   0x000000c4   Code   RO          842    i.torque_value_calibration  ebike.o
    0x08003454   0x08003454   0x00000010   Code   RO          957    i.trige_count       app_exti.o
    0x08003464   0x08003464   0x00000030   Code   RO          598    i.usart2_data_transfer  usart2.o
    0x08003494   0x08003494   0x000000a4   Code   RO          599    i.usart2_init       usart2.o
    0x08003538   0x08003538   0x00000090   Code   RO         4583    i.usart_baudrate_set  gd32f30x_usart.o
    0x080035c8   0x080035c8   0x0000000a   Code   RO         4586    i.usart_data_receive  gd32f30x_usart.o
    0x080035d2   0x080035d2   0x00000008   Code   RO         4587    i.usart_data_transmit  gd32f30x_usart.o
    0x080035da   0x080035da   0x00000002   PAD
    0x080035dc   0x080035dc   0x00000090   Code   RO         4588    i.usart_deinit      gd32f30x_usart.o
    0x0800366c   0x0800366c   0x0000000a   Code   RO         4592    i.usart_enable      gd32f30x_usart.o
    0x08003676   0x08003676   0x0000001a   Code   RO         4593    i.usart_flag_clear  gd32f30x_usart.o
    0x08003690   0x08003690   0x0000001e   Code   RO         4594    i.usart_flag_get    gd32f30x_usart.o
    0x080036ae   0x080036ae   0x00000010   Code   RO         4598    i.usart_hardware_flow_cts_config  gd32f30x_usart.o
    0x080036be   0x080036be   0x00000010   Code   RO         4599    i.usart_hardware_flow_rts_config  gd32f30x_usart.o
    0x080036ce   0x080036ce   0x0000001a   Code   RO         4601    i.usart_interrupt_enable  gd32f30x_usart.o
    0x080036e8   0x080036e8   0x00000038   Code   RO         4603    i.usart_interrupt_flag_get  gd32f30x_usart.o
    0x08003720   0x08003720   0x00000010   Code   RO         4614    i.usart_parity_config  gd32f30x_usart.o
    0x08003730   0x08003730   0x00000010   Code   RO         4616    i.usart_receive_config  gd32f30x_usart.o
    0x08003740   0x08003740   0x00000010   Code   RO         4626    i.usart_stop_bit_set  gd32f30x_usart.o
    0x08003750   0x08003750   0x00000010   Code   RO         4630    i.usart_transmit_config  gd32f30x_usart.o
    0x08003760   0x08003760   0x00000010   Code   RO         4631    i.usart_word_length_set  gd32f30x_usart.o
    0x08003770   0x08003770   0x0000003c   Code   RO          643    i.utils_sample_init  utils.o
    0x080037ac   0x080037ac   0x0000004c   Code   RO          843    i.velocity_exti_init  ebike.o
    0x080037f8   0x080037f8   0x00000028   Code   RO          920    i.water_motor_init  bldc.o
    0x08003820   0x08003820   0x00000044   Code   RO          335    i.work_loop         global.o
    0x08003864   0x08003864   0x00000020   Data   RO         5275    Region$$Table       anon$$obj.o


    Execution Region RW_IRAM1 (Exec base: 0x20000000, Load base: 0x08003884, Size: 0x000005f0, Max: 0x0000c000, ABSOLUTE)

    Exec Addr    Load Addr    Size         Type   Attr      Idx    E Section Name        Object

    0x20000000   0x08003884   0x00000005   Data   RW          290    .data               systick.o
    0x20000005   0x08003889   0x00000003   PAD
    0x20000008   0x0800388c   0x00000028   Data   RW          337    .data               global.o
    0x20000030   0x080038b4   0x0000000a   Data   RW          365    .data               debug.o
    0x2000003a   0x080038be   0x00000002   PAD
    0x2000003c   0x080038c0   0x0000000c   Data   RW          404    .data               flash.o
    0x20000048   0x080038cc   0x00000015   Data   RW          562    .data               timeflag.o
    0x2000005d   0x080038e1   0x00000001   PAD
    0x2000005e   0x080038e2   0x00000013   Data   RW          600    .data               usart2.o
    0x20000071   0x080038f5   0x00000003   PAD
    0x20000074   0x080038f8   0x00000010   Data   RW          844    .data               ebike.o
    0x20000084   0x08003908   0x00000008   Data   RW          958    .data               app_exti.o
    0x2000008c   0x08003910   0x00000004   Data   RW         1023    .data               system_gd32f30x.o
    0x20000090   0x08003914   0x00000004   Data   RW         5251    .data               mc_w.l(stdout.o)
    0x20000094        -       0x00000018   Zero   RW          403    .bss                flash.o
    0x200000ac        -       0x00000140   Zero   RW          649    .bss                utils.o
    0x200001ec   0x08003918   0x00000004   PAD
    0x200001f0        -       0x00000400   Zero   RW         4950    STACK               startup_gd32f30x_hd.o


==============================================================================

Image component sizes


      Code (inc. data)   RO Data    RW Data    ZI Data      Debug   Object Name

       422         38          0          8          0       4366   app_exti.o
       120         12          0          0          0       1475   bldc.o
       328        108          0         10          0       1792   debug.o
       750        152          0         16          0       5952   ebike.o
       352         54          0         12         24       2536   flash.o
       616          6          0          0          0       8393   gd32f30x_adc.o
       232         16          0          0          0       2086   gd32f30x_exti.o
       736         66          0          0          0       5931   gd32f30x_fmc.o
       518         12          0          0          0       5172   gd32f30x_gpio.o
       382         14          0          0          0       3100   gd32f30x_i2c.o
       492         74          0          0          0      81447   gd32f30x_it.o
       216         20          0          0          0       1500   gd32f30x_misc.o
       548         68          0          0          0       3795   gd32f30x_rcu.o
      1126         48          0          0          0       6859   gd32f30x_timer.o
       566         16          0          0          0      10806   gd32f30x_usart.o
        68         28          0         40          0       4328   global.o
       418         22          0          0          0       3038   hard_ware.o
       330         46          0          0          0       2169   key.o
       152         10          0          0          0       1582   led.o
       424        108          0          0          0       1263   main.o
       160         18          0          0          0       1426   oled.o
        36          8        304          0       1024        888   startup_gd32f30x_hd.o
       372         28          0          4          0       2643   system_gd32f30x.o
       172         26          0          5          0      28906   systick.o
       228         48          0         21          0       1265   timeflag.o
       312         70          0         19          0       2512   usart2.o
        60         12          0          0        320       1484   utils.o

    ----------------------------------------------------------------------
     10164       1128        336        144       1372     196714   Object Totals
         0          0         32          0          0          0   (incl. Generated)
        28          0          0          9          4          0   (incl. Padding)

    ----------------------------------------------------------------------

      Code (inc. data)   RO Data    RW Data    ZI Data      Debug   Library Member Name

         0          0          0          0          0          0   entry.o
         0          0          0          0          0          0   entry10a.o
         0          0          0          0          0          0   entry11a.o
         8          4          0          0          0          0   entry2.o
         4          0          0          0          0          0   entry5.o
         0          0          0          0          0          0   entry7b.o
         0          0          0          0          0          0   entry8b.o
         8          4          0          0          0          0   entry9a.o
        30          0          0          0          0          0   handlers.o
        36          8          0          0          0         68   init.o
         0          0          0          0          0          0   iusefp.o
        30          0          0          0          0         68   llshl.o
        36          0          0          0          0         68   llsshr.o
        32          0          0          0          0         68   llushr.o
        36          0          0          0          0         68   memcpya.o
      2258         90          0          0          0        452   printfa.o
         0          0          0          4          0          0   stdout.o
        44          0          0          0          0         80   uidiv.o
        98          0          0          0          0         92   uldiv.o
        48          0          0          0          0         68   cdcmple.o
        48          0          0          0          0         68   cdrcmple.o
        56          0          0          0          0         88   d2f.o
       334          0          0          0          0        148   dadd.o
       222          0          0          0          0        100   ddiv.o
       186          0          0          0          0        176   depilogue.o
        48          0          0          0          0         68   dfixul.o
        26          0          0          0          0         76   dfltui.o
       228          0          0          0          0         96   dmul.o
        38          0          0          0          0         68   f2d.o
       110          0          0          0          0        168   fepilogue.o

    ----------------------------------------------------------------------
      3968        106          0          4          0       2088   Library Totals
         4          0          0          0          0          0   (incl. Padding)

    ----------------------------------------------------------------------

      Code (inc. data)   RO Data    RW Data    ZI Data      Debug   Library Name

      2620        106          0          4          0        964   mc_w.l
      1344          0          0          0          0       1124   mf_w.l

    ----------------------------------------------------------------------
      3968        106          0          4          0       2088   Library Totals

    ----------------------------------------------------------------------

==============================================================================


      Code (inc. data)   RO Data    RW Data    ZI Data      Debug   

     14132       1234        336        148       1372     184866   Grand Totals
     14132       1234        336        148       1372     184866   ELF Image Totals
     14132       1234        336        148          0          0   ROM Totals

==============================================================================

    Total RO  Size (Code + RO Data)                14468 (  14.13kB)
    Total RW  Size (RW Data + ZI Data)              1520 (   1.48kB)
    Total ROM Size (Code + RO Data + RW Data)      14616 (  14.27kB)

==============================================================================

